Archive member included to satisfy reference by file (symbol)

c:/nxp/mcuxpressoide_10.2.0_759/ide/tools/bin/../lib/gcc/arm-none-eabi/7.2.1/../../../../arm-none-eabi/lib/thumb/v7e-m/fpv4-sp/hard\libcr_c.a(fpprintf.o)
                              ./source/controls/controls.o (printf)
c:/nxp/mcuxpressoide_10.2.0_759/ide/tools/bin/../lib/gcc/arm-none-eabi/7.2.1/../../../../arm-none-eabi/lib/thumb/v7e-m/fpv4-sp/hard\libcr_c.a(printf.o)
                              c:/nxp/mcuxpressoide_10.2.0_759/ide/tools/bin/../lib/gcc/arm-none-eabi/7.2.1/../../../../arm-none-eabi/lib/thumb/v7e-m/fpv4-sp/hard\libcr_c.a(fpprintf.o) (__vfprintf)
c:/nxp/mcuxpressoide_10.2.0_759/ide/tools/bin/../lib/gcc/arm-none-eabi/7.2.1/../../../../arm-none-eabi/lib/thumb/v7e-m/fpv4-sp/hard\libcr_c.a(strlen.o)
                              c:/nxp/mcuxpressoide_10.2.0_759/ide/tools/bin/../lib/gcc/arm-none-eabi/7.2.1/../../../../arm-none-eabi/lib/thumb/v7e-m/fpv4-sp/hard\libcr_c.a(printf.o) (strlen)
c:/nxp/mcuxpressoide_10.2.0_759/ide/tools/bin/../lib/gcc/arm-none-eabi/7.2.1/../../../../arm-none-eabi/lib/thumb/v7e-m/fpv4-sp/hard\libcr_c.a(memset.o)
                              c:/nxp/mcuxpressoide_10.2.0_759/ide/tools/bin/../lib/gcc/arm-none-eabi/7.2.1/../../../../arm-none-eabi/lib/thumb/v7e-m/fpv4-sp/hard\libcr_c.a(fpprintf.o) (memset)
c:/nxp/mcuxpressoide_10.2.0_759/ide/tools/bin/../lib/gcc/arm-none-eabi/7.2.1/../../../../arm-none-eabi/lib/thumb/v7e-m/fpv4-sp/hard\libcr_c.a(_deferredlazyseek.o)
                              c:/nxp/mcuxpressoide_10.2.0_759/ide/tools/bin/../lib/gcc/arm-none-eabi/7.2.1/../../../../arm-none-eabi/lib/thumb/v7e-m/fpv4-sp/hard\libcr_c.a(fpprintf.o) (__flsbuf)
c:/nxp/mcuxpressoide_10.2.0_759/ide/tools/bin/../lib/gcc/arm-none-eabi/7.2.1/../../../../arm-none-eabi/lib/thumb/v7e-m/fpv4-sp/hard\libcr_c.a(_fflush.o)
                              c:/nxp/mcuxpressoide_10.2.0_759/ide/tools/bin/../lib/gcc/arm-none-eabi/7.2.1/../../../../arm-none-eabi/lib/thumb/v7e-m/fpv4-sp/hard\libcr_c.a(_deferredlazyseek.o) (_fflush)
c:/nxp/mcuxpressoide_10.2.0_759/ide/tools/bin/../lib/gcc/arm-none-eabi/7.2.1/../../../../arm-none-eabi/lib/thumb/v7e-m/fpv4-sp/hard\libcr_c.a(_frexpl.o)
                              c:/nxp/mcuxpressoide_10.2.0_759/ide/tools/bin/../lib/gcc/arm-none-eabi/7.2.1/../../../../arm-none-eabi/lib/thumb/v7e-m/fpv4-sp/hard\libcr_c.a(fpprintf.o) (_frexpl)
c:/nxp/mcuxpressoide_10.2.0_759/ide/tools/bin/../lib/gcc/arm-none-eabi/7.2.1/../../../../arm-none-eabi/lib/thumb/v7e-m/fpv4-sp/hard\libcr_c.a(_ldexpl.o)
                              c:/nxp/mcuxpressoide_10.2.0_759/ide/tools/bin/../lib/gcc/arm-none-eabi/7.2.1/../../../../arm-none-eabi/lib/thumb/v7e-m/fpv4-sp/hard\libcr_c.a(fpprintf.o) (_ldexpl)
c:/nxp/mcuxpressoide_10.2.0_759/ide/tools/bin/../lib/gcc/arm-none-eabi/7.2.1/../../../../arm-none-eabi/lib/thumb/v7e-m/fpv4-sp/hard\libcr_c.a(_writebuf.o)
                              c:/nxp/mcuxpressoide_10.2.0_759/ide/tools/bin/../lib/gcc/arm-none-eabi/7.2.1/../../../../arm-none-eabi/lib/thumb/v7e-m/fpv4-sp/hard\libcr_c.a(_deferredlazyseek.o) (_Cwritebuf)
c:/nxp/mcuxpressoide_10.2.0_759/ide/tools/bin/../lib/gcc/arm-none-eabi/7.2.1/../../../../arm-none-eabi/lib/thumb/v7e-m/fpv4-sp/hard\libcr_c.a(alloc.o)
                              c:/nxp/mcuxpressoide_10.2.0_759/ide/tools/bin/../lib/gcc/arm-none-eabi/7.2.1/../../../../arm-none-eabi/lib/thumb/v7e-m/fpv4-sp/hard\libcr_c.a(fpprintf.o) (malloc)
c:/nxp/mcuxpressoide_10.2.0_759/ide/tools/bin/../lib/gcc/arm-none-eabi/7.2.1/../../../../arm-none-eabi/lib/thumb/v7e-m/fpv4-sp/hard\libcr_c.a(errno.o)
                              c:/nxp/mcuxpressoide_10.2.0_759/ide/tools/bin/../lib/gcc/arm-none-eabi/7.2.1/../../../../arm-none-eabi/lib/thumb/v7e-m/fpv4-sp/hard\libcr_c.a(_ldexpl.o) (errno)
c:/nxp/mcuxpressoide_10.2.0_759/ide/tools/bin/../lib/gcc/arm-none-eabi/7.2.1/../../../../arm-none-eabi/lib/thumb/v7e-m/fpv4-sp/hard\libcr_c.a(fseek.o)
                              c:/nxp/mcuxpressoide_10.2.0_759/ide/tools/bin/../lib/gcc/arm-none-eabi/7.2.1/../../../../arm-none-eabi/lib/thumb/v7e-m/fpv4-sp/hard\libcr_c.a(_deferredlazyseek.o) (fseek)
c:/nxp/mcuxpressoide_10.2.0_759/ide/tools/bin/../lib/gcc/arm-none-eabi/7.2.1/../../../../arm-none-eabi/lib/thumb/v7e-m/fpv4-sp/hard\libcr_c.a(ftell.o)
                              c:/nxp/mcuxpressoide_10.2.0_759/ide/tools/bin/../lib/gcc/arm-none-eabi/7.2.1/../../../../arm-none-eabi/lib/thumb/v7e-m/fpv4-sp/hard\libcr_c.a(fseek.o) (ftell)
c:/nxp/mcuxpressoide_10.2.0_759/ide/tools/bin/../lib/gcc/arm-none-eabi/7.2.1/../../../../arm-none-eabi/lib/thumb/v7e-m/fpv4-sp/hard\libcr_c.a(memcpy.o)
                              c:/nxp/mcuxpressoide_10.2.0_759/ide/tools/bin/../lib/gcc/arm-none-eabi/7.2.1/../../../../arm-none-eabi/lib/thumb/v7e-m/fpv4-sp/hard\libcr_c.a(alloc.o) (memcpy)
c:/nxp/mcuxpressoide_10.2.0_759/ide/tools/bin/../lib/gcc/arm-none-eabi/7.2.1/../../../../arm-none-eabi/lib/thumb/v7e-m/fpv4-sp/hard\libcr_c.a(__init_alloc.o)
[...]
Memory Configuration

Name             Origin             Length             Attributes
PROGRAM_FLASH    0x00000000         0x00100000         xr
SRAM_UPPER       0x20000000         0x00030000         xrw
SRAM_LOWER       0x1fff0000         0x00010000         xrw
FLEX_RAM         0x14000000         0x00001000         xrw
*default*        0x00000000         0xffffffff

Linker script and memory map

LOAD ./source/model/evQueue.o
LOAD ./source/model/fsm_motor.o
LOAD ./source/model/fsm_states.o
LOAD ./source/controls/buttons.o
LOAD ./source/controls/controls.o
LOAD ./source/MCAL/gpio.o
LOAD ./source/MCAL/systick.o
LOAD ./source/MCAL/timer.o
LOAD ./source/HAL/displayBoard.o
LOAD ./source/HAL/encoder.o
LOAD ./source/App.o
LOAD ./source/viewer.o
LOAD ./SDK/startup/hardware.o
LOAD ./SDK/startup/main.o
LOAD ./SDK/startup/semihost_hardfault.o
LOAD ./SDK/startup/startup_mk64f12.o
LOAD ./SDK/CMSIS/system_MK64F12.o
START GROUP
LOAD c:/nxp/mcuxpressoide_10.2.0_759/ide/tools/bin/../lib/gcc/arm-none-eabi/7.2.1/../../../../arm-none-eabi/lib/thumb/v7e-m/fpv4-sp/hard\libcr_c.a
LOAD c:/nxp/mcuxpressoide_10.2.0_759/ide/tools/bin/../lib/gcc/arm-none-eabi/7.2.1/thumb/v7e-m/fpv4-sp/hard\libcr_eabihelpers.a
END GROUP
                0x00000000                __base_PROGRAM_FLASH = 0x0
                0x00000000                __base_Flash = 0x0
                0x00100000                __top_PROGRAM_FLASH = 0x100000
                0x00100000                __top_Flash = 0x100000
                0x20000000                __base_SRAM_UPPER = 0x20000000
                0x20000000                __base_RAM = 0x20000000
                0x20030000                __top_SRAM_UPPER = 0x20030000
                0x20030000                __top_RAM = 0x20030000
                0x1fff0000                __base_SRAM_LOWER = 0x1fff0000
                0x1fff0000                __base_RAM2 = 0x1fff0000
                0x20000000                __top_SRAM_LOWER = 0x20000000
                0x20000000                __top_RAM2 = 0x20000000
                0x14000000                __base_FLEX_RAM = 0x14000000
                0x14000000                __base_RAM3 = 0x14000000
                0x14001000                __top_FLEX_RAM = 0x14001000
                0x14001000                __top_RAM3 = 0x14001000

.text           0x00000000      0xbb0
 FILL mask 0xff
                0x00000000                __vectors_start__ = ABSOLUTE (.)
 *(SORT_BY_ALIGNMENT(.isr_vector))
 .isr_vector    0x00000000      0x198 ./SDK/startup/startup_mk64f12.o
                0x00000000                g_pfnVectors
                0x00000000                __Vectors
                0x00000198                . = ALIGN (0x4)
                0x00000198                __section_table_start = .
                0x00000198                __data_section_table = .
                0x00000198        0x4 LONG 0xbb0 LOADADDR (.data)
                0x0000019c        0x4 LONG 0x20000000 ADDR (.data)
                0x000001a0        0x4 LONG 0x138 SIZEOF (.data)
                0x000001a4        0x4 LONG 0xbb0 LOADADDR (.data_RAM2)
                0x000001a8        0x4 LONG 0x1fff0000 ADDR (.data_RAM2)
                0x000001ac        0x4 LONG 0x0 SIZEOF (.data_RAM2)
                0x000001b0        0x4 LONG 0xbb0 LOADADDR (.data_RAM3)
                0x000001b4        0x4 LONG 0x14000000 ADDR (.data_RAM3)
                0x000001b8        0x4 LONG 0x0 SIZEOF (.data_RAM3)
                0x000001bc                __data_section_table_end = .
                0x000001bc                __bss_section_table = .
                0x000001bc        0x4 LONG 0x20000138 ADDR (.bss)
                0x000001c0        0x4 LONG 0x2a0 SIZEOF (.bss)
                0x000001c4        0x4 LONG 0x1fff0000 ADDR (.bss_RAM2)
                0x000001c8        0x4 LONG 0x0 SIZEOF (.bss_RAM2)
                0x000001cc        0x4 LONG 0x14000000 ADDR (.bss_RAM3)
                0x000001d0        0x4 LONG 0x0 SIZEOF (.bss_RAM3)
                0x000001d4                __bss_section_table_end = .
                0x000001d4                __section_table_end = .
 *(SORT_BY_ALIGNMENT(.after_vectors*))
 .after_vectors.reset
                0x000001d4       0x4c ./SDK/startup/startup_mk64f12.o
                0x000001d4                ResetISR
 .after_vectors.init_data
                0x00000220       0x1e ./SDK/startup/startup_mk64f12.o
                0x00000220                data_init
 .after_vectors.init_bss
                0x0000023e       0x12 ./SDK/startup/startup_mk64f12.o
                0x0000023e                bss_init
 .after_vectors
                0x00000250       0x14 ./SDK/startup/startup_mk64f12.o
                0x00000250                NMI_Handler
                0x00000254                MemManage_Handler
                0x00000256                BusFault_Handler
                0x00000258                UsageFault_Handler
                0x0000025a                SVC_Handler
                0x0000025c                DebugMon_Handler
                0x0000025e                PendSV_Handler
                0x00000262                DMA_Error_DriverIRQHandler
                0x00000262                LPTMR0_DriverIRQHandler
                0x00000262                FTM1_DriverIRQHandler
                0x00000262                FTM2_DriverIRQHandler
                0x00000262                PIT2_DriverIRQHandler
                0x00000262                SDHC_DriverIRQHandler
                0x00000262                I2S0_Tx_DriverIRQHandler
                0x00000262                RTC_Seconds_DriverIRQHandler
                0x00000262                DMA6_DriverIRQHandler
                0x00000262                LLWU_DriverIRQHandler
                0x00000262                MCM_DriverIRQHandler
                0x00000262                MCG_DriverIRQHandler
                0x00000262                ENET_1588_Timer_DriverIRQHandler
                0x00000262                I2C2_DriverIRQHandler
                0x00000262                DAC1_DriverIRQHandler
                0x00000262                SPI1_DriverIRQHandler
                0x00000262                CMP1_DriverIRQHandler
                0x00000262                UART5_RX_TX_DriverIRQHandler
                0x00000262                FTM0_DriverIRQHandler
                0x00000262                IntDefaultHandler
                0x00000262                USB0_DriverIRQHandler
                0x00000262                UART5_ERR_DriverIRQHandler
                0x00000262                PORTC_DriverIRQHandler
                0x00000262                DMA11_DriverIRQHandler
                0x00000262                DAC0_DriverIRQHandler
                0x00000262                DMA10_DriverIRQHandler
                0x00000262                CMP2_DriverIRQHandler
                0x00000262                UART2_ERR_DriverIRQHandler
                0x00000262                SPI2_DriverIRQHandler
                0x00000262                LVD_LVW_DriverIRQHandler
                0x00000262                PIT0_DriverIRQHandler
                0x00000262                RNG_DriverIRQHandler
                0x00000262                DMA5_DriverIRQHandler
                0x00000262                DMA12_DriverIRQHandler
                0x00000262                UART2_RX_TX_DriverIRQHandler
                0x00000262                USBDCD_DriverIRQHandler
                0x00000262                UART3_ERR_DriverIRQHandler
                0x00000262                DMA3_DriverIRQHandler
                0x00000262                DMA8_DriverIRQHandler
                0x00000262                DMA9_DriverIRQHandler
                0x00000262                UART0_ERR_DriverIRQHandler
                0x00000262                CMT_DriverIRQHandler
                0x00000262                Reserved71_DriverIRQHandler
                0x00000262                ADC1_DriverIRQHandler
                0x00000262                PORTA_DriverIRQHandler
                0x00000262                DMA14_DriverIRQHandler
                0x00000262                PIT3_DriverIRQHandler
                0x00000262                PIT1_DriverIRQHandler
                0x00000262                WDOG_EWM_DriverIRQHandler
                0x00000262                PDB0_DriverIRQHandler
                0x00000262                RTC_DriverIRQHandler
                0x00000262                I2S0_Rx_DriverIRQHandler
                0x00000262                Read_Collision_DriverIRQHandler
                0x00000262                SWI_DriverIRQHandler
                0x00000262                UART4_RX_TX_DriverIRQHandler
                0x00000262                UART4_ERR_DriverIRQHandler
                0x00000262                PORTB_DriverIRQHandler
                0x00000262                UART0_LON_DriverIRQHandler
                0x00000262                DMA0_DriverIRQHandler
                0x00000262                DMA1_DriverIRQHandler
                0x00000262                I2C1_DriverIRQHandler
                0x00000262                UART3_RX_TX_DriverIRQHandler
                0x00000262                ENET_Receive_DriverIRQHandler
                0x00000262                DMA13_DriverIRQHandler
                0x00000262                ENET_Error_DriverIRQHandler
                0x00000262                DMA15_DriverIRQHandler
                0x00000262                UART0_RX_TX_DriverIRQHandler
                0x00000262                SPI0_DriverIRQHandler
                0x00000262                ADC0_DriverIRQHandler
                0x00000262                CMP0_DriverIRQHandler
                0x00000262                CAN0_DriverIRQHandler
                0x00000262                FTM3_DriverIRQHandler
                0x00000262                DMA4_DriverIRQHandler
                0x00000262                UART1_ERR_DriverIRQHandler
                0x00000262                DMA2_DriverIRQHandler
                0x00000262                ENET_Transmit_DriverIRQHandler
                0x00000262                PORTD_DriverIRQHandler
                0x00000262                PORTE_DriverIRQHandler
                0x00000262                FTFE_DriverIRQHandler
                0x00000262                I2C0_DriverIRQHandler
                0x00000262                DMA7_DriverIRQHandler
                0x00000262                UART1_RX_TX_DriverIRQHandler
                0x00000400                . = 0x400
 *fill*         0x00000264      0x19c ff
                0x00000400                PROVIDE (__FLASH_CONFIG_START__, .)
 *(SORT_BY_ALIGNMENT(.FlashConfig))
 .FlashConfig   0x00000400       0x10 ./SDK/startup/startup_mk64f12.o
                0x00000400                Flash_Config
                0x00000410                PROVIDE (__FLASH_CONFIG_END__, .)
                0x00000001                ASSERT (! ((__FLASH_CONFIG_START__ == __FLASH_CONFIG_END__)), Linker Flash Config Support Enabled, but no .FlashConfig section provided within application)
 *(SORT_BY_ALIGNMENT(.text*))
 .text.evQueueAvailable
                0x00000410       0x28 ./source/model/evQueue.o
                0x00000410                evQueueAvailable
 .text.evQueueGetNext
                0x00000438       0x54 ./source/model/evQueue.o
                0x00000438                evQueueGetNext
 .text.FSM_start
                0x0000048c       0x1c ./source/model/fsm_states.o
                0x0000048c                FSM_start
 .text.FSM_getState
                0x000004a8       0x18 ./source/model/fsm_states.o
                0x000004a8                FSM_getState
 .text.FSM_setNewState
                0x000004c0       0x20 ./source/model/fsm_states.o
                0x000004c0                FSM_setNewState
 .text.volume_increase
                0x000004e0       0x28 ./source/model/fsm_states.o
                0x000004e0                volume_increase
 .text.volume_decrease
                0x00000508       0x28 ./source/model/fsm_states.o
                0x00000508                volume_decrease
 .text.portsCallbacksHandler
                0x00000530       0x88 ./source/MCAL/gpio.o
                0x00000530                portsCallbacksHandler
 .text.SysTick_Handler
                0x000005b8       0x24 ./source/MCAL/systick.o
                0x000005b8                SysTick_Handler
 .text.hw_Init  0x000005dc      0x10c ./SDK/startup/hardware.o
                0x000005dc                hw_Init
 .text.hw_EnableInterrupts
                0x000006e8       0x30 ./SDK/startup/hardware.o
                0x000006e8                hw_EnableInterrupts
 .text.hw_DisableInterrupts
                0x00000718       0x20 ./SDK/startup/hardware.o
                0x00000718                hw_DisableInterrupts
 .text.SystemInit
                0x00000738       0x3c ./SDK/CMSIS/system_MK64F12.o
                0x00000738                SystemInit
 .text.fsm      0x00000774       0x3a ./source/model/fsm_motor.o
                0x00000774                fsm
 .text.music_play
                0x000007ae        0xe ./source/model/fsm_states.o
                0x000007ae                music_play
 .text.music_stop
                0x000007bc        0xe ./source/model/fsm_states.o
                0x000007bc                music_stop
 .text.music_pause
                0x000007ca        0xe ./source/model/fsm_states.o
                0x000007ca                music_pause
 .text.music_next
                0x000007d8        0xc ./source/model/fsm_states.o
                0x000007d8                music_next
 .text.music_prev
                0x000007e4        0xc ./source/model/fsm_states.o
                0x000007e4                music_prev
 .text.no_action
                0x000007f0        0xe ./source/model/fsm_states.o
                0x000007f0                no_action
 .text.PORTA_IRQHandler
                0x000007fe       0x1e ./source/MCAL/gpio.o
                0x000007fe                PORTA_IRQHandler
 .text.PORTB_IRQHandler
                0x0000081c       0x1e ./source/MCAL/gpio.o
                0x0000081c                PORTB_IRQHandler
 .text.PORTC_IRQHandler
                0x0000083a       0x1e ./source/MCAL/gpio.o
                0x0000083a                PORTC_IRQHandler
 .text.PORTD_IRQHandler
                0x00000858       0x1e ./source/MCAL/gpio.o
                0x00000858                PORTD_IRQHandler
 .text.PORTE_IRQHandler
                0x00000876       0x1e ./source/MCAL/gpio.o
                0x00000876                PORTE_IRQHandler
 .text.App_Init
                0x00000894        0xc ./source/App.o
                0x00000894                App_Init
 .text.App_Run  0x000008a0       0x2e ./source/App.o
                0x000008a0                App_Run
 .text.main     0x000008ce       0x1a ./SDK/startup/main.o
                0x000008ce                main
 .text.HardFault_Handler
                0x000008e8       0x2c ./SDK/startup/semihost_hardfault.o
                0x000008e8                HardFault_Handler
 .text.DMA0_IRQHandler
                0x00000914        0x8 ./SDK/startup/startup_mk64f12.o
                0x00000914                DMA0_IRQHandler
 .text.DMA1_IRQHandler
                0x0000091c        0x8 ./SDK/startup/startup_mk64f12.o
                0x0000091c                DMA1_IRQHandler
 .text.DMA2_IRQHandler
                0x00000924        0x8 ./SDK/startup/startup_mk64f12.o
                0x00000924                DMA2_IRQHandler
 .text.DMA3_IRQHandler
                0x0000092c        0x8 ./SDK/startup/startup_mk64f12.o
                0x0000092c                DMA3_IRQHandler
 .text.DMA4_IRQHandler
                0x00000934        0x8 ./SDK/startup/startup_mk64f12.o
                0x00000934                DMA4_IRQHandler
 .text.DMA5_IRQHandler
                0x0000093c        0x8 ./SDK/startup/startup_mk64f12.o
                0x0000093c                DMA5_IRQHandler
 .text.DMA6_IRQHandler
                0x00000944        0x8 ./SDK/startup/startup_mk64f12.o
                0x00000944                DMA6_IRQHandler
 .text.DMA7_IRQHandler
                0x0000094c        0x8 ./SDK/startup/startup_mk64f12.o
                0x0000094c                DMA7_IRQHandler
 .text.DMA8_IRQHandler
                0x00000954        0x8 ./SDK/startup/startup_mk64f12.o
                0x00000954                DMA8_IRQHandler
 .text.DMA9_IRQHandler
                0x0000095c        0x8 ./SDK/startup/startup_mk64f12.o
                0x0000095c                DMA9_IRQHandler
 .text.DMA10_IRQHandler
                0x00000964        0x8 ./SDK/startup/startup_mk64f12.o
                0x00000964                DMA10_IRQHandler
 .text.DMA11_IRQHandler
                0x0000096c        0x8 ./SDK/startup/startup_mk64f12.o
                0x0000096c                DMA11_IRQHandler
 .text.DMA12_IRQHandler
                0x00000974        0x8 ./SDK/startup/startup_mk64f12.o
                0x00000974                DMA12_IRQHandler
 .text.DMA13_IRQHandler
                0x0000097c        0x8 ./SDK/startup/startup_mk64f12.o
                0x0000097c                DMA13_IRQHandler
 .text.DMA14_IRQHandler
                0x00000984        0x8 ./SDK/startup/startup_mk64f12.o
                0x00000984                DMA14_IRQHandler
 .text.DMA15_IRQHandler
                0x0000098c        0x8 ./SDK/startup/startup_mk64f12.o
                0x0000098c                DMA15_IRQHandler
 .text.DMA_Error_IRQHandler
                0x00000994        0x8 ./SDK/startup/startup_mk64f12.o
                0x00000994                DMA_Error_IRQHandler
 .text.MCM_IRQHandler
                0x0000099c        0x8 ./SDK/startup/startup_mk64f12.o
                0x0000099c                MCM_IRQHandler
 .text.FTFE_IRQHandler
                0x000009a4        0x8 ./SDK/startup/startup_mk64f12.o
                0x000009a4                FTFE_IRQHandler
 .text.Read_Collision_IRQHandler
                0x000009ac        0x8 ./SDK/startup/startup_mk64f12.o
                0x000009ac                Read_Collision_IRQHandler
 .text.LVD_LVW_IRQHandler
                0x000009b4        0x8 ./SDK/startup/startup_mk64f12.o
                0x000009b4                LVD_LVW_IRQHandler
 .text.LLWU_IRQHandler
                0x000009bc        0x8 ./SDK/startup/startup_mk64f12.o
                0x000009bc                LLWU_IRQHandler
 .text.WDOG_EWM_IRQHandler
                0x000009c4        0x8 ./SDK/startup/startup_mk64f12.o
                0x000009c4                WDOG_EWM_IRQHandler
 .text.RNG_IRQHandler
                0x000009cc        0x8 ./SDK/startup/startup_mk64f12.o
                0x000009cc                RNG_IRQHandler
 .text.I2C0_IRQHandler
                0x000009d4        0x8 ./SDK/startup/startup_mk64f12.o
                0x000009d4                I2C0_IRQHandler
 .text.I2C1_IRQHandler
                0x000009dc        0x8 ./SDK/startup/startup_mk64f12.o
                0x000009dc                I2C1_IRQHandler
 .text.SPI0_IRQHandler
                0x000009e4        0x8 ./SDK/startup/startup_mk64f12.o
                0x000009e4                SPI0_IRQHandler
 .text.SPI1_IRQHandler
                0x000009ec        0x8 ./SDK/startup/startup_mk64f12.o
                0x000009ec                SPI1_IRQHandler
 .text.I2S0_Tx_IRQHandler
                0x000009f4        0x8 ./SDK/startup/startup_mk64f12.o
                0x000009f4                I2S0_Tx_IRQHandler
 .text.I2S0_Rx_IRQHandler
                0x000009fc        0x8 ./SDK/startup/startup_mk64f12.o
                0x000009fc                I2S0_Rx_IRQHandler
 .text.UART0_LON_IRQHandler
                0x00000a04        0x8 ./SDK/startup/startup_mk64f12.o
                0x00000a04                UART0_LON_IRQHandler
 .text.UART0_RX_TX_IRQHandler
                0x00000a0c        0x8 ./SDK/startup/startup_mk64f12.o
                0x00000a0c                UART0_RX_TX_IRQHandler
 .text.UART0_ERR_IRQHandler
                0x00000a14        0x8 ./SDK/startup/startup_mk64f12.o
                0x00000a14                UART0_ERR_IRQHandler
 .text.UART1_RX_TX_IRQHandler
                0x00000a1c        0x8 ./SDK/startup/startup_mk64f12.o
                0x00000a1c                UART1_RX_TX_IRQHandler
 .text.UART1_ERR_IRQHandler
                0x00000a24        0x8 ./SDK/startup/startup_mk64f12.o
                0x00000a24                UART1_ERR_IRQHandler
 .text.UART2_RX_TX_IRQHandler
                0x00000a2c        0x8 ./SDK/startup/startup_mk64f12.o
                0x00000a2c                UART2_RX_TX_IRQHandler
 .text.UART2_ERR_IRQHandler
                0x00000a34        0x8 ./SDK/startup/startup_mk64f12.o
                0x00000a34                UART2_ERR_IRQHandler
 .text.UART3_RX_TX_IRQHandler
                0x00000a3c        0x8 ./SDK/startup/startup_mk64f12.o
                0x00000a3c                UART3_RX_TX_IRQHandler
 .text.UART3_ERR_IRQHandler
                0x00000a44        0x8 ./SDK/startup/startup_mk64f12.o
                0x00000a44                UART3_ERR_IRQHandler
 .text.ADC0_IRQHandler
                0x00000a4c        0x8 ./SDK/startup/startup_mk64f12.o
                0x00000a4c                ADC0_IRQHandler
 .text.CMP0_IRQHandler
                0x00000a54        0x8 ./SDK/startup/startup_mk64f12.o
                0x00000a54                CMP0_IRQHandler
 .text.CMP1_IRQHandler
                0x00000a5c        0x8 ./SDK/startup/startup_mk64f12.o
                0x00000a5c                CMP1_IRQHandler
 .text.FTM0_IRQHandler
                0x00000a64        0x8 ./SDK/startup/startup_mk64f12.o
                0x00000a64                FTM0_IRQHandler
 .text.FTM1_IRQHandler
                0x00000a6c        0x8 ./SDK/startup/startup_mk64f12.o
                0x00000a6c                FTM1_IRQHandler
 .text.FTM2_IRQHandler
                0x00000a74        0x8 ./SDK/startup/startup_mk64f12.o
                0x00000a74                FTM2_IRQHandler
 .text.CMT_IRQHandler
                0x00000a7c        0x8 ./SDK/startup/startup_mk64f12.o
                0x00000a7c                CMT_IRQHandler
 .text.RTC_IRQHandler
                0x00000a84        0x8 ./SDK/startup/startup_mk64f12.o
                0x00000a84                RTC_IRQHandler
 .text.RTC_Seconds_IRQHandler
                0x00000a8c        0x8 ./SDK/startup/startup_mk64f12.o
                0x00000a8c                RTC_Seconds_IRQHandler
 .text.PIT0_IRQHandler
                0x00000a94        0x8 ./SDK/startup/startup_mk64f12.o
                0x00000a94                PIT0_IRQHandler
 .text.PIT1_IRQHandler
                0x00000a9c        0x8 ./SDK/startup/startup_mk64f12.o
                0x00000a9c                PIT1_IRQHandler
 .text.PIT2_IRQHandler
                0x00000aa4        0x8 ./SDK/startup/startup_mk64f12.o
                0x00000aa4                PIT2_IRQHandler
 .text.PIT3_IRQHandler
                0x00000aac        0x8 ./SDK/startup/startup_mk64f12.o
                0x00000aac                PIT3_IRQHandler
 .text.PDB0_IRQHandler
                0x00000ab4        0x8 ./SDK/startup/startup_mk64f12.o
                0x00000ab4                PDB0_IRQHandler
 .text.USB0_IRQHandler
                0x00000abc        0x8 ./SDK/startup/startup_mk64f12.o
                0x00000abc                USB0_IRQHandler
 .text.USBDCD_IRQHandler
                0x00000ac4        0x8 ./SDK/startup/startup_mk64f12.o
                0x00000ac4                USBDCD_IRQHandler
 .text.Reserved71_IRQHandler
                0x00000acc        0x8 ./SDK/startup/startup_mk64f12.o
                0x00000acc                Reserved71_IRQHandler
 .text.DAC0_IRQHandler
                0x00000ad4        0x8 ./SDK/startup/startup_mk64f12.o
                0x00000ad4                DAC0_IRQHandler
 .text.MCG_IRQHandler
                0x00000adc        0x8 ./SDK/startup/startup_mk64f12.o
                0x00000adc                MCG_IRQHandler
 .text.LPTMR0_IRQHandler
                0x00000ae4        0x8 ./SDK/startup/startup_mk64f12.o
                0x00000ae4                LPTMR0_IRQHandler
 .text.SWI_IRQHandler
                0x00000aec        0x8 ./SDK/startup/startup_mk64f12.o
                0x00000aec                SWI_IRQHandler
 .text.SPI2_IRQHandler
                0x00000af4        0x8 ./SDK/startup/startup_mk64f12.o
                0x00000af4                SPI2_IRQHandler
 .text.UART4_RX_TX_IRQHandler
                0x00000afc        0x8 ./SDK/startup/startup_mk64f12.o
                0x00000afc                UART4_RX_TX_IRQHandler
 .text.UART4_ERR_IRQHandler
                0x00000b04        0x8 ./SDK/startup/startup_mk64f12.o
                0x00000b04                UART4_ERR_IRQHandler
 .text.UART5_RX_TX_IRQHandler
                0x00000b0c        0x8 ./SDK/startup/startup_mk64f12.o
                0x00000b0c                UART5_RX_TX_IRQHandler
 .text.UART5_ERR_IRQHandler
                0x00000b14        0x8 ./SDK/startup/startup_mk64f12.o
                0x00000b14                UART5_ERR_IRQHandler
 .text.CMP2_IRQHandler
                0x00000b1c        0x8 ./SDK/startup/startup_mk64f12.o
                0x00000b1c                CMP2_IRQHandler
 .text.FTM3_IRQHandler
                0x00000b24        0x8 ./SDK/startup/startup_mk64f12.o
                0x00000b24                FTM3_IRQHandler
 .text.DAC1_IRQHandler
                0x00000b2c        0x8 ./SDK/startup/startup_mk64f12.o
                0x00000b2c                DAC1_IRQHandler
 .text.ADC1_IRQHandler
                0x00000b34        0x8 ./SDK/startup/startup_mk64f12.o
                0x00000b34                ADC1_IRQHandler
 .text.I2C2_IRQHandler
                0x00000b3c        0x8 ./SDK/startup/startup_mk64f12.o
                0x00000b3c                I2C2_IRQHandler
 .text.CAN0_ORed_Message_buffer_IRQHandler
                0x00000b44        0x8 ./SDK/startup/startup_mk64f12.o
                0x00000b44                CAN0_ORed_Message_buffer_IRQHandler
 .text.CAN0_Bus_Off_IRQHandler
                0x00000b4c        0x8 ./SDK/startup/startup_mk64f12.o
                0x00000b4c                CAN0_Bus_Off_IRQHandler
 .text.CAN0_Error_IRQHandler
                0x00000b54        0x8 ./SDK/startup/startup_mk64f12.o
                0x00000b54                CAN0_Error_IRQHandler
 .text.CAN0_Tx_Warning_IRQHandler
                0x00000b5c        0x8 ./SDK/startup/startup_mk64f12.o
                0x00000b5c                CAN0_Tx_Warning_IRQHandler
 .text.CAN0_Rx_Warning_IRQHandler
                0x00000b64        0x8 ./SDK/startup/startup_mk64f12.o
                0x00000b64                CAN0_Rx_Warning_IRQHandler
 .text.CAN0_Wake_Up_IRQHandler
                0x00000b6c        0x8 ./SDK/startup/startup_mk64f12.o
                0x00000b6c                CAN0_Wake_Up_IRQHandler
 .text.SDHC_IRQHandler
                0x00000b74        0x8 ./SDK/startup/startup_mk64f12.o
                0x00000b74                SDHC_IRQHandler
 .text.ENET_1588_Timer_IRQHandler
                0x00000b7c        0x8 ./SDK/startup/startup_mk64f12.o
                0x00000b7c                ENET_1588_Timer_IRQHandler
 .text.ENET_Transmit_IRQHandler
                0x00000b84        0x8 ./SDK/startup/startup_mk64f12.o
                0x00000b84                ENET_Transmit_IRQHandler
 .text.ENET_Receive_IRQHandler
                0x00000b8c        0x8 ./SDK/startup/startup_mk64f12.o
                0x00000b8c                ENET_Receive_IRQHandler
 .text.ENET_Error_IRQHandler
                0x00000b94        0x8 ./SDK/startup/startup_mk64f12.o
                0x00000b94                ENET_Error_IRQHandler
 .text.SystemInitHook
                0x00000b9c        0xe ./SDK/CMSIS/system_MK64F12.o
                0x00000b9c                SystemInitHook
 *(SORT_BY_ALIGNMENT(.rodata) SORT_BY_ALIGNMENT(.rodata.*) SORT_BY_ALIGNMENT(.constdata) SORT_BY_ALIGNMENT(.constdata.*))
                0x00000bb0                . = ALIGN (0x8)
 *fill*         0x00000baa        0x6 ff

.glue_7         0x00000bb0        0x0
 .glue_7        0x00000bb0        0x0 linker stubs

.glue_7t        0x00000bb0        0x0
 .glue_7t       0x00000bb0        0x0 linker stubs

.vfp11_veneer   0x00000bb0        0x0
 .vfp11_veneer  0x00000bb0        0x0 linker stubs

.v4_bx          0x00000bb0        0x0
 .v4_bx         0x00000bb0        0x0 linker stubs

.iplt           0x00000bb0        0x0
 .iplt          0x00000bb0        0x0 ./source/model/evQueue.o

.rel.dyn        0x00000bb0        0x0
 .rel.iplt      0x00000bb0        0x0 ./source/model/evQueue.o

.ARM.extab
 *(SORT_BY_ALIGNMENT(.ARM.extab*) SORT_BY_ALIGNMENT(.gnu.linkonce.armextab.*))
                0x00000bb0                __exidx_start = .

.ARM.exidx
 *(SORT_BY_ALIGNMENT(.ARM.exidx*) SORT_BY_ALIGNMENT(.gnu.linkonce.armexidx.*))
                0x00000bb0                __exidx_end = .
                0x00000bb0                _etext = .

.m_usb_data
 *(SORT_BY_ALIGNMENT(m_usb_bdt))

.data_RAM2      0x1fff0000        0x0 load address 0x00000bb0
 FILL mask 0xff
                [!provide]                PROVIDE (__start_data_RAM2, .)
 *(SORT_BY_ALIGNMENT(.ramfunc.$RAM2))
 *(SORT_BY_ALIGNMENT(.ramfunc.$SRAM_LOWER))
 *(SORT_BY_ALIGNMENT(.data.$RAM2*))
 *(SORT_BY_ALIGNMENT(.data.$SRAM_LOWER*))
                0x1fff0000                . = ALIGN (0x8)
                [!provide]                PROVIDE (__end_data_RAM2, .)

.data_RAM3      0x14000000        0x0 load address 0x00000bb0
 FILL mask 0xff
                [!provide]                PROVIDE (__start_data_RAM3, .)
 *(SORT_BY_ALIGNMENT(.ramfunc.$RAM3))
 *(SORT_BY_ALIGNMENT(.ramfunc.$FLEX_RAM))
 *(SORT_BY_ALIGNMENT(.data.$RAM3*))
 *(SORT_BY_ALIGNMENT(.data.$FLEX_RAM*))
                0x14000000                . = ALIGN (0x8)
                [!provide]                PROVIDE (__end_data_RAM3, .)

.uninit_RESERVED
                0x20000000        0x0
 *(SORT_BY_ALIGNMENT(.bss.$RESERVED*))
                0x20000000                . = ALIGN (0x4)
                0x20000000                _end_uninit_RESERVED = .

.data           0x20000000      0x138 load address 0x00000bb0
 FILL mask 0xff
                0x20000000                _data = .
 *(SORT_BY_ALIGNMENT(vtable))
 *(SORT_BY_ALIGNMENT(.ramfunc*))
 *(SORT_BY_ALIGNMENT(.data*))
 .data.stopped  0x20000000       0x54 ./source/model/fsm_states.o
                0x20000000                stopped
 .data.playing  0x20000054       0x60 ./source/model/fsm_states.o
                0x20000054                playing
 .data.paused   0x200000b4       0x6c ./source/model/fsm_states.o
                0x200000b4                paused
 .data.portPtr  0x20000120       0x14 ./source/MCAL/gpio.o
 .data.volume_level
                0x20000134        0x1 ./source/model/fsm_states.o
                0x20000138                . = ALIGN (0x8)
 *fill*         0x20000135        0x3 ff
                0x20000138                _edata = .

.igot.plt       0x20000138        0x0 load address 0x00000ce8
 .igot.plt      0x20000138        0x0 ./source/model/evQueue.o

.bss_RAM2       0x1fff0000        0x0
                [!provide]                PROVIDE (__start_bss_RAM2, .)
 *(SORT_BY_ALIGNMENT(.bss.$RAM2*))
 *(SORT_BY_ALIGNMENT(.bss.$SRAM_LOWER*))
                0x1fff0000                . = ALIGN ((. != 0x0)?0x8:0x1)
                [!provide]                PROVIDE (__end_bss_RAM2, .)

.bss_RAM3       0x14000000        0x0
                [!provide]                PROVIDE (__start_bss_RAM3, .)
 *(SORT_BY_ALIGNMENT(.bss.$RAM3*))
 *(SORT_BY_ALIGNMENT(.bss.$FLEX_RAM*))
                0x14000000                . = ALIGN ((. != 0x0)?0x8:0x1)
                [!provide]                PROVIDE (__end_bss_RAM3, .)

.bss            0x20000138      0x2a0
                0x20000138                _bss = .
 *(SORT_BY_ALIGNMENT(.bss*))
 .bss.evQueue   0x20000138        0xa ./source/model/evQueue.o
 *fill*         0x20000142        0x2 
 .bss.evQueueReadIndex
                0x20000144        0x4 ./source/model/evQueue.o
 .bss.pState    0x20000148        0x4 ./source/model/fsm_states.o
 .bss.pinCallbacks
                0x2000014c      0x280 ./source/MCAL/gpio.o
 .bss.systick_callback
                0x200003cc        0x4 ./source/MCAL/systick.o
 .bss.__LDM_interruptDisableCount
                0x200003d0        0x4 ./SDK/startup/hardware.o
 *(SORT_BY_ALIGNMENT(COMMON))
                0x200003d8                . = ALIGN (0x8)
 *fill*         0x200003d4        0x4 
                0x200003d8                _ebss = .
                [!provide]                PROVIDE (end, .)

.noinit_RAM2    0x1fff0000        0x0
 *(SORT_BY_ALIGNMENT(.noinit.$RAM2*))
 *(SORT_BY_ALIGNMENT(.noinit.$SRAM_LOWER*))
                0x1fff0000                . = ALIGN (0x8)

.noinit_RAM3    0x14000000        0x0
 *(SORT_BY_ALIGNMENT(.noinit.$RAM3*))
 *(SORT_BY_ALIGNMENT(.noinit.$FLEX_RAM*))
                0x14000000                . = ALIGN (0x8)

.noinit         0x200003d8        0x0
                0x200003d8                _noinit = .
 *(SORT_BY_ALIGNMENT(.noinit*))
                0x200003d8                . = ALIGN (0x8)
                0x200003d8                _end_noinit = .
                0x00001000                _HeapSize = 0x1000

.heap           0x200003d8     0x1000
                0x200003d8                _pvHeapStart = .
                0x200013d8                . = (. + _HeapSize)
 *fill*         0x200003d8     0x1000 
                0x200013d8                . = ALIGN (0x8)
                0x200013d8                _pvHeapLimit = .
                0x00001000                _StackSize = 0x1000

.heap2stackfill
                0x200013d8     0x1000
                0x200023d8                . = (. + _StackSize)
 *fill*         0x200013d8     0x1000 

.stack          0x2002f000        0x0
                0x2002f000                _vStackBase = .
                0x2002f000                . = ALIGN (0x8)
                0x20030000                _vStackTop = (. + _StackSize)
                0x00000000                _image_start = LOADADDR (.text)
                0x00000ce8                _image_end = (LOADADDR (.data) + SIZEOF (.data))
                0x00000ce8                _image_size = (_image_end - _image_start)
OUTPUT(MP3Player.axf elf32-littlearm)

.debug_info     0x00000000     0x6a3f
 .debug_info    0x00000000      0xa56 ./source/model/evQueue.o
 .debug_info    0x00000a56      0x923 ./source/model/fsm_motor.o
 .debug_info    0x00001379      0xa8d ./source/model/fsm_states.o
 .debug_info    0x00001e06     0x1314 ./source/MCAL/gpio.o
 .debug_info    0x0000311a      0x970 ./source/MCAL/systick.o
 .debug_info    0x00003a8a      0x950 ./source/App.o
 .debug_info    0x000043da      0xe9e ./SDK/startup/hardware.o
 .debug_info    0x00005278      0x8e0 ./SDK/startup/main.o
 .debug_info    0x00005b58       0x3b ./SDK/startup/semihost_hardfault.o
 .debug_info    0x00005b93      0x8b0 ./SDK/startup/startup_mk64f12.o
 .debug_info    0x00006443      0x5fc ./SDK/CMSIS/system_MK64F12.o

.debug_abbrev   0x00000000     0x13be
 .debug_abbrev  0x00000000      0x249 ./source/model/evQueue.o
 .debug_abbrev  0x00000249      0x1bb ./source/model/fsm_motor.o
 .debug_abbrev  0x00000404      0x254 ./source/model/fsm_states.o
 .debug_abbrev  0x00000658      0x314 ./source/MCAL/gpio.o
 .debug_abbrev  0x0000096c      0x1fa ./source/MCAL/systick.o
 .debug_abbrev  0x00000b66      0x1be ./source/App.o
 .debug_abbrev  0x00000d24      0x21d ./SDK/startup/hardware.o
 .debug_abbrev  0x00000f41      0x1b3 ./SDK/startup/main.o
 .debug_abbrev  0x000010f4       0x2f ./SDK/startup/semihost_hardfault.o
 .debug_abbrev  0x00001123      0x15c ./SDK/startup/startup_mk64f12.o
 .debug_abbrev  0x0000127f      0x13f ./SDK/CMSIS/system_MK64F12.o

.debug_aranges  0x00000000      0x568
 .debug_aranges
                0x00000000       0x38 ./source/model/evQueue.o
 .debug_aranges
                0x00000038       0x20 ./source/model/fsm_motor.o
 .debug_aranges
                0x00000058       0x70 ./source/model/fsm_states.o
 .debug_aranges
                0x000000c8       0x80 ./source/MCAL/gpio.o
 .debug_aranges
                0x00000148       0x28 ./source/MCAL/systick.o
 .debug_aranges
                0x00000170       0x28 ./source/App.o
 .debug_aranges
                0x00000198       0x30 ./SDK/startup/hardware.o
 .debug_aranges
                0x000001c8       0x20 ./SDK/startup/main.o
 .debug_aranges
                0x000001e8       0x20 ./SDK/startup/semihost_hardfault.o
 .debug_aranges
                0x00000208      0x330 ./SDK/startup/startup_mk64f12.o
 .debug_aranges
                0x00000538       0x30 ./SDK/CMSIS/system_MK64F12.o

.debug_ranges   0x00000000      0x4b8
 .debug_ranges  0x00000000       0x28 ./source/model/evQueue.o
 .debug_ranges  0x00000028       0x10 ./source/model/fsm_motor.o
 .debug_ranges  0x00000038       0x60 ./source/model/fsm_states.o
 .debug_ranges  0x00000098       0x70 ./source/MCAL/gpio.o
 .debug_ranges  0x00000108       0x18 ./source/MCAL/systick.o
 .debug_ranges  0x00000120       0x18 ./source/App.o
 .debug_ranges  0x00000138       0x20 ./SDK/startup/hardware.o
 .debug_ranges  0x00000158       0x10 ./SDK/startup/main.o
 .debug_ranges  0x00000168       0x10 ./SDK/startup/semihost_hardfault.o
 .debug_ranges  0x00000178      0x320 ./SDK/startup/startup_mk64f12.o
 .debug_ranges  0x00000498       0x20 ./SDK/CMSIS/system_MK64F12.o

.debug_macro    0x00000000    0x13138
 .debug_macro   0x00000000      0x126 ./source/model/evQueue.o
 .debug_macro   0x00000126      0xa5a ./source/model/evQueue.o
 .debug_macro   0x00000b80       0x22 ./source/model/evQueue.o
 .debug_macro   0x00000ba2      0x174 ./source/model/evQueue.o
 .debug_macro   0x00000d16       0x10 ./source/model/evQueue.o
 .debug_macro   0x00000d26       0x17 ./source/model/evQueue.o
 .debug_macro   0x00000d3d       0x22 ./source/model/evQueue.o
 .debug_macro   0x00000d5f       0x52 ./source/model/evQueue.o
 .debug_macro   0x00000db1       0x8d ./source/model/evQueue.o
 .debug_macro   0x00000e3e       0x35 ./source/model/evQueue.o
 .debug_macro   0x00000e73       0x9c ./source/model/evQueue.o
 .debug_macro   0x00000f0f       0x16 ./source/model/evQueue.o
 .debug_macro   0x00000f25       0x35 ./source/model/evQueue.o
 .debug_macro   0x00000f5a       0x57 ./source/model/evQueue.o
 .debug_macro   0x00000fb1       0x58 ./source/model/evQueue.o
 .debug_macro   0x00001009       0x1f ./source/model/evQueue.o
 .debug_macro   0x00001028       0x43 ./source/model/evQueue.o
 .debug_macro   0x0000106b       0x20 ./source/model/evQueue.o
 .debug_macro   0x0000108b      0x18e ./source/model/evQueue.o
 .debug_macro   0x00001219      0x330 ./source/model/evQueue.o
 .debug_macro   0x00001549       0x16 ./source/model/evQueue.o
 .debug_macro   0x0000155f       0x29 ./source/model/evQueue.o
 .debug_macro   0x00001588       0xff ./source/model/fsm_motor.o
 .debug_macro   0x00001687      0x10e ./source/model/fsm_motor.o
 .debug_macro   0x00001795       0x8d ./source/model/fsm_motor.o
 .debug_macro   0x00001822      0x145 ./source/model/fsm_states.o
 .debug_macro   0x00001967      0x34e ./source/model/fsm_states.o
 .debug_macro   0x00001cb5      0x234 ./source/MCAL/gpio.o
 .debug_macro   0x00001ee9       0x5c ./source/MCAL/gpio.o
 .debug_macro   0x00001f45       0x1c ./source/MCAL/gpio.o
 .debug_macro   0x00001f61       0x22 ./source/MCAL/gpio.o
 .debug_macro   0x00001f83       0xdf ./source/MCAL/gpio.o
 .debug_macro   0x00002062      0xecf ./source/MCAL/gpio.o
 .debug_macro   0x00002f31       0x48 ./source/MCAL/gpio.o
 .debug_macro   0x00002f79     0xe07b ./source/MCAL/gpio.o
 .debug_macro   0x00010ff4       0x16 ./source/MCAL/gpio.o
 .debug_macro   0x0001100a       0x97 ./source/MCAL/gpio.o
 .debug_macro   0x000110a1      0x32a ./source/MCAL/gpio.o
 .debug_macro   0x000113cb       0xfd ./source/MCAL/gpio.o
 .debug_macro   0x000114c8       0x10 ./source/MCAL/gpio.o
 .debug_macro   0x000114d8     0x122b ./source/MCAL/gpio.o
 .debug_macro   0x00012703       0x16 ./source/MCAL/gpio.o
 .debug_macro   0x00012719      0x23b ./source/MCAL/systick.o
 .debug_macro   0x00012954       0xd9 ./source/MCAL/systick.o
 .debug_macro   0x00012a2d      0x20f ./source/App.o
 .debug_macro   0x00012c3c      0x221 ./SDK/startup/hardware.o
 .debug_macro   0x00012e5d      0x221 ./SDK/startup/main.o
 .debug_macro   0x0001307e       0x11 ./SDK/startup/semihost_hardfault.o
 .debug_macro   0x0001308f       0x29 ./SDK/startup/startup_mk64f12.o
 .debug_macro   0x000130b8       0x80 ./SDK/CMSIS/system_MK64F12.o

.debug_line     0x00000000     0x2520
 .debug_line    0x00000000      0x2b6 ./source/model/evQueue.o
 .debug_line    0x000002b6      0x24e ./source/model/fsm_motor.o
 .debug_line    0x00000504      0x33d ./source/model/fsm_states.o
 .debug_line    0x00000841      0x4f8 ./source/MCAL/gpio.o
 .debug_line    0x00000d39      0x3da ./source/MCAL/systick.o
 .debug_line    0x00001113      0x360 ./source/App.o
 .debug_line    0x00001473      0x40a ./SDK/startup/hardware.o
 .debug_line    0x0000187d      0x3ab ./SDK/startup/main.o
 .debug_line    0x00001c28       0x59 ./SDK/startup/semihost_hardfault.o
 .debug_line    0x00001c81      0x6d8 ./SDK/startup/startup_mk64f12.o
 .debug_line    0x00002359      0x1c7 ./SDK/CMSIS/system_MK64F12.o

.debug_str      0x00000000    0x7ca48
 .debug_str     0x00000000     0x61f5 ./source/model/evQueue.o
                               0x6357 (size before relaxing)
 .debug_str     0x000061f5       0x36 ./source/model/fsm_motor.o
                               0x6216 (size before relaxing)
 .debug_str     0x0000622b      0xa2e ./source/model/fsm_states.o
                               0x6dd9 (size before relaxing)
 .debug_str     0x00006c59    0x752ef ./source/MCAL/gpio.o
                              0x7becf (size before relaxing)
 .debug_str     0x0007bf48       0xdf ./source/MCAL/systick.o
                              0x7b759 (size before relaxing)
 .debug_str     0x0007c027       0x21 ./source/App.o
                               0x807f (size before relaxing)
 .debug_str     0x0007c048      0x178 ./SDK/startup/hardware.o
                              0x7b8bb (size before relaxing)
 .debug_str     0x0007c1c0       0x1b ./SDK/startup/main.o
                              0x7b68f (size before relaxing)
 .debug_str     0x0007c1db       0x36 ./SDK/startup/semihost_hardfault.o
                               0x2d2b (size before relaxing)
 .debug_str     0x0007c211      0x7d5 ./SDK/startup/startup_mk64f12.o
                               0x3599 (size before relaxing)
 .debug_str     0x0007c9e6       0x62 ./SDK/CMSIS/system_MK64F12.o
                              0x77100 (size before relaxing)

.comment        0x00000000       0x7e
 .comment       0x00000000       0x7e ./source/model/evQueue.o
                                 0x7f (size before relaxing)
 .comment       0x0000007e       0x7f ./source/model/fsm_motor.o
 .comment       0x0000007e       0x7f ./source/model/fsm_states.o
 .comment       0x0000007e       0x7f ./source/MCAL/gpio.o
 .comment       0x0000007e       0x7f ./source/MCAL/systick.o
 .comment       0x0000007e       0x7f ./source/App.o
 .comment       0x0000007e       0x7f ./SDK/startup/hardware.o
 .comment       0x0000007e       0x7f ./SDK/startup/main.o
 .comment       0x0000007e       0x7f ./SDK/startup/semihost_hardfault.o
 .comment       0x0000007e       0x7f ./SDK/startup/startup_mk64f12.o
 .comment       0x0000007e       0x7f ./SDK/CMSIS/system_MK64F12.o

.ARM.attributes
                0x00000000       0x37
 .ARM.attributes
                0x00000000       0x39 ./source/model/evQueue.o
 .ARM.attributes
                0x00000039       0x39 ./source/model/fsm_motor.o
 .ARM.attributes
                0x00000072       0x39 ./source/model/fsm_states.o
 .ARM.attributes
                0x000000ab       0x39 ./source/MCAL/gpio.o
 .ARM.attributes
                0x000000e4       0x39 ./source/MCAL/systick.o
 .ARM.attributes
                0x0000011d       0x39 ./source/App.o
 .ARM.attributes
                0x00000156       0x39 ./SDK/startup/hardware.o
 .ARM.attributes
                0x0000018f       0x39 ./SDK/startup/main.o
 .ARM.attributes
                0x000001c8       0x39 ./SDK/startup/semihost_hardfault.o
 .ARM.attributes
                0x00000201       0x39 ./SDK/startup/startup_mk64f12.o
 .ARM.attributes
                0x0000023a       0x39 ./SDK/CMSIS/system_MK64F12.o

.debug_frame    0x00000000      0xf54
 .debug_frame   0x00000000       0xa8 ./source/model/evQueue.o
 .debug_frame   0x000000a8       0x34 ./source/model/fsm_motor.o
 .debug_frame   0x000000dc      0x170 ./source/model/fsm_states.o
 .debug_frame   0x0000024c      0x224 ./source/MCAL/gpio.o
 .debug_frame   0x00000470       0x64 ./source/MCAL/systick.o
 .debug_frame   0x000004d4       0x4c ./source/App.o
 .debug_frame   0x00000520       0x70 ./SDK/startup/hardware.o
 .debug_frame   0x00000590       0x2c ./SDK/startup/main.o
 .debug_frame   0x000005bc       0x20 ./SDK/startup/semihost_hardfault.o
 .debug_frame   0x000005dc      0x904 ./SDK/startup/startup_mk64f12.o
 .debug_frame   0x00000ee0       0x74 ./SDK/CMSIS/system_MK64F12.o
