Archive member included to satisfy reference by file (symbol)

c:/nxp/mcuxpressoide_11.8.0_1165/ide/plugins/com.nxp.mcuxpresso.tools.win32_11.8.0.202306131047/tools/bin/../lib/gcc/arm-none-eabi/12.2.1/../../../../arm-none-eabi/lib/thumb/v7e-m+fp/hard\libcr_c.a(fpprintf.o)
                              ./source/controls/controls.o (printf)
c:/nxp/mcuxpressoide_11.8.0_1165/ide/plugins/com.nxp.mcuxpresso.tools.win32_11.8.0.202306131047/tools/bin/../lib/gcc/arm-none-eabi/12.2.1/../../../../arm-none-eabi/lib/thumb/v7e-m+fp/hard\libcr_c.a(printf.o)
                              c:/nxp/mcuxpressoide_11.8.0_1165/ide/plugins/com.nxp.mcuxpresso.tools.win32_11.8.0.202306131047/tools/bin/../lib/gcc/arm-none-eabi/12.2.1/../../../../arm-none-eabi/lib/thumb/v7e-m+fp/hard\libcr_c.a(fpprintf.o) (__vfprintf)
c:/nxp/mcuxpressoide_11.8.0_1165/ide/plugins/com.nxp.mcuxpresso.tools.win32_11.8.0.202306131047/tools/bin/../lib/gcc/arm-none-eabi/12.2.1/../../../../arm-none-eabi/lib/thumb/v7e-m+fp/hard\libcr_c.a(strlen.o)
                              c:/nxp/mcuxpressoide_11.8.0_1165/ide/plugins/com.nxp.mcuxpresso.tools.win32_11.8.0.202306131047/tools/bin/../lib/gcc/arm-none-eabi/12.2.1/../../../../arm-none-eabi/lib/thumb/v7e-m+fp/hard\libcr_c.a(printf.o) (strlen)
c:/nxp/mcuxpressoide_11.8.0_1165/ide/plugins/com.nxp.mcuxpresso.tools.win32_11.8.0.202306131047/tools/bin/../lib/gcc/arm-none-eabi/12.2.1/../../../../arm-none-eabi/lib/thumb/v7e-m+fp/hard\libcr_c.a(memset.o)
                              c:/nxp/mcuxpressoide_11.8.0_1165/ide/plugins/com.nxp.mcuxpresso.tools.win32_11.8.0.202306131047/tools/bin/../lib/gcc/arm-none-eabi/12.2.1/../../../../arm-none-eabi/lib/thumb/v7e-m+fp/hard\libcr_c.a(fpprintf.o) (memset)
c:/nxp/mcuxpressoide_11.8.0_1165/ide/plugins/com.nxp.mcuxpresso.tools.win32_11.8.0.202306131047/tools/bin/../lib/gcc/arm-none-eabi/12.2.1/../../../../arm-none-eabi/lib/thumb/v7e-m+fp/hard\libcr_c.a(_deferredlazyseek.o)
                              c:/nxp/mcuxpressoide_11.8.0_1165/ide/plugins/com.nxp.mcuxpresso.tools.win32_11.8.0.202306131047/tools/bin/../lib/gcc/arm-none-eabi/12.2.1/../../../../arm-none-eabi/lib/thumb/v7e-m+fp/hard\libcr_c.a(fpprintf.o) (__flsbuf)
c:/nxp/mcuxpressoide_11.8.0_1165/ide/plugins/com.nxp.mcuxpresso.tools.win32_11.8.0.202306131047/tools/bin/../lib/gcc/arm-none-eabi/12.2.1/../../../../arm-none-eabi/lib/thumb/v7e-m+fp/hard\libcr_c.a(_fflush.o)
                              c:/nxp/mcuxpressoide_11.8.0_1165/ide/plugins/com.nxp.mcuxpresso.tools.win32_11.8.0.202306131047/tools/bin/../lib/gcc/arm-none-eabi/12.2.1/../../../../arm-none-eabi/lib/thumb/v7e-m+fp/hard\libcr_c.a(_deferredlazyseek.o) (_fflush)
c:/nxp/mcuxpressoide_11.8.0_1165/ide/plugins/com.nxp.mcuxpresso.tools.win32_11.8.0.202306131047/tools/bin/../lib/gcc/arm-none-eabi/12.2.1/../../../../arm-none-eabi/lib/thumb/v7e-m+fp/hard\libcr_c.a(_frexpl.o)
                              c:/nxp/mcuxpressoide_11.8.0_1165/ide/plugins/com.nxp.mcuxpresso.tools.win32_11.8.0.202306131047/tools/bin/../lib/gcc/arm-none-eabi/12.2.1/../../../../arm-none-eabi/lib/thumb/v7e-m+fp/hard\libcr_c.a(fpprintf.o) (_frexpl)
c:/nxp/mcuxpressoide_11.8.0_1165/ide/plugins/com.nxp.mcuxpresso.tools.win32_11.8.0.202306131047/tools/bin/../lib/gcc/arm-none-eabi/12.2.1/../../../../arm-none-eabi/lib/thumb/v7e-m+fp/hard\libcr_c.a(_ldexpl.o)
                              c:/nxp/mcuxpressoide_11.8.0_1165/ide/plugins/com.nxp.mcuxpresso.tools.win32_11.8.0.202306131047/tools/bin/../lib/gcc/arm-none-eabi/12.2.1/../../../../arm-none-eabi/lib/thumb/v7e-m+fp/hard\libcr_c.a(fpprintf.o) (_ldexpl)
c:/nxp/mcuxpressoide_11.8.0_1165/ide/plugins/com.nxp.mcuxpresso.tools.win32_11.8.0.202306131047/tools/bin/../lib/gcc/arm-none-eabi/12.2.1/../../../../arm-none-eabi/lib/thumb/v7e-m+fp/hard\libcr_c.a(_writebuf.o)
                              c:/nxp/mcuxpressoide_11.8.0_1165/ide/plugins/com.nxp.mcuxpresso.tools.win32_11.8.0.202306131047/tools/bin/../lib/gcc/arm-none-eabi/12.2.1/../../../../arm-none-eabi/lib/thumb/v7e-m+fp/hard\libcr_c.a(_deferredlazyseek.o) (_Cwritebuf)
c:/nxp/mcuxpressoide_11.8.0_1165/ide/plugins/com.nxp.mcuxpresso.tools.win32_11.8.0.202306131047/tools/bin/../lib/gcc/arm-none-eabi/12.2.1/../../../../arm-none-eabi/lib/thumb/v7e-m+fp/hard\libcr_c.a(alloc.o)
                              c:/nxp/mcuxpressoide_11.8.0_1165/ide/plugins/com.nxp.mcuxpresso.tools.win32_11.8.0.202306131047/tools/bin/../lib/gcc/arm-none-eabi/12.2.1/../../../../arm-none-eabi/lib/thumb/v7e-m+fp/hard\libcr_c.a(fpprintf.o) (malloc)
c:/nxp/mcuxpressoide_11.8.0_1165/ide/plugins/com.nxp.mcuxpresso.tools.win32_11.8.0.202306131047/tools/bin/../lib/gcc/arm-none-eabi/12.2.1/../../../../arm-none-eabi/lib/thumb/v7e-m+fp/hard\libcr_c.a(errno.o)
                              c:/nxp/mcuxpressoide_11.8.0_1165/ide/plugins/com.nxp.mcuxpresso.tools.win32_11.8.0.202306131047/tools/bin/../lib/gcc/arm-none-eabi/12.2.1/../../../../arm-none-eabi/lib/thumb/v7e-m+fp/hard\libcr_c.a(_ldexpl.o) (errno)
[...]
Memory Configuration

Name             Origin             Length             Attributes
PROGRAM_FLASH    0x00000000         0x00100000         xr
SRAM_UPPER       0x20000000         0x00030000         xrw
SRAM_LOWER       0x1fff0000         0x00010000         xrw
FLEX_RAM         0x14000000         0x00001000         xrw
*default*        0x00000000         0xffffffff

Linker script and memory map

LOAD ./source/model/evQueue.o
LOAD ./source/model/fsm_motor.o
LOAD ./source/model/fsm_states.o
LOAD ./source/controls/buttons.o
LOAD ./source/controls/controls.o
LOAD ./source/MCAL/gpio.o
LOAD ./source/MCAL/systick.o
LOAD ./source/MCAL/timer.o
LOAD ./source/HAL/displayBoard.o
LOAD ./source/HAL/encoder.o
LOAD ./source/App.o
LOAD ./source/viewer.o
LOAD ./SDK/startup/hardware.o
LOAD ./SDK/startup/main.o
LOAD ./SDK/startup/semihost_hardfault.o
LOAD ./SDK/startup/startup_mk64f12.o
LOAD ./SDK/CMSIS/system_MK64F12.o
START GROUP
LOAD c:/nxp/mcuxpressoide_11.8.0_1165/ide/plugins/com.nxp.mcuxpresso.tools.win32_11.8.0.202306131047/tools/bin/../lib/gcc/arm-none-eabi/12.2.1/../../../../arm-none-eabi/lib/thumb/v7e-m+fp/hard\libcr_c.a
LOAD c:/nxp/mcuxpressoide_11.8.0_1165/ide/plugins/com.nxp.mcuxpresso.tools.win32_11.8.0.202306131047/tools/bin/../lib/gcc/arm-none-eabi/12.2.1/thumb/v7e-m+fp/hard\libcr_eabihelpers.a
LOAD c:/nxp/mcuxpressoide_11.8.0_1165/ide/plugins/com.nxp.mcuxpresso.tools.win32_11.8.0.202306131047/tools/bin/../lib/gcc/arm-none-eabi/12.2.1/thumb/v7e-m+fp/hard\libgcc.a
END GROUP
                0x00000000                __base_PROGRAM_FLASH = 0x0
                0x00000000                __base_Flash = 0x0
                0x00100000                __top_PROGRAM_FLASH = 0x100000
                0x00100000                __top_Flash = 0x100000
                0x20000000                __base_SRAM_UPPER = 0x20000000
                0x20000000                __base_RAM = 0x20000000
                0x20030000                __top_SRAM_UPPER = 0x20030000
                0x20030000                __top_RAM = 0x20030000
                0x1fff0000                __base_SRAM_LOWER = 0x1fff0000
                0x1fff0000                __base_RAM2 = 0x1fff0000
                0x20000000                __top_SRAM_LOWER = 0x20000000
                0x20000000                __top_RAM2 = 0x20000000
                0x14000000                __base_FLEX_RAM = 0x14000000
                0x14000000                __base_RAM3 = 0x14000000
                0x14001000                __top_FLEX_RAM = 0x14001000
                0x14001000                __top_RAM3 = 0x14001000

.text           0x00000000      0xba8
 FILL mask 0xff
                0x00000000                __vectors_start__ = ABSOLUTE (.)
 *(SORT_BY_ALIGNMENT(.isr_vector))
 .isr_vector    0x00000000      0x198 ./SDK/startup/startup_mk64f12.o
                0x00000000                g_pfnVectors
                0x00000000                __Vectors
                0x00000198                . = ALIGN (0x4)
                0x00000198                __section_table_start = .
                0x00000198                __data_section_table = .
                0x00000198        0x4 LONG 0xba8 LOADADDR (.data)
                0x0000019c        0x4 LONG 0x20000000 ADDR (.data)
                0x000001a0        0x4 LONG 0x138 SIZEOF (.data)
                0x000001a4        0x4 LONG 0xba8 LOADADDR (.data_RAM2)
                0x000001a8        0x4 LONG 0x1fff0000 ADDR (.data_RAM2)
                0x000001ac        0x4 LONG 0x0 SIZEOF (.data_RAM2)
                0x000001b0        0x4 LONG 0xba8 LOADADDR (.data_RAM3)
                0x000001b4        0x4 LONG 0x14000000 ADDR (.data_RAM3)
                0x000001b8        0x4 LONG 0x0 SIZEOF (.data_RAM3)
                0x000001bc                __data_section_table_end = .
                0x000001bc                __bss_section_table = .
                0x000001bc        0x4 LONG 0x20000138 ADDR (.bss)
                0x000001c0        0x4 LONG 0x2a0 SIZEOF (.bss)
                0x000001c4        0x4 LONG 0x1fff0000 ADDR (.bss_RAM2)
                0x000001c8        0x4 LONG 0x0 SIZEOF (.bss_RAM2)
                0x000001cc        0x4 LONG 0x14000000 ADDR (.bss_RAM3)
                0x000001d0        0x4 LONG 0x0 SIZEOF (.bss_RAM3)
                0x000001d4                __bss_section_table_end = .
                0x000001d4                __section_table_end = .
 *(SORT_BY_ALIGNMENT(.after_vectors*))
 .after_vectors.reset
                0x000001d4       0x4c ./SDK/startup/startup_mk64f12.o
                0x000001d4                ResetISR
 .after_vectors.init_data
                0x00000220       0x1e ./SDK/startup/startup_mk64f12.o
                0x00000220                data_init
 .after_vectors.init_bss
                0x0000023e       0x12 ./SDK/startup/startup_mk64f12.o
                0x0000023e                bss_init
 .after_vectors
                0x00000250       0x14 ./SDK/startup/startup_mk64f12.o
                0x00000250                NMI_Handler
                0x00000254                MemManage_Handler
                0x00000256                BusFault_Handler
                0x00000258                UsageFault_Handler
                0x0000025a                SVC_Handler
                0x0000025c                DebugMon_Handler
                0x0000025e                PendSV_Handler
                0x00000262                DMA_Error_DriverIRQHandler
                0x00000262                LPTMR0_DriverIRQHandler
                0x00000262                FTM1_DriverIRQHandler
                0x00000262                FTM2_DriverIRQHandler
                0x00000262                PIT2_DriverIRQHandler
                0x00000262                SDHC_DriverIRQHandler
                0x00000262                I2S0_Tx_DriverIRQHandler
                0x00000262                RTC_Seconds_DriverIRQHandler
                0x00000262                DMA6_DriverIRQHandler
                0x00000262                LLWU_DriverIRQHandler
                0x00000262                MCM_DriverIRQHandler
                0x00000262                MCG_DriverIRQHandler
                0x00000262                ENET_1588_Timer_DriverIRQHandler
                0x00000262                I2C2_DriverIRQHandler
                0x00000262                DAC1_DriverIRQHandler
                0x00000262                SPI1_DriverIRQHandler
                0x00000262                CMP1_DriverIRQHandler
                0x00000262                UART5_RX_TX_DriverIRQHandler
                0x00000262                FTM0_DriverIRQHandler
                0x00000262                IntDefaultHandler
                0x00000262                USB0_DriverIRQHandler
                0x00000262                UART5_ERR_DriverIRQHandler
                0x00000262                PORTC_DriverIRQHandler
                0x00000262                DMA11_DriverIRQHandler
                0x00000262                DAC0_DriverIRQHandler
                0x00000262                DMA10_DriverIRQHandler
                0x00000262                CMP2_DriverIRQHandler
                0x00000262                UART2_ERR_DriverIRQHandler
                0x00000262                SPI2_DriverIRQHandler
                0x00000262                LVD_LVW_DriverIRQHandler
                0x00000262                PIT0_DriverIRQHandler
                0x00000262                RNG_DriverIRQHandler
                0x00000262                DMA5_DriverIRQHandler
                0x00000262                DMA12_DriverIRQHandler
                0x00000262                UART2_RX_TX_DriverIRQHandler
                0x00000262                USBDCD_DriverIRQHandler
                0x00000262                UART3_ERR_DriverIRQHandler
                0x00000262                DMA3_DriverIRQHandler
                0x00000262                DMA8_DriverIRQHandler
                0x00000262                DMA9_DriverIRQHandler
                0x00000262                UART0_ERR_DriverIRQHandler
                0x00000262                CMT_DriverIRQHandler
                0x00000262                Reserved71_DriverIRQHandler
                0x00000262                ADC1_DriverIRQHandler
                0x00000262                PORTA_DriverIRQHandler
                0x00000262                DMA14_DriverIRQHandler
                0x00000262                PIT3_DriverIRQHandler
                0x00000262                PIT1_DriverIRQHandler
                0x00000262                WDOG_EWM_DriverIRQHandler
                0x00000262                PDB0_DriverIRQHandler
                0x00000262                RTC_DriverIRQHandler
                0x00000262                I2S0_Rx_DriverIRQHandler
                0x00000262                Read_Collision_DriverIRQHandler
                0x00000262                SWI_DriverIRQHandler
                0x00000262                UART4_RX_TX_DriverIRQHandler
                0x00000262                UART4_ERR_DriverIRQHandler
                0x00000262                PORTB_DriverIRQHandler
                0x00000262                UART0_LON_DriverIRQHandler
                0x00000262                DMA0_DriverIRQHandler
                0x00000262                DMA1_DriverIRQHandler
                0x00000262                I2C1_DriverIRQHandler
                0x00000262                UART3_RX_TX_DriverIRQHandler
                0x00000262                ENET_Receive_DriverIRQHandler
                0x00000262                DMA13_DriverIRQHandler
                0x00000262                ENET_Error_DriverIRQHandler
                0x00000262                DMA15_DriverIRQHandler
                0x00000262                UART0_RX_TX_DriverIRQHandler
                0x00000262                SPI0_DriverIRQHandler
                0x00000262                ADC0_DriverIRQHandler
                0x00000262                CMP0_DriverIRQHandler
                0x00000262                CAN0_DriverIRQHandler
                0x00000262                FTM3_DriverIRQHandler
                0x00000262                DMA4_DriverIRQHandler
                0x00000262                UART1_ERR_DriverIRQHandler
                0x00000262                DMA2_DriverIRQHandler
                0x00000262                ENET_Transmit_DriverIRQHandler
                0x00000262                PORTD_DriverIRQHandler
                0x00000262                PORTE_DriverIRQHandler
                0x00000262                FTFE_DriverIRQHandler
                0x00000262                I2C0_DriverIRQHandler
                0x00000262                DMA7_DriverIRQHandler
                0x00000262                UART1_RX_TX_DriverIRQHandler
                0x00000400                . = 0x400
 *fill*         0x00000264      0x19c ff
                0x00000400                PROVIDE (__FLASH_CONFIG_START__ = .)
 *(SORT_BY_ALIGNMENT(.FlashConfig))
 .FlashConfig   0x00000400       0x10 ./SDK/startup/startup_mk64f12.o
                0x00000400                Flash_Config
                0x00000410                PROVIDE (__FLASH_CONFIG_END__ = .)
                0x00000001                ASSERT (! ((__FLASH_CONFIG_START__ == __FLASH_CONFIG_END__)), Linker Flash Config Support Enabled, but no .FlashConfig section provided within application)
 *(SORT_BY_ALIGNMENT(.text*))
 .text.evQueueAvailable
                0x00000410       0x28 ./source/model/evQueue.o
                0x00000410                evQueueAvailable
 .text.evQueueGetNext
                0x00000438       0x54 ./source/model/evQueue.o
                0x00000438                evQueueGetNext
 .text.FSM_start
                0x0000048c       0x1c ./source/model/fsm_states.o
                0x0000048c                FSM_start
 .text.FSM_getState
                0x000004a8       0x18 ./source/model/fsm_states.o
                0x000004a8                FSM_getState
 .text.FSM_setNewState
                0x000004c0       0x20 ./source/model/fsm_states.o
                0x000004c0                FSM_setNewState
 .text.volume_increase
                0x000004e0       0x28 ./source/model/fsm_states.o
                0x000004e0                volume_increase
 .text.volume_decrease
                0x00000508       0x28 ./source/model/fsm_states.o
                0x00000508                volume_decrease
 .text.portsCallbacksHandler
                0x00000530       0x88 ./source/MCAL/gpio.o
                0x00000530                portsCallbacksHandler
 .text.SysTick_Handler
                0x000005b8       0x24 ./source/MCAL/systick.o
                0x000005b8                SysTick_Handler
 .text.hw_Init  0x000005dc      0x108 ./SDK/startup/hardware.o
                0x000005dc                hw_Init
 .text.hw_EnableInterrupts
                0x000006e4       0x30 ./SDK/startup/hardware.o
                0x000006e4                hw_EnableInterrupts
 .text.hw_DisableInterrupts
                0x00000714       0x20 ./SDK/startup/hardware.o
                0x00000714                hw_DisableInterrupts
 .text.SystemInit
                0x00000734       0x3c ./SDK/CMSIS/system_MK64F12.o
                0x00000734                SystemInit
 .text.fsm      0x00000770       0x3a ./source/model/fsm_motor.o
                0x00000770                fsm
 .text.music_play
                0x000007aa        0xe ./source/model/fsm_states.o
                0x000007aa                music_play
 .text.music_stop
                0x000007b8        0xe ./source/model/fsm_states.o
                0x000007b8                music_stop
 .text.music_pause
                0x000007c6        0xe ./source/model/fsm_states.o
                0x000007c6                music_pause
 .text.music_next
                0x000007d4        0xc ./source/model/fsm_states.o
                0x000007d4                music_next
 .text.music_prev
                0x000007e0        0xc ./source/model/fsm_states.o
                0x000007e0                music_prev
 .text.no_action
                0x000007ec        0xe ./source/model/fsm_states.o
                0x000007ec                no_action
 .text.PORTA_IRQHandler
                0x000007fa       0x1e ./source/MCAL/gpio.o
                0x000007fa                PORTA_IRQHandler
 .text.PORTB_IRQHandler
                0x00000818       0x1e ./source/MCAL/gpio.o
                0x00000818                PORTB_IRQHandler
 .text.PORTC_IRQHandler
                0x00000836       0x1e ./source/MCAL/gpio.o
                0x00000836                PORTC_IRQHandler
 .text.PORTD_IRQHandler
                0x00000854       0x1e ./source/MCAL/gpio.o
                0x00000854                PORTD_IRQHandler
 .text.PORTE_IRQHandler
                0x00000872       0x1e ./source/MCAL/gpio.o
                0x00000872                PORTE_IRQHandler
 .text.App_Init
                0x00000890        0xc ./source/App.o
                0x00000890                App_Init
 .text.App_Run  0x0000089c       0x2e ./source/App.o
                0x0000089c                App_Run
 .text.main     0x000008ca       0x1a ./SDK/startup/main.o
                0x000008ca                main
 .text.HardFault_Handler
                0x000008e4       0x2c ./SDK/startup/semihost_hardfault.o
                0x000008e4                HardFault_Handler
 .text.DMA0_IRQHandler
                0x00000910        0x8 ./SDK/startup/startup_mk64f12.o
                0x00000910                DMA0_IRQHandler
 .text.DMA1_IRQHandler
                0x00000918        0x8 ./SDK/startup/startup_mk64f12.o
                0x00000918                DMA1_IRQHandler
 .text.DMA2_IRQHandler
                0x00000920        0x8 ./SDK/startup/startup_mk64f12.o
                0x00000920                DMA2_IRQHandler
 .text.DMA3_IRQHandler
                0x00000928        0x8 ./SDK/startup/startup_mk64f12.o
                0x00000928                DMA3_IRQHandler
 .text.DMA4_IRQHandler
                0x00000930        0x8 ./SDK/startup/startup_mk64f12.o
                0x00000930                DMA4_IRQHandler
 .text.DMA5_IRQHandler
                0x00000938        0x8 ./SDK/startup/startup_mk64f12.o
                0x00000938                DMA5_IRQHandler
 .text.DMA6_IRQHandler
                0x00000940        0x8 ./SDK/startup/startup_mk64f12.o
                0x00000940                DMA6_IRQHandler
 .text.DMA7_IRQHandler
                0x00000948        0x8 ./SDK/startup/startup_mk64f12.o
                0x00000948                DMA7_IRQHandler
 .text.DMA8_IRQHandler
                0x00000950        0x8 ./SDK/startup/startup_mk64f12.o
                0x00000950                DMA8_IRQHandler
 .text.DMA9_IRQHandler
                0x00000958        0x8 ./SDK/startup/startup_mk64f12.o
                0x00000958                DMA9_IRQHandler
 .text.DMA10_IRQHandler
                0x00000960        0x8 ./SDK/startup/startup_mk64f12.o
                0x00000960                DMA10_IRQHandler
 .text.DMA11_IRQHandler
                0x00000968        0x8 ./SDK/startup/startup_mk64f12.o
                0x00000968                DMA11_IRQHandler
 .text.DMA12_IRQHandler
                0x00000970        0x8 ./SDK/startup/startup_mk64f12.o
                0x00000970                DMA12_IRQHandler
 .text.DMA13_IRQHandler
                0x00000978        0x8 ./SDK/startup/startup_mk64f12.o
                0x00000978                DMA13_IRQHandler
 .text.DMA14_IRQHandler
                0x00000980        0x8 ./SDK/startup/startup_mk64f12.o
                0x00000980                DMA14_IRQHandler
 .text.DMA15_IRQHandler
                0x00000988        0x8 ./SDK/startup/startup_mk64f12.o
                0x00000988                DMA15_IRQHandler
 .text.DMA_Error_IRQHandler
                0x00000990        0x8 ./SDK/startup/startup_mk64f12.o
                0x00000990                DMA_Error_IRQHandler
 .text.MCM_IRQHandler
                0x00000998        0x8 ./SDK/startup/startup_mk64f12.o
                0x00000998                MCM_IRQHandler
 .text.FTFE_IRQHandler
                0x000009a0        0x8 ./SDK/startup/startup_mk64f12.o
                0x000009a0                FTFE_IRQHandler
 .text.Read_Collision_IRQHandler
                0x000009a8        0x8 ./SDK/startup/startup_mk64f12.o
                0x000009a8                Read_Collision_IRQHandler
 .text.LVD_LVW_IRQHandler
                0x000009b0        0x8 ./SDK/startup/startup_mk64f12.o
                0x000009b0                LVD_LVW_IRQHandler
 .text.LLWU_IRQHandler
                0x000009b8        0x8 ./SDK/startup/startup_mk64f12.o
                0x000009b8                LLWU_IRQHandler
 .text.WDOG_EWM_IRQHandler
                0x000009c0        0x8 ./SDK/startup/startup_mk64f12.o
                0x000009c0                WDOG_EWM_IRQHandler
 .text.RNG_IRQHandler
                0x000009c8        0x8 ./SDK/startup/startup_mk64f12.o
                0x000009c8                RNG_IRQHandler
 .text.I2C0_IRQHandler
                0x000009d0        0x8 ./SDK/startup/startup_mk64f12.o
                0x000009d0                I2C0_IRQHandler
 .text.I2C1_IRQHandler
                0x000009d8        0x8 ./SDK/startup/startup_mk64f12.o
                0x000009d8                I2C1_IRQHandler
 .text.SPI0_IRQHandler
                0x000009e0        0x8 ./SDK/startup/startup_mk64f12.o
                0x000009e0                SPI0_IRQHandler
 .text.SPI1_IRQHandler
                0x000009e8        0x8 ./SDK/startup/startup_mk64f12.o
                0x000009e8                SPI1_IRQHandler
 .text.I2S0_Tx_IRQHandler
                0x000009f0        0x8 ./SDK/startup/startup_mk64f12.o
                0x000009f0                I2S0_Tx_IRQHandler
 .text.I2S0_Rx_IRQHandler
                0x000009f8        0x8 ./SDK/startup/startup_mk64f12.o
                0x000009f8                I2S0_Rx_IRQHandler
 .text.UART0_LON_IRQHandler
                0x00000a00        0x8 ./SDK/startup/startup_mk64f12.o
                0x00000a00                UART0_LON_IRQHandler
 .text.UART0_RX_TX_IRQHandler
                0x00000a08        0x8 ./SDK/startup/startup_mk64f12.o
                0x00000a08                UART0_RX_TX_IRQHandler
 .text.UART0_ERR_IRQHandler
                0x00000a10        0x8 ./SDK/startup/startup_mk64f12.o
                0x00000a10                UART0_ERR_IRQHandler
 .text.UART1_RX_TX_IRQHandler
                0x00000a18        0x8 ./SDK/startup/startup_mk64f12.o
                0x00000a18                UART1_RX_TX_IRQHandler
 .text.UART1_ERR_IRQHandler
                0x00000a20        0x8 ./SDK/startup/startup_mk64f12.o
                0x00000a20                UART1_ERR_IRQHandler
 .text.UART2_RX_TX_IRQHandler
                0x00000a28        0x8 ./SDK/startup/startup_mk64f12.o
                0x00000a28                UART2_RX_TX_IRQHandler
 .text.UART2_ERR_IRQHandler
                0x00000a30        0x8 ./SDK/startup/startup_mk64f12.o
                0x00000a30                UART2_ERR_IRQHandler
 .text.UART3_RX_TX_IRQHandler
                0x00000a38        0x8 ./SDK/startup/startup_mk64f12.o
                0x00000a38                UART3_RX_TX_IRQHandler
 .text.UART3_ERR_IRQHandler
                0x00000a40        0x8 ./SDK/startup/startup_mk64f12.o
                0x00000a40                UART3_ERR_IRQHandler
 .text.ADC0_IRQHandler
                0x00000a48        0x8 ./SDK/startup/startup_mk64f12.o
                0x00000a48                ADC0_IRQHandler
 .text.CMP0_IRQHandler
                0x00000a50        0x8 ./SDK/startup/startup_mk64f12.o
                0x00000a50                CMP0_IRQHandler
 .text.CMP1_IRQHandler
                0x00000a58        0x8 ./SDK/startup/startup_mk64f12.o
                0x00000a58                CMP1_IRQHandler
 .text.FTM0_IRQHandler
                0x00000a60        0x8 ./SDK/startup/startup_mk64f12.o
                0x00000a60                FTM0_IRQHandler
 .text.FTM1_IRQHandler
                0x00000a68        0x8 ./SDK/startup/startup_mk64f12.o
                0x00000a68                FTM1_IRQHandler
 .text.FTM2_IRQHandler
                0x00000a70        0x8 ./SDK/startup/startup_mk64f12.o
                0x00000a70                FTM2_IRQHandler
 .text.CMT_IRQHandler
                0x00000a78        0x8 ./SDK/startup/startup_mk64f12.o
                0x00000a78                CMT_IRQHandler
 .text.RTC_IRQHandler
                0x00000a80        0x8 ./SDK/startup/startup_mk64f12.o
                0x00000a80                RTC_IRQHandler
 .text.RTC_Seconds_IRQHandler
                0x00000a88        0x8 ./SDK/startup/startup_mk64f12.o
                0x00000a88                RTC_Seconds_IRQHandler
 .text.PIT0_IRQHandler
                0x00000a90        0x8 ./SDK/startup/startup_mk64f12.o
                0x00000a90                PIT0_IRQHandler
 .text.PIT1_IRQHandler
                0x00000a98        0x8 ./SDK/startup/startup_mk64f12.o
                0x00000a98                PIT1_IRQHandler
 .text.PIT2_IRQHandler
                0x00000aa0        0x8 ./SDK/startup/startup_mk64f12.o
                0x00000aa0                PIT2_IRQHandler
 .text.PIT3_IRQHandler
                0x00000aa8        0x8 ./SDK/startup/startup_mk64f12.o
                0x00000aa8                PIT3_IRQHandler
 .text.PDB0_IRQHandler
                0x00000ab0        0x8 ./SDK/startup/startup_mk64f12.o
                0x00000ab0                PDB0_IRQHandler
 .text.USB0_IRQHandler
                0x00000ab8        0x8 ./SDK/startup/startup_mk64f12.o
                0x00000ab8                USB0_IRQHandler
 .text.USBDCD_IRQHandler
                0x00000ac0        0x8 ./SDK/startup/startup_mk64f12.o
                0x00000ac0                USBDCD_IRQHandler
 .text.Reserved71_IRQHandler
                0x00000ac8        0x8 ./SDK/startup/startup_mk64f12.o
                0x00000ac8                Reserved71_IRQHandler
 .text.DAC0_IRQHandler
                0x00000ad0        0x8 ./SDK/startup/startup_mk64f12.o
                0x00000ad0                DAC0_IRQHandler
 .text.MCG_IRQHandler
                0x00000ad8        0x8 ./SDK/startup/startup_mk64f12.o
                0x00000ad8                MCG_IRQHandler
 .text.LPTMR0_IRQHandler
                0x00000ae0        0x8 ./SDK/startup/startup_mk64f12.o
                0x00000ae0                LPTMR0_IRQHandler
 .text.SWI_IRQHandler
                0x00000ae8        0x8 ./SDK/startup/startup_mk64f12.o
                0x00000ae8                SWI_IRQHandler
 .text.SPI2_IRQHandler
                0x00000af0        0x8 ./SDK/startup/startup_mk64f12.o
                0x00000af0                SPI2_IRQHandler
 .text.UART4_RX_TX_IRQHandler
                0x00000af8        0x8 ./SDK/startup/startup_mk64f12.o
                0x00000af8                UART4_RX_TX_IRQHandler
 .text.UART4_ERR_IRQHandler
                0x00000b00        0x8 ./SDK/startup/startup_mk64f12.o
                0x00000b00                UART4_ERR_IRQHandler
 .text.UART5_RX_TX_IRQHandler
                0x00000b08        0x8 ./SDK/startup/startup_mk64f12.o
                0x00000b08                UART5_RX_TX_IRQHandler
 .text.UART5_ERR_IRQHandler
                0x00000b10        0x8 ./SDK/startup/startup_mk64f12.o
                0x00000b10                UART5_ERR_IRQHandler
 .text.CMP2_IRQHandler
                0x00000b18        0x8 ./SDK/startup/startup_mk64f12.o
                0x00000b18                CMP2_IRQHandler
 .text.FTM3_IRQHandler
                0x00000b20        0x8 ./SDK/startup/startup_mk64f12.o
                0x00000b20                FTM3_IRQHandler
 .text.DAC1_IRQHandler
                0x00000b28        0x8 ./SDK/startup/startup_mk64f12.o
                0x00000b28                DAC1_IRQHandler
 .text.ADC1_IRQHandler
                0x00000b30        0x8 ./SDK/startup/startup_mk64f12.o
                0x00000b30                ADC1_IRQHandler
 .text.I2C2_IRQHandler
                0x00000b38        0x8 ./SDK/startup/startup_mk64f12.o
                0x00000b38                I2C2_IRQHandler
 .text.CAN0_ORed_Message_buffer_IRQHandler
                0x00000b40        0x8 ./SDK/startup/startup_mk64f12.o
                0x00000b40                CAN0_ORed_Message_buffer_IRQHandler
 .text.CAN0_Bus_Off_IRQHandler
                0x00000b48        0x8 ./SDK/startup/startup_mk64f12.o
                0x00000b48                CAN0_Bus_Off_IRQHandler
 .text.CAN0_Error_IRQHandler
                0x00000b50        0x8 ./SDK/startup/startup_mk64f12.o
                0x00000b50                CAN0_Error_IRQHandler
 .text.CAN0_Tx_Warning_IRQHandler
                0x00000b58        0x8 ./SDK/startup/startup_mk64f12.o
                0x00000b58                CAN0_Tx_Warning_IRQHandler
 .text.CAN0_Rx_Warning_IRQHandler
                0x00000b60        0x8 ./SDK/startup/startup_mk64f12.o
                0x00000b60                CAN0_Rx_Warning_IRQHandler
 .text.CAN0_Wake_Up_IRQHandler
                0x00000b68        0x8 ./SDK/startup/startup_mk64f12.o
                0x00000b68                CAN0_Wake_Up_IRQHandler
 .text.SDHC_IRQHandler
                0x00000b70        0x8 ./SDK/startup/startup_mk64f12.o
                0x00000b70                SDHC_IRQHandler
 .text.ENET_1588_Timer_IRQHandler
                0x00000b78        0x8 ./SDK/startup/startup_mk64f12.o
                0x00000b78                ENET_1588_Timer_IRQHandler
 .text.ENET_Transmit_IRQHandler
                0x00000b80        0x8 ./SDK/startup/startup_mk64f12.o
                0x00000b80                ENET_Transmit_IRQHandler
 .text.ENET_Receive_IRQHandler
                0x00000b88        0x8 ./SDK/startup/startup_mk64f12.o
                0x00000b88                ENET_Receive_IRQHandler
 .text.ENET_Error_IRQHandler
                0x00000b90        0x8 ./SDK/startup/startup_mk64f12.o
                0x00000b90                ENET_Error_IRQHandler
 .text.SystemInitHook
                0x00000b98        0xe ./SDK/CMSIS/system_MK64F12.o
                0x00000b98                SystemInitHook
 *(SORT_BY_ALIGNMENT(.rodata) SORT_BY_ALIGNMENT(.rodata.*) SORT_BY_ALIGNMENT(.constdata) SORT_BY_ALIGNMENT(.constdata.*))
                0x00000ba8                . = ALIGN (0x8)
 *fill*         0x00000ba6        0x2 ff

.glue_7         0x00000ba8        0x0
 .glue_7        0x00000ba8        0x0 linker stubs

.glue_7t        0x00000ba8        0x0
 .glue_7t       0x00000ba8        0x0 linker stubs

.vfp11_veneer   0x00000ba8        0x0
 .vfp11_veneer  0x00000ba8        0x0 linker stubs

.v4_bx          0x00000ba8        0x0
 .v4_bx         0x00000ba8        0x0 linker stubs

.iplt           0x00000ba8        0x0
 .iplt          0x00000ba8        0x0 ./source/model/evQueue.o

.rel.dyn        0x00000ba8        0x0
 .rel.iplt      0x00000ba8        0x0 ./source/model/evQueue.o

.ARM.extab
 *(SORT_BY_ALIGNMENT(.ARM.extab*) SORT_BY_ALIGNMENT(.gnu.linkonce.armextab.*))

.ARM.exidx      0x00000ba8        0x0
                0x00000ba8                __exidx_start = .
 *(SORT_BY_ALIGNMENT(.ARM.exidx*) SORT_BY_ALIGNMENT(.gnu.linkonce.armexidx.*))
                0x00000ba8                __exidx_end = .
                0x00000ba8                _etext = .

.m_usb_data
 *(SORT_BY_ALIGNMENT(m_usb_bdt))

.data_RAM2      0x1fff0000        0x0 load address 0x00000ba8
 FILL mask 0xff
                [!provide]                PROVIDE (__start_data_RAM2 = .)
                [!provide]                PROVIDE (__start_data_SRAM_LOWER = .)
 *(SORT_BY_ALIGNMENT(.ramfunc.$RAM2))
 *(SORT_BY_ALIGNMENT(.ramfunc.$SRAM_LOWER))
 *(SORT_BY_ALIGNMENT(.data.$RAM2))
 *(SORT_BY_ALIGNMENT(.data.$SRAM_LOWER))
 *(SORT_BY_ALIGNMENT(.data.$RAM2.*))
 *(SORT_BY_ALIGNMENT(.data.$SRAM_LOWER.*))
                0x1fff0000                . = ALIGN (0x8)
                [!provide]                PROVIDE (__end_data_RAM2 = .)
                [!provide]                PROVIDE (__end_data_SRAM_LOWER = .)

.data_RAM3      0x14000000        0x0 load address 0x00000ba8
 FILL mask 0xff
                [!provide]                PROVIDE (__start_data_RAM3 = .)
                [!provide]                PROVIDE (__start_data_FLEX_RAM = .)
 *(SORT_BY_ALIGNMENT(.ramfunc.$RAM3))
 *(SORT_BY_ALIGNMENT(.ramfunc.$FLEX_RAM))
 *(SORT_BY_ALIGNMENT(.data.$RAM3))
 *(SORT_BY_ALIGNMENT(.data.$FLEX_RAM))
 *(SORT_BY_ALIGNMENT(.data.$RAM3.*))
 *(SORT_BY_ALIGNMENT(.data.$FLEX_RAM.*))
                0x14000000                . = ALIGN (0x8)
                [!provide]                PROVIDE (__end_data_RAM3 = .)
                [!provide]                PROVIDE (__end_data_FLEX_RAM = .)

.uninit_RESERVED
                0x20000000        0x0
                0x20000000                _start_uninit_RESERVED = .
 *(SORT_BY_ALIGNMENT(.bss.$RESERVED*))
                0x20000000                . = ALIGN (0x8)
                0x20000000                _end_uninit_RESERVED = .

.data           0x20000000      0x138 load address 0x00000ba8
 FILL mask 0xff
                0x20000000                _data = .
                [!provide]                PROVIDE (__start_data_RAM = .)
                [!provide]                PROVIDE (__start_data_SRAM_UPPER = .)
 *(SORT_BY_ALIGNMENT(vtable))
 *(SORT_BY_ALIGNMENT(.ramfunc*))
 *(SORT_BY_ALIGNMENT(CodeQuickAccess))
 *(SORT_BY_ALIGNMENT(DataQuickAccess))
 *(SORT_BY_ALIGNMENT(RamFunction))
 *(SORT_BY_ALIGNMENT(.data*))
 .data.stopped  0x20000000       0x54 ./source/model/fsm_states.o
                0x20000000                stopped
 .data.playing  0x20000054       0x60 ./source/model/fsm_states.o
                0x20000054                playing
 .data.paused   0x200000b4       0x6c ./source/model/fsm_states.o
                0x200000b4                paused
 .data.portPtr  0x20000120       0x14 ./source/MCAL/gpio.o
 .data.volume_level
                0x20000134        0x1 ./source/model/fsm_states.o
                0x20000138                . = ALIGN (0x8)
 *fill*         0x20000135        0x3 ff
                0x20000138                _edata = .
                [!provide]                PROVIDE (__end_data_RAM = .)
                [!provide]                PROVIDE (__end_data_SRAM_UPPER = .)

.igot.plt       0x20000138        0x0 load address 0x00000ce0
 .igot.plt      0x20000138        0x0 ./source/model/evQueue.o

.bss_RAM2       0x1fff0000        0x0
                [!provide]                PROVIDE (__start_bss_RAM2 = .)
                [!provide]                PROVIDE (__start_bss_SRAM_LOWER = .)
 *(SORT_BY_ALIGNMENT(.bss.$RAM2))
 *(SORT_BY_ALIGNMENT(.bss.$SRAM_LOWER))
 *(SORT_BY_ALIGNMENT(.bss.$RAM2.*))
 *(SORT_BY_ALIGNMENT(.bss.$SRAM_LOWER.*))
                0x1fff0000                . = ALIGN ((. != 0x0)?0x8:0x1)
                [!provide]                PROVIDE (__end_bss_RAM2 = .)
                [!provide]                PROVIDE (__end_bss_SRAM_LOWER = .)

.bss_RAM3       0x14000000        0x0
                [!provide]                PROVIDE (__start_bss_RAM3 = .)
                [!provide]                PROVIDE (__start_bss_FLEX_RAM = .)
 *(SORT_BY_ALIGNMENT(.bss.$RAM3))
 *(SORT_BY_ALIGNMENT(.bss.$FLEX_RAM))
 *(SORT_BY_ALIGNMENT(.bss.$RAM3.*))
 *(SORT_BY_ALIGNMENT(.bss.$FLEX_RAM.*))
                0x14000000                . = ALIGN ((. != 0x0)?0x8:0x1)
                [!provide]                PROVIDE (__end_bss_RAM3 = .)
                [!provide]                PROVIDE (__end_bss_FLEX_RAM = .)

.bss            0x20000138      0x2a0
                0x20000138                _bss = .
                [!provide]                PROVIDE (__start_bss_RAM = .)
                [!provide]                PROVIDE (__start_bss_SRAM_UPPER = .)
 *(SORT_BY_ALIGNMENT(.bss*))
 .bss.evQueue   0x20000138        0xa ./source/model/evQueue.o
 *fill*         0x20000142        0x2 
 .bss.evQueueReadIndex
                0x20000144        0x4 ./source/model/evQueue.o
 .bss.pState    0x20000148        0x4 ./source/model/fsm_states.o
 .bss.pinCallbacks
                0x2000014c      0x280 ./source/MCAL/gpio.o
 .bss.systick_callback
                0x200003cc        0x4 ./source/MCAL/systick.o
 .bss.__LDM_interruptDisableCount
                0x200003d0        0x4 ./SDK/startup/hardware.o
 *(SORT_BY_ALIGNMENT(COMMON))
                0x200003d8                . = ALIGN (0x8)
 *fill*         0x200003d4        0x4 
                0x200003d8                _ebss = .
                [!provide]                PROVIDE (__end_bss_RAM = .)
                [!provide]                PROVIDE (__end_bss_SRAM_UPPER = .)
                [!provide]                PROVIDE (end = .)

.noinit_RAM2    0x1fff0000        0x0
                [!provide]                PROVIDE (__start_noinit_RAM2 = .)
                [!provide]                PROVIDE (__start_noinit_SRAM_LOWER = .)
 *(SORT_BY_ALIGNMENT(.noinit.$RAM2))
 *(SORT_BY_ALIGNMENT(.noinit.$SRAM_LOWER))
 *(SORT_BY_ALIGNMENT(.noinit.$RAM2.*))
 *(SORT_BY_ALIGNMENT(.noinit.$SRAM_LOWER.*))
                0x1fff0000                . = ALIGN (0x8)
                [!provide]                PROVIDE (__end_noinit_RAM2 = .)
                [!provide]                PROVIDE (__end_noinit_SRAM_LOWER = .)

.noinit_RAM3    0x14000000        0x0
                [!provide]                PROVIDE (__start_noinit_RAM3 = .)
                [!provide]                PROVIDE (__start_noinit_FLEX_RAM = .)
 *(SORT_BY_ALIGNMENT(.noinit.$RAM3))
 *(SORT_BY_ALIGNMENT(.noinit.$FLEX_RAM))
 *(SORT_BY_ALIGNMENT(.noinit.$RAM3.*))
 *(SORT_BY_ALIGNMENT(.noinit.$FLEX_RAM.*))
                0x14000000                . = ALIGN (0x8)
                [!provide]                PROVIDE (__end_noinit_RAM3 = .)
                [!provide]                PROVIDE (__end_noinit_FLEX_RAM = .)

.noinit         0x200003d8        0x0
                0x200003d8                _noinit = .
                [!provide]                PROVIDE (__start_noinit_RAM = .)
                [!provide]                PROVIDE (__start_noinit_SRAM_UPPER = .)
 *(SORT_BY_ALIGNMENT(.noinit*))
                0x200003d8                . = ALIGN (0x8)
                0x200003d8                _end_noinit = .
                [!provide]                PROVIDE (__end_noinit_RAM = .)
                [!provide]                PROVIDE (__end_noinit_SRAM_UPPER = .)
                0x00001000                _HeapSize = 0x1000

.heap           0x200003d8     0x1000
                0x200003d8                _pvHeapStart = .
                0x200013d8                . = (. + _HeapSize)
 *fill*         0x200003d8     0x1000 
                0x200013d8                . = ALIGN (0x8)
                0x200013d8                _pvHeapLimit = .
                0x00001000                _StackSize = 0x1000

.heap2stackfill
                0x200013d8     0x1000
                0x200023d8                . = (. + _StackSize)
 *fill*         0x200013d8     0x1000 

.stack          0x2002f000        0x0
                0x2002f000                _vStackBase = .
                0x2002f000                . = ALIGN (0x8)
                0x20030000                _vStackTop = (. + _StackSize)
                0x00000000                _image_start = LOADADDR (.text)
                0x00000ce0                _image_end = (LOADADDR (.data) + SIZEOF (.data))
                0x00000ce0                _image_size = (_image_end - _image_start)
OUTPUT(MP3Player.axf elf32-littlearm)
LOAD linker stubs

.debug_info     0x00000000     0x2dfc
 .debug_info    0x00000000      0x21a ./source/model/evQueue.o
 .debug_info    0x0000021a      0x103 ./source/model/fsm_motor.o
 .debug_info    0x0000031d      0x2a4 ./source/model/fsm_states.o
 .debug_info    0x000005c1      0xb1f ./source/MCAL/gpio.o
 .debug_info    0x000010e0      0x13b ./source/MCAL/systick.o
 .debug_info    0x0000121b      0x1c7 ./source/App.o
 .debug_info    0x000013e2      0x690 ./SDK/startup/hardware.o
 .debug_info    0x00001a72       0xb8 ./SDK/startup/main.o
 .debug_info    0x00001b2a       0x3d ./SDK/startup/semihost_hardfault.o
 .debug_info    0x00001b67      0xc7e ./SDK/startup/startup_mk64f12.o
 .debug_info    0x000027e5      0x617 ./SDK/CMSIS/system_MK64F12.o

.debug_abbrev   0x00000000      0xc5e
 .debug_abbrev  0x00000000      0x13f ./source/model/evQueue.o
 .debug_abbrev  0x0000013f       0x9e ./source/model/fsm_motor.o
 .debug_abbrev  0x000001dd      0x16f ./source/model/fsm_states.o
 .debug_abbrev  0x0000034c      0x24d ./source/MCAL/gpio.o
 .debug_abbrev  0x00000599       0xf3 ./source/MCAL/systick.o
 .debug_abbrev  0x0000068c      0x12d ./source/App.o
 .debug_abbrev  0x000007b9      0x135 ./SDK/startup/hardware.o
 .debug_abbrev  0x000008ee       0x5b ./SDK/startup/main.o
 .debug_abbrev  0x00000949       0x2f ./SDK/startup/semihost_hardfault.o
 .debug_abbrev  0x00000978      0x19c ./SDK/startup/startup_mk64f12.o
 .debug_abbrev  0x00000b14      0x14a ./SDK/CMSIS/system_MK64F12.o

.debug_aranges  0x00000000      0x568
 .debug_aranges
                0x00000000       0x38 ./source/model/evQueue.o
 .debug_aranges
                0x00000038       0x20 ./source/model/fsm_motor.o
 .debug_aranges
                0x00000058       0x70 ./source/model/fsm_states.o
 .debug_aranges
                0x000000c8       0x80 ./source/MCAL/gpio.o
 .debug_aranges
                0x00000148       0x28 ./source/MCAL/systick.o
 .debug_aranges
                0x00000170       0x28 ./source/App.o
 .debug_aranges
                0x00000198       0x30 ./SDK/startup/hardware.o
 .debug_aranges
                0x000001c8       0x20 ./SDK/startup/main.o
 .debug_aranges
                0x000001e8       0x20 ./SDK/startup/semihost_hardfault.o
 .debug_aranges
                0x00000208      0x330 ./SDK/startup/startup_mk64f12.o
 .debug_aranges
                0x00000538       0x30 ./SDK/CMSIS/system_MK64F12.o

.debug_rnglists
                0x00000000      0x3dc
 .debug_rnglists
                0x00000000       0x25 ./source/model/evQueue.o
 .debug_rnglists
                0x00000025       0x13 ./source/model/fsm_motor.o
 .debug_rnglists
                0x00000038       0x4f ./source/model/fsm_states.o
 .debug_rnglists
                0x00000087       0x5e ./source/MCAL/gpio.o
 .debug_rnglists
                0x000000e5       0x19 ./source/MCAL/systick.o
 .debug_rnglists
                0x000000fe       0x19 ./source/App.o
 .debug_rnglists
                0x00000117       0x20 ./SDK/startup/hardware.o
 .debug_rnglists
                0x00000137       0x13 ./SDK/startup/main.o
 .debug_rnglists
                0x0000014a       0x13 ./SDK/startup/semihost_hardfault.o
 .debug_rnglists
                0x0000015d      0x25f ./SDK/startup/startup_mk64f12.o
 .debug_rnglists
                0x000003bc       0x20 ./SDK/CMSIS/system_MK64F12.o

.debug_macro    0x00000000    0x12b64
 .debug_macro   0x00000000      0x124 ./source/model/evQueue.o
 .debug_macro   0x00000124      0xab4 ./source/model/evQueue.o
 .debug_macro   0x00000bd8       0x22 ./source/model/evQueue.o
 .debug_macro   0x00000bfa      0x189 ./source/model/evQueue.o
 .debug_macro   0x00000d83       0x10 ./source/model/evQueue.o
 .debug_macro   0x00000d93       0x2a ./source/model/evQueue.o
 .debug_macro   0x00000dbd       0x22 ./source/model/evQueue.o
 .debug_macro   0x00000ddf       0x75 ./source/model/evQueue.o
 .debug_macro   0x00000e54       0x94 ./source/model/evQueue.o
 .debug_macro   0x00000ee8       0x3c ./source/model/evQueue.o
 .debug_macro   0x00000f24       0x34 ./source/model/evQueue.o
 .debug_macro   0x00000f58       0x16 ./source/model/evQueue.o
 .debug_macro   0x00000f6e       0x35 ./source/model/evQueue.o
 .debug_macro   0x00000fa3       0x16 ./source/model/evQueue.o
 .debug_macro   0x00000fb9       0x43 ./source/model/evQueue.o
 .debug_macro   0x00000ffc       0x57 ./source/model/evQueue.o
 .debug_macro   0x00001053       0x34 ./source/model/evQueue.o
 .debug_macro   0x00001087       0x10 ./source/model/evQueue.o
 .debug_macro   0x00001097       0x58 ./source/model/evQueue.o
 .debug_macro   0x000010ef      0x1de ./source/model/evQueue.o
 .debug_macro   0x000012cd      0x369 ./source/model/evQueue.o
 .debug_macro   0x00001636       0x16 ./source/model/evQueue.o
 .debug_macro   0x0000164c       0x29 ./source/model/evQueue.o
 .debug_macro   0x00001675       0xfd ./source/model/fsm_motor.o
 .debug_macro   0x00001772      0x11c ./source/model/fsm_motor.o
 .debug_macro   0x0000188e       0x94 ./source/model/fsm_motor.o
 .debug_macro   0x00001922      0x143 ./source/model/fsm_states.o
 .debug_macro   0x00001a65      0x34e ./source/model/fsm_states.o
 .debug_macro   0x00001db3      0x19e ./source/MCAL/gpio.o
 .debug_macro   0x00001f51       0x5c ./source/MCAL/gpio.o
 .debug_macro   0x00001fad       0x1c ./source/MCAL/gpio.o
 .debug_macro   0x00001fc9       0x22 ./source/MCAL/gpio.o
 .debug_macro   0x00001feb       0xd9 ./source/MCAL/gpio.o
 .debug_macro   0x000020c4      0xecf ./source/MCAL/gpio.o
 .debug_macro   0x00002f93       0x48 ./source/MCAL/gpio.o
 .debug_macro   0x00002fdb     0xe07b ./source/MCAL/gpio.o
 .debug_macro   0x00011056       0x16 ./source/MCAL/gpio.o
 .debug_macro   0x0001106c       0x9e ./source/MCAL/gpio.o
 .debug_macro   0x0001110a      0x10b ./source/MCAL/gpio.o
 .debug_macro   0x00011215       0x16 ./source/MCAL/gpio.o
 .debug_macro   0x0001122b       0x10 ./source/MCAL/gpio.o
 .debug_macro   0x0001123b     0x122b ./source/MCAL/gpio.o
 .debug_macro   0x00012466       0x16 ./source/MCAL/gpio.o
 .debug_macro   0x0001247c      0x1a5 ./source/MCAL/systick.o
 .debug_macro   0x00012621      0x173 ./source/App.o
 .debug_macro   0x00012794      0x18b ./SDK/startup/hardware.o
 .debug_macro   0x0001291f      0x18b ./SDK/startup/main.o
 .debug_macro   0x00012aaa       0x11 ./SDK/startup/semihost_hardfault.o
 .debug_macro   0x00012abb       0x29 ./SDK/startup/startup_mk64f12.o
 .debug_macro   0x00012ae4       0x80 ./SDK/CMSIS/system_MK64F12.o

.debug_line     0x00000000     0x319a
 .debug_line    0x00000000      0x3e8 ./source/model/evQueue.o
 .debug_line    0x000003e8      0x359 ./source/model/fsm_motor.o
 .debug_line    0x00000741      0x46a ./source/model/fsm_states.o
 .debug_line    0x00000bab      0x6a4 ./source/MCAL/gpio.o
 .debug_line    0x0000124f      0x454 ./source/MCAL/systick.o
 .debug_line    0x000016a3      0x3ca ./source/App.o
 .debug_line    0x00001a6d      0x504 ./SDK/startup/hardware.o
 .debug_line    0x00001f71      0x404 ./SDK/startup/main.o
 .debug_line    0x00002375       0x5f ./SDK/startup/semihost_hardfault.o
 .debug_line    0x000023d4      0xaa1 ./SDK/startup/startup_mk64f12.o
 .debug_line    0x00002e75      0x325 ./SDK/CMSIS/system_MK64F12.o

.debug_str      0x00000000    0x7bda5
 .debug_str     0x00000000     0x61fa ./source/model/evQueue.o
                               0x630f (size before relaxing)
 .debug_str     0x000061fa       0x36 ./source/model/fsm_motor.o
                               0x61e5 (size before relaxing)
 .debug_str     0x00006230      0xa45 ./source/model/fsm_states.o
                               0x6da8 (size before relaxing)
 .debug_str     0x00006c75    0x74629 ./source/MCAL/gpio.o
                              0x7b199 (size before relaxing)
 .debug_str     0x0007b29e       0xdf ./source/MCAL/systick.o
                              0x7aa1d (size before relaxing)
 .debug_str     0x0007b37d       0x21 ./source/App.o
                               0x73f1 (size before relaxing)
 .debug_str     0x0007b39e      0x178 ./SDK/startup/hardware.o
                              0x7ab7f (size before relaxing)
 .debug_str     0x0007b516       0x1b ./SDK/startup/main.o
                              0x7a98c (size before relaxing)
 .debug_str     0x0007b531       0x36 ./SDK/startup/semihost_hardfault.o
                               0x2e5c (size before relaxing)
 .debug_str     0x0007b567      0x7d7 ./SDK/startup/startup_mk64f12.o
                               0x36d1 (size before relaxing)
 .debug_str     0x0007bd3e       0x67 ./SDK/CMSIS/system_MK64F12.o
                              0x77207 (size before relaxing)

.comment        0x00000000       0x45
 .comment       0x00000000       0x45 ./source/model/evQueue.o
                                 0x46 (size before relaxing)
 .comment       0x00000045       0x46 ./source/model/fsm_motor.o
 .comment       0x00000045       0x46 ./source/model/fsm_states.o
 .comment       0x00000045       0x46 ./source/MCAL/gpio.o
 .comment       0x00000045       0x46 ./source/MCAL/systick.o
 .comment       0x00000045       0x46 ./source/App.o
 .comment       0x00000045       0x46 ./SDK/startup/hardware.o
 .comment       0x00000045       0x46 ./SDK/startup/main.o
 .comment       0x00000045       0x46 ./SDK/startup/semihost_hardfault.o
 .comment       0x00000045       0x46 ./SDK/startup/startup_mk64f12.o
 .comment       0x00000045       0x46 ./SDK/CMSIS/system_MK64F12.o

.ARM.attributes
                0x00000000       0x32
 .ARM.attributes
                0x00000000       0x34 ./source/model/evQueue.o
 .ARM.attributes
                0x00000034       0x34 ./source/model/fsm_motor.o
 .ARM.attributes
                0x00000068       0x34 ./source/model/fsm_states.o
 .ARM.attributes
                0x0000009c       0x34 ./source/MCAL/gpio.o
 .ARM.attributes
                0x000000d0       0x34 ./source/MCAL/systick.o
 .ARM.attributes
                0x00000104       0x34 ./source/App.o
 .ARM.attributes
                0x00000138       0x34 ./SDK/startup/hardware.o
 .ARM.attributes
                0x0000016c       0x34 ./SDK/startup/main.o
 .ARM.attributes
                0x000001a0       0x34 ./SDK/startup/semihost_hardfault.o
 .ARM.attributes
                0x000001d4       0x34 ./SDK/startup/startup_mk64f12.o
 .ARM.attributes
                0x00000208       0x34 ./SDK/CMSIS/system_MK64F12.o

.debug_frame    0x00000000      0xf54
 .debug_frame   0x00000000       0xa8 ./source/model/evQueue.o
 .debug_frame   0x000000a8       0x34 ./source/model/fsm_motor.o
 .debug_frame   0x000000dc      0x170 ./source/model/fsm_states.o
 .debug_frame   0x0000024c      0x224 ./source/MCAL/gpio.o
 .debug_frame   0x00000470       0x64 ./source/MCAL/systick.o
 .debug_frame   0x000004d4       0x4c ./source/App.o
 .debug_frame   0x00000520       0x70 ./SDK/startup/hardware.o
 .debug_frame   0x00000590       0x2c ./SDK/startup/main.o
 .debug_frame   0x000005bc       0x20 ./SDK/startup/semihost_hardfault.o
 .debug_frame   0x000005dc      0x904 ./SDK/startup/startup_mk64f12.o
 .debug_frame   0x00000ee0       0x74 ./SDK/CMSIS/system_MK64F12.o

.debug_loclists
                0x00000000      0x113
 .debug_loclists
                0x00000000      0x113 ./SDK/startup/startup_mk64f12.o
