Archive member included to satisfy reference by file (symbol)

D:\00-ITBA\LabdeMicros\FINAL\Eclipse\mp3_eclipse\frdmk64f_sdcard_fatfs\lib\libarm_cortexM4lf_math.a(arm_rfft_fast_init_f32.o)
                              ./source/spectrum_display/rfft.o (arm_rfft_fast_init_f32)
D:\00-ITBA\LabdeMicros\FINAL\Eclipse\mp3_eclipse\frdmk64f_sdcard_fatfs\lib\libarm_cortexM4lf_math.a(arm_rfft_fast_f32.o)
                              ./source/spectrum_display/rfft.o (arm_rfft_fast_f32)
D:\00-ITBA\LabdeMicros\FINAL\Eclipse\mp3_eclipse\frdmk64f_sdcard_fatfs\lib\libarm_cortexM4lf_math.a(arm_cfft_f32.o)
                              D:\00-ITBA\LabdeMicros\FINAL\Eclipse\mp3_eclipse\frdmk64f_sdcard_fatfs\lib\libarm_cortexM4lf_math.a(arm_rfft_fast_f32.o) (arm_cfft_f32)
D:\00-ITBA\LabdeMicros\FINAL\Eclipse\mp3_eclipse\frdmk64f_sdcard_fatfs\lib\libarm_cortexM4lf_math.a(arm_fir_init_q15.o)
                              ./source/equalizer/EQ_FIR_Q15.o (arm_fir_init_q15)
D:\00-ITBA\LabdeMicros\FINAL\Eclipse\mp3_eclipse\frdmk64f_sdcard_fatfs\lib\libarm_cortexM4lf_math.a(arm_fir_fast_q15.o)
                              ./source/equalizer/EQ_FIR_Q15.o (arm_fir_fast_q15)
D:\00-ITBA\LabdeMicros\FINAL\Eclipse\mp3_eclipse\frdmk64f_sdcard_fatfs\lib\libarm_cortexM4lf_math.a(arm_common_tables.o)
                              D:\00-ITBA\LabdeMicros\FINAL\Eclipse\mp3_eclipse\frdmk64f_sdcard_fatfs\lib\libarm_cortexM4lf_math.a(arm_rfft_fast_init_f32.o) (twiddleCoef_rfft_4096)
D:\00-ITBA\LabdeMicros\FINAL\Eclipse\mp3_eclipse\frdmk64f_sdcard_fatfs\lib\libarm_cortexM4lf_math.a(arm_bitreversal2.o)
                              D:\00-ITBA\LabdeMicros\FINAL\Eclipse\mp3_eclipse\frdmk64f_sdcard_fatfs\lib\libarm_cortexM4lf_math.a(arm_cfft_f32.o) (arm_bitreversal_32)
D:\00-ITBA\LabdeMicros\FINAL\Eclipse\mp3_eclipse\frdmk64f_sdcard_fatfs\lib\libarm_cortexM4lf_math.a(arm_cfft_radix8_f32.o)
                              D:\00-ITBA\LabdeMicros\FINAL\Eclipse\mp3_eclipse\frdmk64f_sdcard_fatfs\lib\libarm_cortexM4lf_math.a(arm_cfft_f32.o) (arm_radix8_butterfly_f32)
c:/nxp/mcuxpressoide_11.8.0_1165/ide/plugins/com.nxp.mcuxpresso.tools.win32_11.8.0.202306131047/tools/bin/../lib/gcc/arm-none-eabi/12.2.1/../../../../arm-none-eabi/lib/thumb/v7e-m+fp/hard\libcr_semihost_nf.a(_cr__main.o)
                              ./startup/startup_mk64f12.o (__main)
c:/nxp/mcuxpressoide_11.8.0_1165/ide/plugins/com.nxp.mcuxpresso.tools.win32_11.8.0.202306131047/tools/bin/../lib/gcc/arm-none-eabi/12.2.1/../../../../arm-none-eabi/lib/thumb/v7e-m+fp/hard\libcr_c.a(sqrtf_m4_hardfp.o)
                              ./source/spectrum_display/rfft.o (sqrtf)
c:/nxp/mcuxpressoide_11.8.0_1165/ide/plugins/com.nxp.mcuxpresso.tools.win32_11.8.0.202306131047/tools/bin/../lib/gcc/arm-none-eabi/12.2.1/../../../../arm-none-eabi/lib/thumb/v7e-m+fp/hard\libcr_c.a(memcpy.o)
                              ./lib/sdmmc/src/fsl_sd.o (memcpy)
c:/nxp/mcuxpressoide_11.8.0_1165/ide/plugins/com.nxp.mcuxpresso.tools.win32_11.8.0.202306131047/tools/bin/../lib/gcc/arm-none-eabi/12.2.1/../../../../arm-none-eabi/lib/thumb/v7e-m+fp/hard\libcr_c.a(memmove.o)
                              ./lib/mp3decoder/mp3decoder.o (memmove)
c:/nxp/mcuxpressoide_11.8.0_1165/ide/plugins/com.nxp.mcuxpresso.tools.win32_11.8.0.202306131047/tools/bin/../lib/gcc/arm-none-eabi/12.2.1/../../../../arm-none-eabi/lib/thumb/v7e-m+fp/hard\libcr_c.a(memset.o)
                              ./lib/sdmmc/src/fsl_sd.o (memset)
c:/nxp/mcuxpressoide_11.8.0_1165/ide/plugins/com.nxp.mcuxpresso.tools.win32_11.8.0.202306131047/tools/bin/../lib/gcc/arm-none-eabi/12.2.1/../../../../arm-none-eabi/lib/thumb/v7e-m+fp/hard\libcr_c.a(alloc.o)
                              ./drivers/FSL/fsl_common.o (malloc)
c:/nxp/mcuxpressoide_11.8.0_1165/ide/plugins/com.nxp.mcuxpresso.tools.win32_11.8.0.202306131047/tools/bin/../lib/gcc/arm-none-eabi/12.2.1/../../../../arm-none-eabi/lib/thumb/v7e-m+fp/hard\libcr_c.a(initio.o)
                              c:/nxp/mcuxpressoide_11.8.0_1165/ide/plugins/com.nxp.mcuxpresso.tools.win32_11.8.0.202306131047/tools/bin/../lib/gcc/arm-none-eabi/12.2.1/../../../../arm-none-eabi/lib/thumb/v7e-m+fp/hard\libcr_semihost_nf.a(_cr__main.o) (_initio)
c:/nxp/mcuxpressoide_11.8.0_1165/ide/plugins/com.nxp.mcuxpresso.tools.win32_11.8.0.202306131047/tools/bin/../lib/gcc/arm-none-eabi/12.2.1/../../../../arm-none-eabi/lib/thumb/v7e-m+fp/hard\libcr_c.a(log10.o)
                              ./source/equalizer/math_helper.o (log10)
c:/nxp/mcuxpressoide_11.8.0_1165/ide/plugins/com.nxp.mcuxpresso.tools.win32_11.8.0.202306131047/tools/bin/../lib/gcc/arm-none-eabi/12.2.1/../../../../arm-none-eabi/lib/thumb/v7e-m+fp/hard\libcr_c.a(printf.o)
                              ./drivers/HAL/DRV_FILEEXPLORER.o (_sprintf)
c:/nxp/mcuxpressoide_11.8.0_1165/ide/plugins/com.nxp.mcuxpresso.tools.win32_11.8.0.202306131047/tools/bin/../lib/gcc/arm-none-eabi/12.2.1/../../../../arm-none-eabi/lib/thumb/v7e-m+fp/hard\libcr_c.a(setvbuf.o)
[...]
Memory Configuration

Name             Origin             Length             Attributes
PROGRAM_FLASH    0x00000000         0x00100000         xr
SRAM_UPPER       0x20000000         0x00030000         xrw
SRAM_LOWER       0x1fff0000         0x00010000         xrw
FLEX_RAM         0x14000000         0x00001000         xrw
*default*        0x00000000         0xffffffff

Linker script and memory map

LOAD ./utilities/fsl_assert.o
LOAD ./utilities/fsl_debug_console.o
LOAD ./startup/hardware.o
LOAD ./startup/main.o
LOAD ./startup/semihost_hardfault.o
LOAD ./startup/startup_mk64f12.o
LOAD ./source/spectrum_display/rfft.o
LOAD ./source/spectrum_display/spectrum_display.o
LOAD ./source/lcd_display/lcd_display.o
LOAD ./source/equalizer/EQ_FIR_Q15.o
LOAD ./source/equalizer/math_helper.o
LOAD ./source/audio_manager/audio_manager.o
LOAD ./source/app_test.o
LOAD ./lib/sdmmc/src/fsl_sd.o
LOAD ./lib/sdmmc/src/fsl_sdmmc_common.o
LOAD ./lib/sdmmc/osa/fsl_sdmmc_osa.o
LOAD ./lib/sdmmc/host/fsl_sdmmc_host.o
LOAD ./lib/mp3decoder/mp3decoder.o
LOAD ./lib/id3tagParser/read_id3.o
LOAD ./lib/helix/real/bitstream.o
LOAD ./lib/helix/real/buffers.o
LOAD ./lib/helix/real/dct32.o
LOAD ./lib/helix/real/dequant.o
LOAD ./lib/helix/real/dqchan.o
LOAD ./lib/helix/real/huffman.o
LOAD ./lib/helix/real/hufftabs.o
LOAD ./lib/helix/real/imdct.o
LOAD ./lib/helix/real/polyphase.o
LOAD ./lib/helix/real/scalfact.o
LOAD ./lib/helix/real/stproc.o
LOAD ./lib/helix/real/subband.o
LOAD ./lib/helix/real/trigtabs_fixpt.o
LOAD ./lib/helix/mp3dec.o
LOAD ./lib/helix/mp3tabs.o
LOAD ./lib/fatfs/source/fsl_sd_disk/fsl_sd_disk.o
LOAD ./lib/fatfs/source/fsl_ram_disk/fsl_ram_disk.o
LOAD ./lib/fatfs/source/diskio.o
LOAD ./lib/fatfs/source/ff.o
LOAD ./lib/fatfs/source/ffsystem.o
LOAD ./lib/fatfs/source/ffunicode.o
LOAD ./drivers/MCAL/PDRV_DAC.o
LOAD ./drivers/MCAL/PDRV_DMA.o
LOAD ./drivers/MCAL/PDRV_FTM.o
LOAD ./drivers/MCAL/PDRV_GPIO.o
LOAD ./drivers/MCAL/PDRV_PIT.o
LOAD ./drivers/MCAL/PDRV_SPI.o
LOAD ./drivers/MCAL/PDRV_SysTick.o
LOAD ./drivers/HAL/DRV_AudioControl.o
LOAD ./drivers/HAL/DRV_Board.o
LOAD ./drivers/HAL/DRV_Buttons.o
LOAD ./drivers/HAL/DRV_Encoder.o
LOAD ./drivers/HAL/DRV_FILEEXPLORER.o
LOAD ./drivers/HAL/DRV_LCD.o
LOAD ./drivers/HAL/DRV_LEDMatrix_alt.o
LOAD ./drivers/HAL/DRV_SD.o
LOAD ./drivers/HAL/DRV_Timers.o
LOAD ./drivers/HAL/DRV_WaveGen.o
LOAD ./drivers/FSL/fsl_clock.o
LOAD ./drivers/FSL/fsl_common.o
LOAD ./drivers/FSL/fsl_common_arm.o
LOAD ./drivers/FSL/fsl_ftfx_cache.o
LOAD ./drivers/FSL/fsl_ftfx_controller.o
LOAD ./drivers/FSL/fsl_ftfx_flash.o
LOAD ./drivers/FSL/fsl_ftfx_flexnvm.o
LOAD ./drivers/FSL/fsl_gpio.o
LOAD ./drivers/FSL/fsl_sdhc.o
LOAD ./drivers/FSL/fsl_smc.o
LOAD ./drivers/FSL/fsl_sysmpu.o
LOAD ./drivers/FSL/fsl_uart.o
LOAD ./device/system_MK64F12.o
LOAD ./component/uart/fsl_adapter_uart.o
LOAD ./component/osa/fsl_os_abstraction_bm.o
LOAD ./component/lists/fsl_component_generic_list.o
LOAD ./board/board.o
LOAD ./board/clock_config.o
LOAD ./board/pin_mux.o
LOAD ./board/sdmmc_config.o
LOAD D:\00-ITBA\LabdeMicros\FINAL\Eclipse\mp3_eclipse\frdmk64f_sdcard_fatfs\lib\libarm_cortexM4lf_math.a
START GROUP
LOAD c:/nxp/mcuxpressoide_11.8.0_1165/ide/plugins/com.nxp.mcuxpresso.tools.win32_11.8.0.202306131047/tools/bin/../lib/gcc/arm-none-eabi/12.2.1/../../../../arm-none-eabi/lib/thumb/v7e-m+fp/hard\libcr_semihost_nf.a
LOAD c:/nxp/mcuxpressoide_11.8.0_1165/ide/plugins/com.nxp.mcuxpresso.tools.win32_11.8.0.202306131047/tools/bin/../lib/gcc/arm-none-eabi/12.2.1/../../../../arm-none-eabi/lib/thumb/v7e-m+fp/hard\libcr_c.a
LOAD c:/nxp/mcuxpressoide_11.8.0_1165/ide/plugins/com.nxp.mcuxpresso.tools.win32_11.8.0.202306131047/tools/bin/../lib/gcc/arm-none-eabi/12.2.1/thumb/v7e-m+fp/hard\libcr_eabihelpers.a
LOAD c:/nxp/mcuxpressoide_11.8.0_1165/ide/plugins/com.nxp.mcuxpresso.tools.win32_11.8.0.202306131047/tools/bin/../lib/gcc/arm-none-eabi/12.2.1/thumb/v7e-m+fp/hard\libgcc.a
END GROUP
                0x00000000                __base_PROGRAM_FLASH = 0x0
                0x00000000                __base_Flash = 0x0
                0x00100000                __top_PROGRAM_FLASH = 0x100000
                0x00100000                __top_Flash = 0x100000
                0x20000000                __base_SRAM_UPPER = 0x20000000
                0x20000000                __base_RAM = 0x20000000
                0x20030000                __top_SRAM_UPPER = 0x20030000
                0x20030000                __top_RAM = 0x20030000
                0x1fff0000                __base_SRAM_LOWER = 0x1fff0000
                0x1fff0000                __base_RAM2 = 0x1fff0000
                0x20000000                __top_SRAM_LOWER = 0x20000000
                0x20000000                __top_RAM2 = 0x20000000
                0x14000000                __base_FLEX_RAM = 0x14000000
                0x14000000                __base_RAM3 = 0x14000000
                0x14001000                __top_FLEX_RAM = 0x14001000
                0x14001000                __top_RAM3 = 0x14001000

.text           0x00000000    0x27888
 FILL mask 0xff
                0x00000000                __vectors_start__ = ABSOLUTE (.)
 *(SORT_BY_ALIGNMENT(.isr_vector))
 .isr_vector    0x00000000      0x198 ./startup/startup_mk64f12.o
                0x00000000                g_pfnVectors
                0x00000000                __Vectors
                0x00000198                . = ALIGN (0x4)
                0x00000198                __section_table_start = .
                0x00000198                __data_section_table = .
                0x00000198        0x4 LONG 0x27888 LOADADDR (.data)
                0x0000019c        0x4 LONG 0x20000000 ADDR (.data)
                0x000001a0        0x4 LONG 0x160 SIZEOF (.data)
                0x000001a4        0x4 LONG 0x27888 LOADADDR (.data_RAM2)
                0x000001a8        0x4 LONG 0x1fff0000 ADDR (.data_RAM2)
                0x000001ac        0x4 LONG 0x0 SIZEOF (.data_RAM2)
                0x000001b0        0x4 LONG 0x27888 LOADADDR (.data_RAM3)
                0x000001b4        0x4 LONG 0x14000000 ADDR (.data_RAM3)
                0x000001b8        0x4 LONG 0x0 SIZEOF (.data_RAM3)
                0x000001bc                __data_section_table_end = .
                0x000001bc                __bss_section_table = .
                0x000001bc        0x4 LONG 0x20000160 ADDR (.bss)
                0x000001c0        0x4 LONG 0x12710 SIZEOF (.bss)
                0x000001c4        0x4 LONG 0x1fff0000 ADDR (.bss_RAM2)
                0x000001c8        0x4 LONG 0x0 SIZEOF (.bss_RAM2)
                0x000001cc        0x4 LONG 0x14000000 ADDR (.bss_RAM3)
                0x000001d0        0x4 LONG 0x0 SIZEOF (.bss_RAM3)
                0x000001d4                __bss_section_table_end = .
                0x000001d4                __section_table_end = .
 *(SORT_BY_ALIGNMENT(.after_vectors*))
 .after_vectors.reset
                0x000001d4       0x4c ./startup/startup_mk64f12.o
                0x000001d4                ResetISR
 .after_vectors.init_data
                0x00000220       0x1e ./startup/startup_mk64f12.o
                0x00000220                data_init
 .after_vectors.init_bss
                0x0000023e       0x12 ./startup/startup_mk64f12.o
                0x0000023e                bss_init
 .after_vectors
                0x00000250       0x14 ./startup/startup_mk64f12.o
                0x00000250                NMI_Handler
                0x00000254                MemManage_Handler
                0x00000256                BusFault_Handler
                0x00000258                UsageFault_Handler
                0x0000025a                SVC_Handler
                0x0000025c                DebugMon_Handler
                0x0000025e                PendSV_Handler
                0x00000262                DMA_Error_DriverIRQHandler
                0x00000262                LPTMR0_DriverIRQHandler
                0x00000262                FTM1_DriverIRQHandler
                0x00000262                FTM2_DriverIRQHandler
                0x00000262                PIT2_DriverIRQHandler
                0x00000262                I2S0_Tx_DriverIRQHandler
                0x00000262                RTC_Seconds_DriverIRQHandler
                0x00000262                DMA6_DriverIRQHandler
                0x00000262                LLWU_DriverIRQHandler
                0x00000262                MCM_DriverIRQHandler
                0x00000262                MCG_DriverIRQHandler
                0x00000262                ENET_1588_Timer_DriverIRQHandler
                0x00000262                I2C2_DriverIRQHandler
                0x00000262                DAC1_DriverIRQHandler
                0x00000262                SPI1_DriverIRQHandler
                0x00000262                CMP1_DriverIRQHandler
                0x00000262                FTM0_DriverIRQHandler
                0x00000262                IntDefaultHandler
                0x00000262                USB0_DriverIRQHandler
                0x00000262                UART5_ERR_DriverIRQHandler
                0x00000262                PORTC_DriverIRQHandler
                0x00000262                DMA11_DriverIRQHandler
                0x00000262                DAC0_DriverIRQHandler
                0x00000262                DMA10_DriverIRQHandler
                0x00000262                CMP2_DriverIRQHandler
                0x00000262                UART2_ERR_DriverIRQHandler
                0x00000262                SPI2_DriverIRQHandler
                0x00000262                LVD_LVW_DriverIRQHandler
                0x00000262                PIT0_DriverIRQHandler
                0x00000262                RNG_DriverIRQHandler
                0x00000262                DMA12_DriverIRQHandler
                0x00000262                DMA4_DriverIRQHandler
                0x00000262                USBDCD_DriverIRQHandler
                0x00000262                UART3_ERR_DriverIRQHandler
                0x00000262                DMA3_DriverIRQHandler
                0x00000262                DMA8_DriverIRQHandler
                0x00000262                DMA9_DriverIRQHandler
                0x00000262                UART0_ERR_DriverIRQHandler
                0x00000262                CMT_DriverIRQHandler
                0x00000262                Reserved71_DriverIRQHandler
                0x00000262                ADC1_DriverIRQHandler
                0x00000262                PORTA_DriverIRQHandler
                0x00000262                DMA14_DriverIRQHandler
                0x00000262                PIT3_DriverIRQHandler
                0x00000262                PIT1_DriverIRQHandler
                0x00000262                WDOG_EWM_DriverIRQHandler
                0x00000262                PDB0_DriverIRQHandler
                0x00000262                RTC_DriverIRQHandler
                0x00000262                I2S0_Rx_DriverIRQHandler
                0x00000262                Read_Collision_DriverIRQHandler
                0x00000262                SWI_DriverIRQHandler
                0x00000262                UART4_ERR_DriverIRQHandler
                0x00000262                PORTB_DriverIRQHandler
                0x00000262                UART0_LON_DriverIRQHandler
                0x00000262                DMA0_DriverIRQHandler
                0x00000262                DMA1_DriverIRQHandler
                0x00000262                I2C1_DriverIRQHandler
                0x00000262                ENET_Receive_DriverIRQHandler
                0x00000262                DMA13_DriverIRQHandler
                0x00000262                ENET_Error_DriverIRQHandler
                0x00000262                DMA15_DriverIRQHandler
                0x00000262                SPI0_DriverIRQHandler
                0x00000262                ADC0_DriverIRQHandler
                0x00000262                CMP0_DriverIRQHandler
                0x00000262                CAN0_DriverIRQHandler
                0x00000262                FTM3_DriverIRQHandler
                0x00000262                DMA5_DriverIRQHandler
                0x00000262                UART1_ERR_DriverIRQHandler
                0x00000262                DMA2_DriverIRQHandler
                0x00000262                ENET_Transmit_DriverIRQHandler
                0x00000262                PORTD_DriverIRQHandler
                0x00000262                PORTE_DriverIRQHandler
                0x00000262                FTFE_DriverIRQHandler
                0x00000262                I2C0_DriverIRQHandler
                0x00000262                DMA7_DriverIRQHandler
                0x00000400                . = 0x400
 *fill*         0x00000264      0x19c ff
                0x00000400                PROVIDE (__FLASH_CONFIG_START__ = .)
 *(SORT_BY_ALIGNMENT(.FlashConfig))
 .FlashConfig   0x00000400       0x10 ./startup/startup_mk64f12.o
                0x00000400                Flash_Config
                0x00000410                PROVIDE (__FLASH_CONFIG_END__ = .)
                0x00000001                ASSERT (! ((__FLASH_CONFIG_START__ == __FLASH_CONFIG_END__)), Linker Flash Config Support Enabled, but no .FlashConfig section provided within application)
 *(SORT_BY_ALIGNMENT(.text*))
 .text.__assertion_failed
                0x00000410       0x18 ./utilities/fsl_assert.o
                0x00000410                __assertion_failed
 .text.hw_Init  0x00000428      0x108 ./startup/hardware.o
                0x00000428                hw_Init
 .text.hw_EnableInterrupts
                0x00000530       0x30 ./startup/hardware.o
                0x00000530                hw_EnableInterrupts
 .text.hw_DisableInterrupts
                0x00000560       0x20 ./startup/hardware.o
                0x00000560                hw_DisableInterrupts
 .text.lcd_display_config
                0x00000580       0x28 ./source/lcd_display/lcd_display.o
                0x00000580                lcd_display_config
 .text.lcd_display_clear_loop
                0x000005a8       0x64 ./source/lcd_display/lcd_display.o
                0x000005a8                lcd_display_clear_loop
 .text.lcd_display_set_string
                0x0000060c       0x28 ./source/lcd_display/lcd_display.o
                0x0000060c                lcd_display_set_string
 .text.lcd_display_clear
                0x00000634       0x18 ./source/lcd_display/lcd_display.o
                0x00000634                lcd_display_clear
 .text.lcd_display_loop
                0x0000064c       0xe0 ./source/lcd_display/lcd_display.o
                0x0000064c                lcd_display_loop
 .text.eq_init  0x0000072c       0xa4 ./source/equalizer/EQ_FIR_Q15.o
                0x0000072c                eq_init
 .text.eq_filter_frame
                0x000007d0      0x1bc ./source/equalizer/EQ_FIR_Q15.o
                0x000007d0                eq_filter_frame
 .text.eq_set_eq
                0x0000098c       0x20 ./source/equalizer/EQ_FIR_Q15.o
                0x0000098c                eq_set_eq
 .text.init_audio_manager
                0x000009ac       0x30 ./source/audio_manager/audio_manager.o
                0x000009ac                init_audio_manager
 .text.audio_load_song
                0x000009dc       0x24 ./source/audio_manager/audio_manager.o
                0x000009dc                audio_load_song
 .text.audio_start_playing
                0x00000a00       0x1c ./source/audio_manager/audio_manager.o
                0x00000a00                audio_start_playing
 .text.audio_decode_loop
                0x00000a1c       0x28 ./source/audio_manager/audio_manager.o
                0x00000a1c                audio_decode_loop
 .text.audio_stop_playing
                0x00000a44       0x18 ./source/audio_manager/audio_manager.o
                0x00000a44                audio_stop_playing
 .text.increase_volume
                0x00000a5c       0x2c ./source/audio_manager/audio_manager.o
                0x00000a5c                increase_volume
 .text.decrease_volume
                0x00000a88       0x2c ./source/audio_manager/audio_manager.o
                0x00000a88                decrease_volume
 .text.audio_play_pause
                0x00000ab4       0x24 ./source/audio_manager/audio_manager.o
                0x00000ab4                audio_play_pause
 .text.audio_raise_decode_flag
                0x00000ad8       0x18 ./source/audio_manager/audio_manager.o
 .text.audio_decode_next_frame
                0x00000af0      0x14c ./source/audio_manager/audio_manager.o
 .text.App_Init
                0x00000c3c       0x34 ./source/app_test.o
                0x00000c3c                App_Init
 .text.SD_SendApplicationCmd
                0x00000c70       0x30 ./lib/sdmmc/src/fsl_sd.o
 .text.SD_GoIdle
                0x00000ca0       0x2c ./lib/sdmmc/src/fsl_sd.o
 .text.SD_SetBlockSize
                0x00000ccc       0x30 ./lib/sdmmc/src/fsl_sd.o
 .text.SD_ExecuteTuning
                0x00000cfc       0x3c ./lib/sdmmc/src/fsl_sd.o
 .text.SD_SwitchVoltage
                0x00000d38      0x10c ./lib/sdmmc/src/fsl_sd.o
 .text.SD_StopTransmission
                0x00000e44       0x80 ./lib/sdmmc/src/fsl_sd.o
 .text.SD_Transfer
                0x00000ec4       0xc8 ./lib/sdmmc/src/fsl_sd.o
 .text.SD_SendCardStatus
                0x00000f8c       0xac ./lib/sdmmc/src/fsl_sd.o
 .text.SD_PollingCardStatusBusy
                0x00001038       0x7c ./lib/sdmmc/src/fsl_sd.o
                0x00001038                SD_PollingCardStatusBusy
 .text.SD_SendRca
                0x000010b4       0x74 ./lib/sdmmc/src/fsl_sd.o
 .text.SD_SwitchFunction
                0x00001128       0xc8 ./lib/sdmmc/src/fsl_sd.o
 .text.SD_DecodeScr
                0x000011f0      0x178 ./lib/sdmmc/src/fsl_sd.o
 .text.SD_SendScr
                0x00001368       0xe0 ./lib/sdmmc/src/fsl_sd.o
 .text.SD_SelectFunction
                0x00001448      0x184 ./lib/sdmmc/src/fsl_sd.o
 .text.SD_SetDataBusWidth
                0x000015cc       0x9c ./lib/sdmmc/src/fsl_sd.o
 .text.SD_DecodeCsd
                0x00001668      0x374 ./lib/sdmmc/src/fsl_sd.o
 .text.SD_SendCsd
                0x000019dc       0x98 ./lib/sdmmc/src/fsl_sd.o
 .text.SD_DecodeCid
                0x00001a74       0xd4 ./lib/sdmmc/src/fsl_sd.o
 .text.SD_AllSendCid
                0x00001b48       0x94 ./lib/sdmmc/src/fsl_sd.o
 .text.SD_ApplicationSendOperationCondition
                0x00001bdc       0xdc ./lib/sdmmc/src/fsl_sd.o
 .text.SD_SendInterfaceCondition
                0x00001cb8       0x98 ./lib/sdmmc/src/fsl_sd.o
 .text.SD_SelectBusTiming
                0x00001d50      0x268 ./lib/sdmmc/src/fsl_sd.o
 .text.SD_DecodeStatus
                0x00001fb8      0x114 ./lib/sdmmc/src/fsl_sd.o
 .text.SD_ReadStatus
                0x000020cc       0xfc ./lib/sdmmc/src/fsl_sd.o
                0x000020cc                SD_ReadStatus
 .text.SD_SelectCard
                0x000021c8       0x38 ./lib/sdmmc/src/fsl_sd.o
                0x000021c8                SD_SelectCard
 .text.SD_Read  0x00002200      0x14c ./lib/sdmmc/src/fsl_sd.o
 .text.SD_ReadBlocks
                0x0000234c      0x188 ./lib/sdmmc/src/fsl_sd.o
                0x0000234c                SD_ReadBlocks
 .text.SD_ProbeBusVoltage
                0x000024d4      0x164 ./lib/sdmmc/src/fsl_sd.o
 .text.sdcard_init
                0x00002638      0x160 ./lib/sdmmc/src/fsl_sd.o
 .text.SD_CardInit
                0x00002798       0x60 ./lib/sdmmc/src/fsl_sd.o
                0x00002798                SD_CardInit
 .text.SD_CardDeinit
                0x000027f8       0x54 ./lib/sdmmc/src/fsl_sd.o
                0x000027f8                SD_CardDeinit
 .text.SD_HostInit
                0x0000284c       0x8c ./lib/sdmmc/src/fsl_sd.o
                0x0000284c                SD_HostInit
 .text.SD_HostDeinit
                0x000028d8       0x34 ./lib/sdmmc/src/fsl_sd.o
                0x000028d8                SD_HostDeinit
 .text.SD_SetCardPower
                0x0000290c       0x80 ./lib/sdmmc/src/fsl_sd.o
                0x0000290c                SD_SetCardPower
 .text.SD_PollingCardInsert
                0x0000298c       0xcc ./lib/sdmmc/src/fsl_sd.o
                0x0000298c                SD_PollingCardInsert
 .text.SD_Init  0x00002a58       0x84 ./lib/sdmmc/src/fsl_sd.o
                0x00002a58                SD_Init
 .text.SDMMC_SelectCard
                0x00002adc       0x84 ./lib/sdmmc/src/fsl_sdmmc_common.o
                0x00002adc                SDMMC_SelectCard
 .text.SDMMC_SendApplicationCommand
                0x00002b60       0x80 ./lib/sdmmc/src/fsl_sdmmc_common.o
                0x00002b60                SDMMC_SendApplicationCommand
 .text.SDMMC_SetBlockSize
                0x00002be0       0x70 ./lib/sdmmc/src/fsl_sdmmc_common.o
                0x00002be0                SDMMC_SetBlockSize
 .text.SDMMC_OSAEventCreate
                0x00002c50       0x30 ./lib/sdmmc/osa/fsl_sdmmc_osa.o
                0x00002c50                SDMMC_OSAEventCreate
 .text.SDMMC_OSAEventWait
                0x00002c80       0x6c ./lib/sdmmc/osa/fsl_sdmmc_osa.o
                0x00002c80                SDMMC_OSAEventWait
 .text.SDMMC_OSAEventSet
                0x00002cec       0x4c ./lib/sdmmc/osa/fsl_sdmmc_osa.o
                0x00002cec                SDMMC_OSAEventSet
 .text.SDMMC_OSAEventGet
                0x00002d38       0x40 ./lib/sdmmc/osa/fsl_sdmmc_osa.o
                0x00002d38                SDMMC_OSAEventGet
 .text.SDMMC_OSAEventClear
                0x00002d78       0x44 ./lib/sdmmc/osa/fsl_sdmmc_osa.o
                0x00002d78                SDMMC_OSAEventClear
 .text.SDMMC_OSAEventDestroy
                0x00002dbc       0x2c ./lib/sdmmc/osa/fsl_sdmmc_osa.o
                0x00002dbc                SDMMC_OSAEventDestroy
 .text.SDMMC_OSAMutexCreate
                0x00002de8       0x2c ./lib/sdmmc/osa/fsl_sdmmc_osa.o
                0x00002de8                SDMMC_OSAMutexCreate
 .text.SDMMC_OSAMutexLock
                0x00002e14       0x30 ./lib/sdmmc/osa/fsl_sdmmc_osa.o
                0x00002e14                SDMMC_OSAMutexLock
 .text.SDMMC_OSAMutexUnlock
                0x00002e44       0x2c ./lib/sdmmc/osa/fsl_sdmmc_osa.o
                0x00002e44                SDMMC_OSAMutexUnlock
 .text.SDMMC_OSAMutexDestroy
                0x00002e70       0x2c ./lib/sdmmc/osa/fsl_sdmmc_osa.o
                0x00002e70                SDMMC_OSAMutexDestroy
 .text.SDMMC_OSADelay
                0x00002e9c       0x28 ./lib/sdmmc/osa/fsl_sdmmc_osa.o
                0x00002e9c                SDMMC_OSADelay
 .text.SDMMC_OSADelayUs
                0x00002ec4       0x20 ./lib/sdmmc/osa/fsl_sdmmc_osa.o
                0x00002ec4                SDMMC_OSADelayUs
 .text.SDMMCHOST_PollingCardDetectStatus
                0x00002ee4      0x120 ./lib/sdmmc/host/fsl_sdmmc_host.o
                0x00002ee4                SDMMCHOST_PollingCardDetectStatus
 .text.SDMMCHOST_Init
                0x00003004       0xdc ./lib/sdmmc/host/fsl_sdmmc_host.o
                0x00003004                SDMMCHOST_Init
 .text.MP3DecoderInit
                0x000030e0       0x60 ./lib/mp3decoder/mp3decoder.o
                0x000030e0                MP3DecoderInit
 .text.MP3LoadFile
                0x00003140       0xa0 ./lib/mp3decoder/mp3decoder.o
                0x00003140                MP3LoadFile
 .text.MP3GetLastFrameData
                0x000031e0       0x3c ./lib/mp3decoder/mp3decoder.o
                0x000031e0                MP3GetLastFrameData
 .text.MP3GetDecodedFrameRec
                0x0000321c      0x2dc ./lib/mp3decoder/mp3decoder.o
 .text.flushFileToBuffer
                0x000034f8       0x6c ./lib/mp3decoder/mp3decoder.o
 .text.readID3Tag
                0x00003564      0x108 ./lib/mp3decoder/mp3decoder.o
 .text.openFile
                0x0000366c       0x40 ./lib/mp3decoder/mp3decoder.o
 .text.closeFile
                0x000036ac       0x18 ./lib/mp3decoder/mp3decoder.o
 .text.currentFileSize
                0x000036c4       0x30 ./lib/mp3decoder/mp3decoder.o
 .text.fileRewind
                0x000036f4       0x1c ./lib/mp3decoder/mp3decoder.o
 .text.fileSeek
                0x00003710       0x24 ./lib/mp3decoder/mp3decoder.o
 .text.readFile
                0x00003734       0x98 ./lib/mp3decoder/mp3decoder.o
 .text.read_ID3_info
                0x000037cc      0x338 ./lib/id3tagParser/read_id3.o
                0x000037cc                read_ID3_info
 .text.xmp3fixpt_UnpackFrameHeader
                0x00003b04      0x304 ./lib/helix/real/bitstream.o
                0x00003b04                xmp3fixpt_UnpackFrameHeader
 .text.xmp3fixpt_AllocateBuffers
                0x00003e08       0xf4 ./lib/helix/real/buffers.o
                0x00003e08                xmp3fixpt_AllocateBuffers
 .text.xmp3fixpt_FDCT32
                0x00003efc      0xe4c ./lib/helix/real/dct32.o
                0x00003efc                xmp3fixpt_FDCT32
 .text.xmp3fixpt_Dequantize
                0x00004d48      0x390 ./lib/helix/real/dequant.o
                0x00004d48                xmp3fixpt_Dequantize
 .text.DequantBlock
                0x000050d8      0x264 ./lib/helix/real/dqchan.o
 .text.xmp3fixpt_DequantChannel
                0x0000533c      0x358 ./lib/helix/real/dqchan.o
                0x0000533c                xmp3fixpt_DequantChannel
 .text.DecodeHuffmanPairs
                0x00005694      0x5d8 ./lib/helix/real/huffman.o
 .text.DecodeHuffmanQuads
                0x00005c6c      0x27c ./lib/helix/real/huffman.o
 .text.xmp3fixpt_DecodeHuffman
                0x00005ee8      0x2d0 ./lib/helix/real/huffman.o
                0x00005ee8                xmp3fixpt_DecodeHuffman
 .text.AntiAlias
                0x000061b8      0x348 ./lib/helix/real/imdct.o
 .text.WinPrevious
                0x00006500      0x2b4 ./lib/helix/real/imdct.o
 .text.idct9    0x000067b4      0x2dc ./lib/helix/real/imdct.o
 .text.IMDCT36  0x00006a90      0x45c ./lib/helix/real/imdct.o
 .text.imdct12  0x00006eec      0x198 ./lib/helix/real/imdct.o
 .text.IMDCT12x3
                0x00007084      0x408 ./lib/helix/real/imdct.o
 .text.xmp3fixpt_IMDCT
                0x0000748c      0x2b8 ./lib/helix/real/imdct.o
                0x0000748c                xmp3fixpt_IMDCT
 .text.UnpackSFMPEG1
                0x00007744      0x308 ./lib/helix/real/scalfact.o
 .text.UnpackSFMPEG2
                0x00007a4c      0x48c ./lib/helix/real/scalfact.o
 .text.xmp3fixpt_IntensityProcMPEG1
                0x00007ed8      0x420 ./lib/helix/real/stproc.o
                0x00007ed8                xmp3fixpt_IntensityProcMPEG1
 .text.xmp3fixpt_IntensityProcMPEG2
                0x000082f8      0x4dc ./lib/helix/real/stproc.o
                0x000082f8                xmp3fixpt_IntensityProcMPEG2
 .text.xmp3fixpt_Subband
                0x000087d4      0x1ac ./lib/helix/real/subband.o
                0x000087d4                xmp3fixpt_Subband
 .text.MP3GetLastFrameInfo
                0x00008980       0xc0 ./lib/helix/mp3dec.o
                0x00008980                MP3GetLastFrameInfo
 .text.sd_disk_read
                0x00008a40       0x40 ./lib/fatfs/source/fsl_sd_disk/fsl_sd_disk.o
                0x00008a40                sd_disk_read
 .text.sd_disk_initialize
                0x00008a80       0x5c ./lib/fatfs/source/fsl_sd_disk/fsl_sd_disk.o
                0x00008a80                sd_disk_initialize
 .text.cmp_lfn  0x00008adc       0xdc ./lib/fatfs/source/ff.o
 .text.pick_lfn
                0x00008bb8       0xcc ./lib/fatfs/source/ff.o
 .text.create_name
                0x00008c84      0x438 ./lib/fatfs/source/ff.o
 .text.get_ldnumber
                0x000090bc       0x90 ./lib/fatfs/source/ff.o
 .text.check_fs
                0x0000914c      0x118 ./lib/fatfs/source/ff.o
 .text.mount_volume
                0x00009264      0x328 ./lib/fatfs/source/ff.o
 .text.f_mount  0x0000958c       0x80 ./lib/fatfs/source/ff.o
                0x0000958c                f_mount
 .text.f_chdrive
                0x0000960c       0x34 ./lib/fatfs/source/ff.o
                0x0000960c                f_chdrive
 .text.ff_uni2oem
                0x00009640       0xb8 ./lib/fatfs/source/ffunicode.o
                0x00009640                ff_uni2oem
 .text.ff_oem2uni
                0x000096f8       0xb0 ./lib/fatfs/source/ffunicode.o
                0x000096f8                ff_oem2uni
 .text.ff_wtoupper
                0x000097a8      0x124 ./lib/fatfs/source/ffunicode.o
                0x000097a8                ff_wtoupper
 .text.initDAC  0x000098cc       0x40 ./drivers/MCAL/PDRV_DAC.o
                0x000098cc                initDAC
 .text.__NVIC_EnableIRQ
                0x0000990c       0x3c ./drivers/MCAL/PDRV_DMA.o
 .text.__NVIC_ClearPendingIRQ
                0x00009948       0x3c ./drivers/MCAL/PDRV_DMA.o
 .text.dma_init
                0x00009984       0xf0 ./drivers/MCAL/PDRV_DMA.o
                0x00009984                dma_init
 .text.dma_set_config
                0x00009a74      0x1e0 ./drivers/MCAL/PDRV_DMA.o
                0x00009a74                dma_set_config
 .text.dma_set_major_callback
                0x00009c54       0x28 ./drivers/MCAL/PDRV_DMA.o
                0x00009c54                dma_set_major_callback
 .text.dma_set_half_callback
                0x00009c7c       0x28 ./drivers/MCAL/PDRV_DMA.o
                0x00009c7c                dma_set_half_callback
 .text.dma_irq_handler
                0x00009ca4       0xa8 ./drivers/MCAL/PDRV_DMA.o
 .text.DMA_Error_IRQHandler
                0x00009d4c       0x18 ./drivers/MCAL/PDRV_DMA.o
                0x00009d4c                DMA_Error_IRQHandler
 .text.__NVIC_EnableIRQ
                0x00009d64       0x3c ./drivers/MCAL/PDRV_GPIO.o
 .text.__NVIC_DisableIRQ
                0x00009da0       0x48 ./drivers/MCAL/PDRV_GPIO.o
 .text.gpioMode
                0x00009de8      0x130 ./drivers/MCAL/PDRV_GPIO.o
                0x00009de8                gpioMode
 .text.gpioIRQ  0x00009f18       0xc0 ./drivers/MCAL/PDRV_GPIO.o
                0x00009f18                gpioIRQ
 .text.gpioWrite
                0x00009fd8       0x68 ./drivers/MCAL/PDRV_GPIO.o
                0x00009fd8                gpioWrite
 .text.gpioToggle
                0x0000a040       0x48 ./drivers/MCAL/PDRV_GPIO.o
                0x0000a040                gpioToggle
 .text.gpioRead
                0x0000a088       0x54 ./drivers/MCAL/PDRV_GPIO.o
                0x0000a088                gpioRead
 .text.IRQHandler
                0x0000a0dc       0x74 ./drivers/MCAL/PDRV_GPIO.o
 .text.__NVIC_EnableIRQ
                0x0000a150       0x3c ./drivers/MCAL/PDRV_PIT.o
 .text.pit_init
                0x0000a18c       0x60 ./drivers/MCAL/PDRV_PIT.o
                0x0000a18c                pit_init
 .text.pit_enable
                0x0000a1ec       0x24 ./drivers/MCAL/PDRV_PIT.o
                0x0000a1ec                pit_enable
 .text.pit_disable
                0x0000a210       0x24 ./drivers/MCAL/PDRV_PIT.o
                0x0000a210                pit_disable
 .text.pit_set_frequency
                0x0000a234       0x30 ./drivers/MCAL/PDRV_PIT.o
                0x0000a234                pit_set_frequency
 .text.pit_set_callback
                0x0000a264       0x20 ./drivers/MCAL/PDRV_PIT.o
                0x0000a264                pit_set_callback
 .text.pit_start_dma_transfer
                0x0000a284       0x44 ./drivers/MCAL/PDRV_PIT.o
                0x0000a284                pit_start_dma_transfer
 .text.PIT0_IRQHandler
                0x0000a2c8       0x28 ./drivers/MCAL/PDRV_PIT.o
                0x0000a2c8                PIT0_IRQHandler
 .text.SysTick_Init
                0x0000a2f0       0x40 ./drivers/MCAL/PDRV_SysTick.o
                0x0000a2f0                SysTick_Init
 .text.SysTick_Handler
                0x0000a330       0x24 ./drivers/MCAL/PDRV_SysTick.o
                0x0000a330                SysTick_Handler
 .text.audioControllerInit
                0x0000a354       0x28 ./drivers/HAL/DRV_AudioControl.o
                0x0000a354                audioControllerInit
 .text.loopAudioControl
                0x0000a37c       0x58 ./drivers/HAL/DRV_AudioControl.o
                0x0000a37c                loopAudioControl
 .text.audioControllerLCDConfigOn
                0x0000a3d4       0x30 ./drivers/HAL/DRV_AudioControl.o
                0x0000a3d4                audioControllerLCDConfigOn
 .text.eventHandlerEncoderLeftModeExplore
                0x0000a404       0x58 ./drivers/HAL/DRV_AudioControl.o
 .text.eventHandlerEncoderLeftModePlay
                0x0000a45c       0x50 ./drivers/HAL/DRV_AudioControl.o
 .text.eventHandlerEncoderRightModeExplore
                0x0000a4ac       0x58 ./drivers/HAL/DRV_AudioControl.o
 .text.eventHandlerEncoderRightModePlay
                0x0000a504       0x50 ./drivers/HAL/DRV_AudioControl.o
 .text.eventHandlerButton1ShortModeExplore
                0x0000a554       0x3c ./drivers/HAL/DRV_AudioControl.o
 .text.eventHandlerButton1ShortModePlay
                0x0000a590       0x90 ./drivers/HAL/DRV_AudioControl.o
 .text.eventHandlerButton1LongModeExplore
                0x0000a620       0x54 ./drivers/HAL/DRV_AudioControl.o
 .text.eventHandlerButton2ShortModeExplore
                0x0000a674       0xc8 ./drivers/HAL/DRV_AudioControl.o
 .text.eventHandlerButton2ShortModePlay
                0x0000a73c       0x90 ./drivers/HAL/DRV_AudioControl.o
 .text.eventHandlerButtonEncShortModeExplore
                0x0000a7cc       0xb4 ./drivers/HAL/DRV_AudioControl.o
 .text.eventHandlerButtonEncShortModePlay
                0x0000a880       0x70 ./drivers/HAL/DRV_AudioControl.o
 .text.eventHandlerButtonEncLongModeExplore
                0x0000a8f0       0x34 ./drivers/HAL/DRV_AudioControl.o
 .text.eventHandlerButtonEncLongModePlay
                0x0000a924       0x54 ./drivers/HAL/DRV_AudioControl.o
 .text.reprintName
                0x0000a978       0x38 ./drivers/HAL/DRV_AudioControl.o
 .text.buttonsInit
                0x0000a9b0       0xdc ./drivers/HAL/DRV_Buttons.o
                0x0000a9b0                buttonsInit
 .text.getButton1Status
                0x0000aa8c       0x14 ./drivers/HAL/DRV_Buttons.o
                0x0000aa8c                getButton1Status
 .text.getButton2Status
                0x0000aaa0       0x14 ./drivers/HAL/DRV_Buttons.o
                0x0000aaa0                getButton2Status
 .text.getButtonEncoderStatus
                0x0000aab4       0x14 ./drivers/HAL/DRV_Buttons.o
                0x0000aab4                getButtonEncoderStatus
 .text.button1Handler
                0x0000aac8       0x14 ./drivers/HAL/DRV_Buttons.o
 .text.button2Handler
                0x0000aadc       0x14 ./drivers/HAL/DRV_Buttons.o
 .text.buttonEncoderHandler
                0x0000aaf0       0x14 ./drivers/HAL/DRV_Buttons.o
 .text.initEncoder
                0x0000ab04       0x3c ./drivers/HAL/DRV_Encoder.o
                0x0000ab04                initEncoder
 .text.encoderGetStatus
                0x0000ab40       0x28 ./drivers/HAL/DRV_Encoder.o
                0x0000ab40                encoderGetStatus
 .text.encoderGetEvent
                0x0000ab68       0x18 ./drivers/HAL/DRV_Encoder.o
                0x0000ab68                encoderGetEvent
 .text.encoder_callback
                0x0000ab80       0x30 ./drivers/HAL/DRV_Encoder.o
 .text.fileExplorerInit
                0x0000abb0       0xfc ./drivers/HAL/DRV_FILEEXPLORER.o
                0x0000abb0                fileExplorerInit
 .text.getNextFile
                0x0000acac       0x54 ./drivers/HAL/DRV_FILEEXPLORER.o
                0x0000acac                getNextFile
 .text.getPrevFile
                0x0000ad00       0x50 ./drivers/HAL/DRV_FILEEXPLORER.o
                0x0000ad00                getPrevFile
 .text.accessFolder
                0x0000ad50       0x54 ./drivers/HAL/DRV_FILEEXPLORER.o
                0x0000ad50                accessFolder
 .text.goBack   0x0000ada4       0x28 ./drivers/HAL/DRV_FILEEXPLORER.o
                0x0000ada4                goBack
 .text.getMetadata
                0x0000adcc       0x2c ./drivers/HAL/DRV_FILEEXPLORER.o
                0x0000adcc                getMetadata
 .text.getPath  0x0000adf8       0x1c ./drivers/HAL/DRV_FILEEXPLORER.o
                0x0000adf8                getPath
 .text.convertFilinfoToMetadata
                0x0000ae14       0xd0 ./drivers/HAL/DRV_FILEEXPLORER.o
 .text.lcd_init
                0x0000aee4       0xac ./drivers/HAL/DRV_LCD.o
                0x0000aee4                lcd_init
 .text.lcd_is_busy
                0x0000af90       0x18 ./drivers/HAL/DRV_LCD.o
                0x0000af90                lcd_is_busy
 .text.lcd_configure
                0x0000afa8      0x164 ./drivers/HAL/DRV_LCD.o
                0x0000afa8                lcd_configure
 .text.lcd_write_gpio
                0x0000b10c       0x50 ./drivers/HAL/DRV_LCD.o
 .text.lcd_write
                0x0000b15c       0x5c ./drivers/HAL/DRV_LCD.o
 .text.lcd_write_fsm_callback
                0x0000b1b8       0xd4 ./drivers/HAL/DRV_LCD.o
 .text.lcd_timer_delay
                0x0000b28c       0x44 ./drivers/HAL/DRV_LCD.o
 .text.sdcardMount
                0x0000b2d0       0x6c ./drivers/HAL/DRV_SD.o
                0x0000b2d0                sdcardMount
 .text.sdcardIsInserted
                0x0000b33c       0x18 ./drivers/HAL/DRV_SD.o
                0x0000b33c                sdcardIsInserted
 .text.SDCARD_DetectCallBack
                0x0000b354       0x24 ./drivers/HAL/DRV_SD.o
 .text.sdcard_detect_insert
                0x0000b378       0x38 ./drivers/HAL/DRV_SD.o
 .text.initTimers
                0x0000b3b0       0x28 ./drivers/HAL/DRV_Timers.o
                0x0000b3b0                initTimers
 .text.timerGetId
                0x0000b3d8       0x2c ./drivers/HAL/DRV_Timers.o
                0x0000b3d8                timerGetId
 .text.timerStart
                0x0000b404       0xb8 ./drivers/HAL/DRV_Timers.o
                0x0000b404                timerStart
 .text.timerStop
                0x0000b4bc       0x44 ./drivers/HAL/DRV_Timers.o
                0x0000b4bc                timerStop
 .text.timerExpired
                0x0000b500       0x38 ./drivers/HAL/DRV_Timers.o
                0x0000b500                timerExpired
 .text.timer_isr
                0x0000b538       0xec ./drivers/HAL/DRV_Timers.o
 .text.wavegen_init
                0x0000b624       0xcc ./drivers/HAL/DRV_WaveGen.o
                0x0000b624                wavegen_init
 .text.wavegen_get_buffer_addr
                0x0000b6f0       0x24 ./drivers/HAL/DRV_WaveGen.o
                0x0000b6f0                wavegen_get_buffer_addr
 .text.wavegen_increase_buffer_index
                0x0000b714       0x28 ./drivers/HAL/DRV_WaveGen.o
                0x0000b714                wavegen_increase_buffer_index
 .text.wavegen_set_callback
                0x0000b73c       0x20 ./drivers/HAL/DRV_WaveGen.o
                0x0000b73c                wavegen_set_callback
 .text.wavegen_start
                0x0000b75c       0x4c ./drivers/HAL/DRV_WaveGen.o
                0x0000b75c                wavegen_start
 .text.wavegen_stop
                0x0000b7a8       0x18 ./drivers/HAL/DRV_WaveGen.o
                0x0000b7a8                wavegen_stop
 .text.wavegen_isr
                0x0000b7c0       0x5c ./drivers/HAL/DRV_WaveGen.o
 .text.CLOCK_SetEr32kClock
                0x0000b81c       0x30 ./drivers/FSL/fsl_clock.o
 .text.CLOCK_SetPllFllSelClock
                0x0000b84c       0x38 ./drivers/FSL/fsl_clock.o
 .text.CLOCK_GetMcgExtClkFreq
                0x0000b884       0x7c ./drivers/FSL/fsl_clock.o
 .text.CLOCK_GetFllExtRefClkFreq
                0x0000b900       0xb0 ./drivers/FSL/fsl_clock.o
 .text.CLOCK_GetInternalRefClkSelectFreq
                0x0000b9b0       0x4c ./drivers/FSL/fsl_clock.o
 .text.CLOCK_GetFllRefClkFreq
                0x0000b9fc       0x34 ./drivers/FSL/fsl_clock.o
 .text.CLOCK_GetOscRangeFromFreq
                0x0000ba30       0x3c ./drivers/FSL/fsl_clock.o
 .text.CLOCK_GetOsc0ErClkFreq
                0x0000ba6c       0x44 ./drivers/FSL/fsl_clock.o
                0x0000ba6c                CLOCK_GetOsc0ErClkFreq
 .text.CLOCK_GetEr32kClkFreq
                0x0000bab0       0x74 ./drivers/FSL/fsl_clock.o
                0x0000bab0                CLOCK_GetEr32kClkFreq
 .text.CLOCK_GetPllFllSelClkFreq
                0x0000bb24       0x54 ./drivers/FSL/fsl_clock.o
                0x0000bb24                CLOCK_GetPllFllSelClkFreq
 .text.CLOCK_GetCoreSysClkFreq
                0x0000bb78       0x28 ./drivers/FSL/fsl_clock.o
                0x0000bb78                CLOCK_GetCoreSysClkFreq
 .text.CLOCK_GetFreq
                0x0000bba0      0x140 ./drivers/FSL/fsl_clock.o
                0x0000bba0                CLOCK_GetFreq
 .text.CLOCK_SetSimConfig
                0x0000bce0       0x34 ./drivers/FSL/fsl_clock.o
                0x0000bce0                CLOCK_SetSimConfig
 .text.CLOCK_GetOutClkFreq
                0x0000bd14       0x64 ./drivers/FSL/fsl_clock.o
                0x0000bd14                CLOCK_GetOutClkFreq
 .text.CLOCK_GetFllFreq
                0x0000bd78       0x84 ./drivers/FSL/fsl_clock.o
                0x0000bd78                CLOCK_GetFllFreq
 .text.CLOCK_GetInternalRefClkFreq
                0x0000bdfc       0x30 ./drivers/FSL/fsl_clock.o
                0x0000bdfc                CLOCK_GetInternalRefClkFreq
 .text.CLOCK_GetPll0Freq
                0x0000be2c       0x78 ./drivers/FSL/fsl_clock.o
                0x0000be2c                CLOCK_GetPll0Freq
 .text.CLOCK_SetExternalRefClkConfig
                0x0000bea4       0x6c ./drivers/FSL/fsl_clock.o
                0x0000bea4                CLOCK_SetExternalRefClkConfig
 .text.CLOCK_SetInternalRefClkConfig
                0x0000bf10      0x104 ./drivers/FSL/fsl_clock.o
                0x0000bf10                CLOCK_SetInternalRefClkConfig
 .text.CLOCK_EnablePll0
                0x0000c014       0x88 ./drivers/FSL/fsl_clock.o
                0x0000c014                CLOCK_EnablePll0
 .text.CLOCK_InitOsc0
                0x0000c09c       0x8c ./drivers/FSL/fsl_clock.o
                0x0000c09c                CLOCK_InitOsc0
 .text.CLOCK_SetPbeMode
                0x0000c128       0xa8 ./drivers/FSL/fsl_clock.o
                0x0000c128                CLOCK_SetPbeMode
 .text.CLOCK_BootToPeeMode
                0x0000c1d0       0x64 ./drivers/FSL/fsl_clock.o
                0x0000c1d0                CLOCK_BootToPeeMode
 .text.SDK_DelayAtLeastUs
                0x0000c234       0x8c ./drivers/FSL/fsl_common_arm.o
                0x0000c234                SDK_DelayAtLeastUs
 .text.__NVIC_EnableIRQ
                0x0000c2c0       0x3c ./drivers/FSL/fsl_sdhc.o
 .text.SDHC_GetInstance
                0x0000c2fc       0x40 ./drivers/FSL/fsl_sdhc.o
 .text.SDHC_ReceiveCommandResponse
                0x0000c33c       0xc0 ./drivers/FSL/fsl_sdhc.o
 .text.SDHC_TransferHandleCommand
                0x0000c3fc       0xb0 ./drivers/FSL/fsl_sdhc.o
 .text.SDHC_TransferHandleData
                0x0000c4ac       0xdc ./drivers/FSL/fsl_sdhc.o
 .text.SDHC_Init
                0x0000c588      0x114 ./drivers/FSL/fsl_sdhc.o
                0x0000c588                SDHC_Init
 .text.SDHC_Deinit
                0x0000c69c       0x24 ./drivers/FSL/fsl_sdhc.o
                0x0000c69c                SDHC_Deinit
 .text.SDHC_SetSdClock
                0x0000c6c0      0x17c ./drivers/FSL/fsl_sdhc.o
                0x0000c6c0                SDHC_SetSdClock
 .text.SDHC_SetTransferConfig
                0x0000c83c       0x8c ./drivers/FSL/fsl_sdhc.o
                0x0000c83c                SDHC_SetTransferConfig
 .text.SDHC_SetAdmaTableConfig
                0x0000c8c8      0x15c ./drivers/FSL/fsl_sdhc.o
                0x0000c8c8                SDHC_SetAdmaTableConfig
 .text.SDHC_TransferCreateHandle
                0x0000ca24       0xa0 ./drivers/FSL/fsl_sdhc.o
                0x0000ca24                SDHC_TransferCreateHandle
 .text.SDHC_TransferNonBlocking
                0x0000cac4      0x13c ./drivers/FSL/fsl_sdhc.o
                0x0000cac4                SDHC_TransferNonBlocking
 .text.SDHC_TransferHandleIRQ
                0x0000cc00       0x9c ./drivers/FSL/fsl_sdhc.o
                0x0000cc00                SDHC_TransferHandleIRQ
 .text.SDHC_DriverIRQHandler
                0x0000cc9c       0x3c ./drivers/FSL/fsl_sdhc.o
                0x0000cc9c                SDHC_DriverIRQHandler
 .text.UART0_DriverIRQHandler
                0x0000ccd8       0x28 ./drivers/FSL/fsl_uart.o
                0x0000ccd8                UART0_DriverIRQHandler
 .text.UART1_DriverIRQHandler
                0x0000cd00       0x28 ./drivers/FSL/fsl_uart.o
                0x0000cd00                UART1_DriverIRQHandler
 .text.UART2_DriverIRQHandler
                0x0000cd28       0x28 ./drivers/FSL/fsl_uart.o
                0x0000cd28                UART2_DriverIRQHandler
 .text.UART3_DriverIRQHandler
                0x0000cd50       0x28 ./drivers/FSL/fsl_uart.o
                0x0000cd50                UART3_DriverIRQHandler
 .text.UART4_DriverIRQHandler
                0x0000cd78       0x28 ./drivers/FSL/fsl_uart.o
                0x0000cd78                UART4_DriverIRQHandler
 .text.UART5_DriverIRQHandler
                0x0000cda0       0x28 ./drivers/FSL/fsl_uart.o
                0x0000cda0                UART5_DriverIRQHandler
 .text.SystemInit
                0x0000cdc8       0x3c ./device/system_MK64F12.o
                0x0000cdc8                SystemInit
 .text.OSA_SemaphoreCreate
                0x0000ce04       0x38 ./component/osa/fsl_os_abstraction_bm.o
                0x0000ce04                OSA_SemaphoreCreate
 .text.OSA_SemaphoreDestroy
                0x0000ce3c       0x30 ./component/osa/fsl_os_abstraction_bm.o
                0x0000ce3c                OSA_SemaphoreDestroy
 .text.OSA_SemaphoreWait
                0x0000ce6c       0x6c ./component/osa/fsl_os_abstraction_bm.o
                0x0000ce6c                OSA_SemaphoreWait
 .text.OSA_SemaphorePost
                0x0000ced8       0x58 ./component/osa/fsl_os_abstraction_bm.o
                0x0000ced8                OSA_SemaphorePost
 .text.OSA_MutexCreate
                0x0000cf30       0x34 ./component/osa/fsl_os_abstraction_bm.o
                0x0000cf30                OSA_MutexCreate
 .text.OSA_MutexUnlock
                0x0000cf64       0x40 ./component/osa/fsl_os_abstraction_bm.o
                0x0000cf64                OSA_MutexUnlock
 .text.OSA_MutexDestroy
                0x0000cfa4       0x30 ./component/osa/fsl_os_abstraction_bm.o
                0x0000cfa4                OSA_MutexDestroy
 .text.CLOCK_SetSimSafeDivs
                0x0000cfd4       0x20 ./board/clock_config.o
 .text.CLOCK_SetXtal0Freq
                0x0000cff4       0x20 ./board/clock_config.o
 .text.CLOCK_CONFIG_SetFllExtRefDiv
                0x0000d014       0x3c ./board/clock_config.o
 .text.BOARD_BootClockRUN
                0x0000d050       0x60 ./board/clock_config.o
                0x0000d050                BOARD_BootClockRUN
 .text.PORT_SetPinConfig
                0x0000d0b0       0x38 ./board/pin_mux.o
 .text.BOARD_InitPins
                0x0000d0e8      0x184 ./board/pin_mux.o
                0x0000d0e8                BOARD_InitPins
 .text.__NVIC_EnableIRQ
                0x0000d26c       0x3c ./board/sdmmc_config.o
 .text.__NVIC_SetPriority
                0x0000d2a8       0x54 ./board/sdmmc_config.o
 .text.BOARD_SDCardGetDetectStatus
                0x0000d2fc       0x20 ./board/sdmmc_config.o
                0x0000d2fc                BOARD_SDCardGetDetectStatus
 .text.PORTE_IRQHandler
                0x0000d31c       0x48 ./board/sdmmc_config.o
                0x0000d31c                PORTE_IRQHandler
 .text.BOARD_SDCardDetectInit
                0x0000d364       0x74 ./board/sdmmc_config.o
                0x0000d364                BOARD_SDCardDetectInit
 .text.BOARD_SD_Config
                0x0000d3d8       0x74 ./board/sdmmc_config.o
                0x0000d3d8                BOARD_SD_Config
 .text.arm_fir_init_q15
                0x0000d44c       0x2c D:\00-ITBA\LabdeMicros\FINAL\Eclipse\mp3_eclipse\frdmk64f_sdcard_fatfs\lib\libarm_cortexM4lf_math.a(arm_fir_init_q15.o)
                0x0000d44c                arm_fir_init_q15
 .text.arm_fir_fast_q15
                0x0000d478      0x2d0 D:\00-ITBA\LabdeMicros\FINAL\Eclipse\mp3_eclipse\frdmk64f_sdcard_fatfs\lib\libarm_cortexM4lf_math.a(arm_fir_fast_q15.o)
                0x0000d478                arm_fir_fast_q15
 .text.malloc   0x0000d748       0xe8 c:/nxp/mcuxpressoide_11.8.0_1165/ide/plugins/com.nxp.mcuxpresso.tools.win32_11.8.0.202306131047/tools/bin/../lib/gcc/arm-none-eabi/12.2.1/../../../../arm-none-eabi/lib/thumb/v7e-m+fp/hard\libcr_c.a(alloc.o)
                0x0000d748                malloc
 .text._Csys_alloc
                0x0000d830       0x20 c:/nxp/mcuxpressoide_11.8.0_1165/ide/plugins/com.nxp.mcuxpresso.tools.win32_11.8.0.202306131047/tools/bin/../lib/gcc/arm-none-eabi/12.2.1/../../../../arm-none-eabi/lib/thumb/v7e-m+fp/hard\libcr_c.a(alloc.o)
                0x0000d830                _Csys_alloc
 .text._initio  0x0000d850       0x78 c:/nxp/mcuxpressoide_11.8.0_1165/ide/plugins/com.nxp.mcuxpresso.tools.win32_11.8.0.202306131047/tools/bin/../lib/gcc/arm-none-eabi/12.2.1/../../../../arm-none-eabi/lib/thumb/v7e-m+fp/hard\libcr_c.a(initio.o)
                0x0000d850                _initio
 .text.__vfprintf
                0x0000d8c8      0xb80 c:/nxp/mcuxpressoide_11.8.0_1165/ide/plugins/com.nxp.mcuxpresso.tools.win32_11.8.0.202306131047/tools/bin/../lib/gcc/arm-none-eabi/12.2.1/../../../../arm-none-eabi/lib/thumb/v7e-m+fp/hard\libcr_c.a(printf.o)
                0x0000d8c8                __vfprintf
 .text._snprintf
                0x0000e448       0x78 c:/nxp/mcuxpressoide_11.8.0_1165/ide/plugins/com.nxp.mcuxpresso.tools.win32_11.8.0.202306131047/tools/bin/../lib/gcc/arm-none-eabi/12.2.1/../../../../arm-none-eabi/lib/thumb/v7e-m+fp/hard\libcr_c.a(printf.o)
                0x0000e448                _snprintf
 .text._vsnprintf
                0x0000e4c0       0x68 c:/nxp/mcuxpressoide_11.8.0_1165/ide/plugins/com.nxp.mcuxpresso.tools.win32_11.8.0.202306131047/tools/bin/../lib/gcc/arm-none-eabi/12.2.1/../../../../arm-none-eabi/lib/thumb/v7e-m+fp/hard\libcr_c.a(printf.o)
                0x0000e4c0                _vsnprintf
 .text._printf  0x0000e528       0x54 c:/nxp/mcuxpressoide_11.8.0_1165/ide/plugins/com.nxp.mcuxpresso.tools.win32_11.8.0.202306131047/tools/bin/../lib/gcc/arm-none-eabi/12.2.1/../../../../arm-none-eabi/lib/thumb/v7e-m+fp/hard\libcr_c.a(printf.o)
                0x0000e528                _printf
 .text._sbrk    0x0000e57c       0x3c c:/nxp/mcuxpressoide_11.8.0_1165/ide/plugins/com.nxp.mcuxpresso.tools.win32_11.8.0.202306131047/tools/bin/../lib/gcc/arm-none-eabi/12.2.1/../../../../arm-none-eabi/lib/thumb/v7e-m+fp/hard\libcr_c.a(_cr_sbrk.o)
                0x0000e57c                _sbrk
 .text._Cwritebuf
                0x0000e5b8       0x6c c:/nxp/mcuxpressoide_11.8.0_1165/ide/plugins/com.nxp.mcuxpresso.tools.win32_11.8.0.202306131047/tools/bin/../lib/gcc/arm-none-eabi/12.2.1/../../../../arm-none-eabi/lib/thumb/v7e-m+fp/hard\libcr_c.a(_writebuf.o)
                0x0000e5b8                _Cwritebuf
 .text.fflush   0x0000e624       0x3c c:/nxp/mcuxpressoide_11.8.0_1165/ide/plugins/com.nxp.mcuxpresso.tools.win32_11.8.0.202306131047/tools/bin/../lib/gcc/arm-none-eabi/12.2.1/../../../../arm-none-eabi/lib/thumb/v7e-m+fp/hard\libcr_c.a(fflush.o)
                0x0000e624                fflush
 .text.fseek    0x0000e660       0xf8 c:/nxp/mcuxpressoide_11.8.0_1165/ide/plugins/com.nxp.mcuxpresso.tools.win32_11.8.0.202306131047/tools/bin/../lib/gcc/arm-none-eabi/12.2.1/../../../../arm-none-eabi/lib/thumb/v7e-m+fp/hard\libcr_c.a(fseek.o)
                0x0000e660                fseek
 .text.ftell    0x0000e758       0x44 c:/nxp/mcuxpressoide_11.8.0_1165/ide/plugins/com.nxp.mcuxpresso.tools.win32_11.8.0.202306131047/tools/bin/../lib/gcc/arm-none-eabi/12.2.1/../../../../arm-none-eabi/lib/thumb/v7e-m+fp/hard\libcr_c.a(ftell.o)
                0x0000e758                ftell
 .text.__check_heap_overflow
                0x0000e79c       0x18 c:/nxp/mcuxpressoide_11.8.0_1165/ide/plugins/com.nxp.mcuxpresso.tools.win32_11.8.0.202306131047/tools/bin/../lib/gcc/arm-none-eabi/12.2.1/../../../../arm-none-eabi/lib/thumb/v7e-m+fp/hard\libcr_c.a(_cr_check_heap.o)
                0x0000e79c                __check_heap_overflow
 .text.__sys_appexit
                0x0000e7b4        0xc c:/nxp/mcuxpressoide_11.8.0_1165/ide/plugins/com.nxp.mcuxpresso.tools.win32_11.8.0.202306131047/tools/bin/../lib/gcc/arm-none-eabi/12.2.1/../../../../arm-none-eabi/lib/thumb/v7e-m+fp/hard\libcr_semihost_nf.a(__sys_appexit.o)
                0x0000e7b4                __sys_appexit
                0x0000e7b4                __exit
 .text.main     0x0000e7c0       0x1a ./startup/main.o
                0x0000e7c0                main
 .text.HardFault_Handler
                0x0000e7da       0x2c ./startup/semihost_hardfault.o
                0x0000e7da                HardFault_Handler
 .text.MCM_IRQHandler
                0x0000e806        0x8 ./startup/startup_mk64f12.o
                0x0000e806                MCM_IRQHandler
 .text.FTFE_IRQHandler
                0x0000e80e        0x8 ./startup/startup_mk64f12.o
                0x0000e80e                FTFE_IRQHandler
 .text.Read_Collision_IRQHandler
                0x0000e816        0x8 ./startup/startup_mk64f12.o
                0x0000e816                Read_Collision_IRQHandler
 .text.LVD_LVW_IRQHandler
                0x0000e81e        0x8 ./startup/startup_mk64f12.o
                0x0000e81e                LVD_LVW_IRQHandler
 .text.LLWU_IRQHandler
                0x0000e826        0x8 ./startup/startup_mk64f12.o
                0x0000e826                LLWU_IRQHandler
 .text.WDOG_EWM_IRQHandler
                0x0000e82e        0x8 ./startup/startup_mk64f12.o
                0x0000e82e                WDOG_EWM_IRQHandler
 .text.RNG_IRQHandler
                0x0000e836        0x8 ./startup/startup_mk64f12.o
                0x0000e836                RNG_IRQHandler
 .text.I2C0_IRQHandler
                0x0000e83e        0x8 ./startup/startup_mk64f12.o
                0x0000e83e                I2C0_IRQHandler
 .text.I2C1_IRQHandler
                0x0000e846        0x8 ./startup/startup_mk64f12.o
                0x0000e846                I2C1_IRQHandler
 .text.SPI0_IRQHandler
                0x0000e84e        0x8 ./startup/startup_mk64f12.o
                0x0000e84e                SPI0_IRQHandler
 .text.SPI1_IRQHandler
                0x0000e856        0x8 ./startup/startup_mk64f12.o
                0x0000e856                SPI1_IRQHandler
 .text.I2S0_Tx_IRQHandler
                0x0000e85e        0x8 ./startup/startup_mk64f12.o
                0x0000e85e                I2S0_Tx_IRQHandler
 .text.I2S0_Rx_IRQHandler
                0x0000e866        0x8 ./startup/startup_mk64f12.o
                0x0000e866                I2S0_Rx_IRQHandler
 .text.UART0_LON_IRQHandler
                0x0000e86e        0x8 ./startup/startup_mk64f12.o
                0x0000e86e                UART0_LON_IRQHandler
 .text.UART0_RX_TX_IRQHandler
                0x0000e876        0x8 ./startup/startup_mk64f12.o
                0x0000e876                UART0_RX_TX_IRQHandler
 .text.UART0_ERR_IRQHandler
                0x0000e87e        0x8 ./startup/startup_mk64f12.o
                0x0000e87e                UART0_ERR_IRQHandler
 .text.UART1_RX_TX_IRQHandler
                0x0000e886        0x8 ./startup/startup_mk64f12.o
                0x0000e886                UART1_RX_TX_IRQHandler
 .text.UART1_ERR_IRQHandler
                0x0000e88e        0x8 ./startup/startup_mk64f12.o
                0x0000e88e                UART1_ERR_IRQHandler
 .text.UART2_RX_TX_IRQHandler
                0x0000e896        0x8 ./startup/startup_mk64f12.o
                0x0000e896                UART2_RX_TX_IRQHandler
 .text.UART2_ERR_IRQHandler
                0x0000e89e        0x8 ./startup/startup_mk64f12.o
                0x0000e89e                UART2_ERR_IRQHandler
 .text.UART3_RX_TX_IRQHandler
                0x0000e8a6        0x8 ./startup/startup_mk64f12.o
                0x0000e8a6                UART3_RX_TX_IRQHandler
 .text.UART3_ERR_IRQHandler
                0x0000e8ae        0x8 ./startup/startup_mk64f12.o
                0x0000e8ae                UART3_ERR_IRQHandler
 .text.ADC0_IRQHandler
                0x0000e8b6        0x8 ./startup/startup_mk64f12.o
                0x0000e8b6                ADC0_IRQHandler
 .text.CMP0_IRQHandler
                0x0000e8be        0x8 ./startup/startup_mk64f12.o
                0x0000e8be                CMP0_IRQHandler
 .text.CMP1_IRQHandler
                0x0000e8c6        0x8 ./startup/startup_mk64f12.o
                0x0000e8c6                CMP1_IRQHandler
 .text.FTM0_IRQHandler
                0x0000e8ce        0x8 ./startup/startup_mk64f12.o
                0x0000e8ce                FTM0_IRQHandler
 .text.FTM1_IRQHandler
                0x0000e8d6        0x8 ./startup/startup_mk64f12.o
                0x0000e8d6                FTM1_IRQHandler
 .text.FTM2_IRQHandler
                0x0000e8de        0x8 ./startup/startup_mk64f12.o
                0x0000e8de                FTM2_IRQHandler
 .text.CMT_IRQHandler
                0x0000e8e6        0x8 ./startup/startup_mk64f12.o
                0x0000e8e6                CMT_IRQHandler
 .text.RTC_IRQHandler
                0x0000e8ee        0x8 ./startup/startup_mk64f12.o
                0x0000e8ee                RTC_IRQHandler
 .text.RTC_Seconds_IRQHandler
                0x0000e8f6        0x8 ./startup/startup_mk64f12.o
                0x0000e8f6                RTC_Seconds_IRQHandler
 .text.PIT1_IRQHandler
                0x0000e8fe        0x8 ./startup/startup_mk64f12.o
                0x0000e8fe                PIT1_IRQHandler
 .text.PIT2_IRQHandler
                0x0000e906        0x8 ./startup/startup_mk64f12.o
                0x0000e906                PIT2_IRQHandler
 .text.PIT3_IRQHandler
                0x0000e90e        0x8 ./startup/startup_mk64f12.o
                0x0000e90e                PIT3_IRQHandler
 .text.PDB0_IRQHandler
                0x0000e916        0x8 ./startup/startup_mk64f12.o
                0x0000e916                PDB0_IRQHandler
 .text.USB0_IRQHandler
                0x0000e91e        0x8 ./startup/startup_mk64f12.o
                0x0000e91e                USB0_IRQHandler
 .text.USBDCD_IRQHandler
                0x0000e926        0x8 ./startup/startup_mk64f12.o
                0x0000e926                USBDCD_IRQHandler
 .text.Reserved71_IRQHandler
                0x0000e92e        0x8 ./startup/startup_mk64f12.o
                0x0000e92e                Reserved71_IRQHandler
 .text.DAC0_IRQHandler
                0x0000e936        0x8 ./startup/startup_mk64f12.o
                0x0000e936                DAC0_IRQHandler
 .text.MCG_IRQHandler
                0x0000e93e        0x8 ./startup/startup_mk64f12.o
                0x0000e93e                MCG_IRQHandler
 .text.LPTMR0_IRQHandler
                0x0000e946        0x8 ./startup/startup_mk64f12.o
                0x0000e946                LPTMR0_IRQHandler
 .text.SWI_IRQHandler
                0x0000e94e        0x8 ./startup/startup_mk64f12.o
                0x0000e94e                SWI_IRQHandler
 .text.SPI2_IRQHandler
                0x0000e956        0x8 ./startup/startup_mk64f12.o
                0x0000e956                SPI2_IRQHandler
 .text.UART4_RX_TX_IRQHandler
                0x0000e95e        0x8 ./startup/startup_mk64f12.o
                0x0000e95e                UART4_RX_TX_IRQHandler
 .text.UART4_ERR_IRQHandler
                0x0000e966        0x8 ./startup/startup_mk64f12.o
                0x0000e966                UART4_ERR_IRQHandler
 .text.UART5_RX_TX_IRQHandler
                0x0000e96e        0x8 ./startup/startup_mk64f12.o
                0x0000e96e                UART5_RX_TX_IRQHandler
 .text.UART5_ERR_IRQHandler
                0x0000e976        0x8 ./startup/startup_mk64f12.o
                0x0000e976                UART5_ERR_IRQHandler
 .text.CMP2_IRQHandler
                0x0000e97e        0x8 ./startup/startup_mk64f12.o
                0x0000e97e                CMP2_IRQHandler
 .text.FTM3_IRQHandler
                0x0000e986        0x8 ./startup/startup_mk64f12.o
                0x0000e986                FTM3_IRQHandler
 .text.DAC1_IRQHandler
                0x0000e98e        0x8 ./startup/startup_mk64f12.o
                0x0000e98e                DAC1_IRQHandler
 .text.ADC1_IRQHandler
                0x0000e996        0x8 ./startup/startup_mk64f12.o
                0x0000e996                ADC1_IRQHandler
 .text.I2C2_IRQHandler
                0x0000e99e        0x8 ./startup/startup_mk64f12.o
                0x0000e99e                I2C2_IRQHandler
 .text.CAN0_ORed_Message_buffer_IRQHandler
                0x0000e9a6        0x8 ./startup/startup_mk64f12.o
                0x0000e9a6                CAN0_ORed_Message_buffer_IRQHandler
 .text.CAN0_Bus_Off_IRQHandler
                0x0000e9ae        0x8 ./startup/startup_mk64f12.o
                0x0000e9ae                CAN0_Bus_Off_IRQHandler
 .text.CAN0_Error_IRQHandler
                0x0000e9b6        0x8 ./startup/startup_mk64f12.o
                0x0000e9b6                CAN0_Error_IRQHandler
 .text.CAN0_Tx_Warning_IRQHandler
                0x0000e9be        0x8 ./startup/startup_mk64f12.o
                0x0000e9be                CAN0_Tx_Warning_IRQHandler
 .text.CAN0_Rx_Warning_IRQHandler
                0x0000e9c6        0x8 ./startup/startup_mk64f12.o
                0x0000e9c6                CAN0_Rx_Warning_IRQHandler
 .text.CAN0_Wake_Up_IRQHandler
                0x0000e9ce        0x8 ./startup/startup_mk64f12.o
                0x0000e9ce                CAN0_Wake_Up_IRQHandler
 .text.SDHC_IRQHandler
                0x0000e9d6        0x8 ./startup/startup_mk64f12.o
                0x0000e9d6                SDHC_IRQHandler
 .text.ENET_1588_Timer_IRQHandler
                0x0000e9de        0x8 ./startup/startup_mk64f12.o
                0x0000e9de                ENET_1588_Timer_IRQHandler
 .text.ENET_Transmit_IRQHandler
                0x0000e9e6        0x8 ./startup/startup_mk64f12.o
                0x0000e9e6                ENET_Transmit_IRQHandler
 .text.ENET_Receive_IRQHandler
                0x0000e9ee        0x8 ./startup/startup_mk64f12.o
                0x0000e9ee                ENET_Receive_IRQHandler
 .text.ENET_Error_IRQHandler
                0x0000e9f6        0x8 ./startup/startup_mk64f12.o
                0x0000e9f6                ENET_Error_IRQHandler
 .text.lcd_display_init
                0x0000e9fe        0xc ./source/lcd_display/lcd_display.o
                0x0000e9fe                lcd_display_init
 .text.lcd_display_set_cursor
                0x0000ea0a       0x48 ./source/lcd_display/lcd_display.o
                0x0000ea0a                lcd_display_set_cursor
 .text.audio_set_eq
                0x0000ea52       0x1a ./source/audio_manager/audio_manager.o
                0x0000ea52                audio_set_eq
 .text.SYSMPU_Enable
                0x0000ea6c       0x38 ./source/app_test.o
 .text.App_Run  0x0000eaa4       0x32 ./source/app_test.o
                0x0000eaa4                App_Run
 .text.SDHC_GetPresentStatusFlags
                0x0000ead6       0x18 ./lib/sdmmc/src/fsl_sd.o
 .text.SDMMCHOST_SendCardActive
                0x0000eaee       0x1c ./lib/sdmmc/src/fsl_sd.o
 .text.SDMMCHOST_SetCardClock
                0x0000eb0a       0x24 ./lib/sdmmc/src/fsl_sd.o
 .text.SDMMCHOST_IsCardBusy
                0x0000eb2e       0x2c ./lib/sdmmc/src/fsl_sd.o
 .text.SDMMCHOST_SetCardPower
                0x0000eb5a       0x18 ./lib/sdmmc/src/fsl_sd.o
 .text.SDMMCHOST_SwitchToVoltage
                0x0000eb72       0x16 ./lib/sdmmc/src/fsl_sd.o
 .text.SDMMCHOST_ExecuteTuning
                0x0000eb88       0x1c ./lib/sdmmc/src/fsl_sd.o
 .text.SDMMCHOST_EnableDDRMode
                0x0000eba4       0x1a ./lib/sdmmc/src/fsl_sd.o
 .text.SDMMCHOST_GetSignalLineStatus
                0x0000ebbe       0x18 ./lib/sdmmc/src/fsl_sd.o
 .text.SDMMCHOST_ForceClockOn
                0x0000ebd6       0x18 ./lib/sdmmc/src/fsl_sd.o
 .text.SD_SwitchIOVoltage
                0x0000ebee       0x68 ./lib/sdmmc/src/fsl_sd.o
 .text.SD_Deinit
                0x0000ec56       0x1c ./lib/sdmmc/src/fsl_sd.o
                0x0000ec56                SD_Deinit
 .text.SD_HostDoReset
                0x0000ec72       0x1a ./lib/sdmmc/src/fsl_sd.o
                0x0000ec72                SD_HostDoReset
 .text.SDMMC_GoIdle
                0x0000ec8c       0x56 ./lib/sdmmc/src/fsl_sdmmc_common.o
                0x0000ec8c                SDMMC_GoIdle
 .text.SDHC_EnableInterruptStatus
                0x0000ece2       0x22 ./lib/sdmmc/host/fsl_sdmmc_host.o
 .text.SDHC_EnableInterruptSignal
                0x0000ed04       0x22 ./lib/sdmmc/host/fsl_sdmmc_host.o
 .text.SDHC_DisableInterruptSignal
                0x0000ed26       0x24 ./lib/sdmmc/host/fsl_sdmmc_host.o
 .text.SDHC_ClearInterruptStatusFlags
                0x0000ed4a       0x1c ./lib/sdmmc/host/fsl_sdmmc_host.o
 .text.SDHC_GetPresentStatusFlags
                0x0000ed66       0x18 ./lib/sdmmc/host/fsl_sdmmc_host.o
 .text.SDHC_SetDataBusWidth
                0x0000ed7e       0x2e ./lib/sdmmc/host/fsl_sdmmc_host.o
 .text.SDHC_CardDetectByData3
                0x0000edac       0x38 ./lib/sdmmc/host/fsl_sdmmc_host.o
 .text.SDMMCHOST_DetectCardInsertByHost
                0x0000ede4       0x72 ./lib/sdmmc/host/fsl_sdmmc_host.o
 .text.SDMMCHOST_DetectCardRemoveByHost
                0x0000ee56       0x72 ./lib/sdmmc/host/fsl_sdmmc_host.o
 .text.SDMMCHOST_CardDetectInit
                0x0000eec8       0x96 ./lib/sdmmc/host/fsl_sdmmc_host.o
                0x0000eec8                SDMMCHOST_CardDetectInit
 .text.SDMMCHOST_CardDetectStatus
                0x0000ef5e       0x72 ./lib/sdmmc/host/fsl_sdmmc_host.o
                0x0000ef5e                SDMMCHOST_CardDetectStatus
 .text.SDMMCHOST_TransferCompleteCallback
                0x0000efd0       0x5a ./lib/sdmmc/host/fsl_sdmmc_host.o
 .text.SDMMCHOST_TransferFunction
                0x0000f02a       0xec ./lib/sdmmc/host/fsl_sdmmc_host.o
                0x0000f02a                SDMMCHOST_TransferFunction
 .text.SDMMCHOST_ErrorRecovery
                0x0000f116       0x48 ./lib/sdmmc/host/fsl_sdmmc_host.o
 .text.SDMMCHOST_ConvertDataToLittleEndian
                0x0000f15e       0xe2 ./lib/sdmmc/host/fsl_sdmmc_host.o
                0x0000f15e                SDMMCHOST_ConvertDataToLittleEndian
 .text.SDMMCHOST_Reset
                0x0000f240       0x14 ./lib/sdmmc/host/fsl_sdmmc_host.o
                0x0000f240                SDMMCHOST_Reset
 .text.SDMMCHOST_SetCardBusWidth
                0x0000f254       0x34 ./lib/sdmmc/host/fsl_sdmmc_host.o
                0x0000f254                SDMMCHOST_SetCardBusWidth
 .text.SDMMCHOST_Deinit
                0x0000f288       0x40 ./lib/sdmmc/host/fsl_sdmmc_host.o
                0x0000f288                SDMMCHOST_Deinit
 .text.MP3GetDecodedFrame
                0x0000f2c8       0x24 ./lib/mp3decoder/mp3decoder.o
                0x0000f2c8                MP3GetDecodedFrame
 .text.copyFrameInfo
                0x0000f2ec       0x48 ./lib/mp3decoder/mp3decoder.o
 .text.has_ID3_tag
                0x0000f334       0x48 ./lib/id3tagParser/read_id3.o
                0x0000f334                has_ID3_tag
 .text.get_ID3_size
                0x0000f37c       0x62 ./lib/id3tagParser/read_id3.o
                0x0000f37c                get_ID3_size
 .text.xmp3fixpt_SetBitstreamPointer
                0x0000f3de       0x30 ./lib/helix/real/bitstream.o
                0x0000f3de                xmp3fixpt_SetBitstreamPointer
 .text.RefillBitstreamCache
                0x0000f40e       0xe0 ./lib/helix/real/bitstream.o
 .text.xmp3fixpt_GetBits
                0x0000f4ee       0x90 ./lib/helix/real/bitstream.o
                0x0000f4ee                xmp3fixpt_GetBits
 .text.xmp3fixpt_CalcBitsUsed
                0x0000f57e       0x38 ./lib/helix/real/bitstream.o
                0x0000f57e                xmp3fixpt_CalcBitsUsed
 .text.xmp3fixpt_CheckPadBit
                0x0000f5b6       0x3c ./lib/helix/real/bitstream.o
                0x0000f5b6                xmp3fixpt_CheckPadBit
 .text.xmp3fixpt_UnpackSideInfo
                0x0000f5f2      0x33c ./lib/helix/real/bitstream.o
                0x0000f5f2                xmp3fixpt_UnpackSideInfo
 .text.ClearBuffer
                0x0000f92e       0x38 ./lib/helix/real/buffers.o
 .text.xmp3fixpt_FreeBuffers
                0x0000f966       0x16 ./lib/helix/real/buffers.o
                0x0000f966                xmp3fixpt_FreeBuffers
 .text.MULSHIFT32
                0x0000f97c       0x24 ./lib/helix/real/dct32.o
 .text.CLZ      0x0000f9a0       0x1e ./lib/helix/real/dequant.o
 .text.MULSHIFT32
                0x0000f9be       0x24 ./lib/helix/real/dqchan.o
 .text.CLZ      0x0000f9e2       0x1e ./lib/helix/real/dqchan.o
 .text.MULSHIFT32
                0x0000fa00       0x24 ./lib/helix/real/imdct.o
 .text.FASTABS  0x0000fa24       0x2c ./lib/helix/real/imdct.o
 .text.CLZ      0x0000fa50       0x1e ./lib/helix/real/imdct.o
 .text.FreqInvertRescale
                0x0000fa6e      0x34a ./lib/helix/real/imdct.o
 .text.HybridTransform
                0x0000fdb8      0x23a ./lib/helix/real/imdct.o
 .text.MADD64   0x0000fff2       0x38 ./lib/helix/real/polyphase.o
 .text.SAR64    0x0001002a       0x42 ./lib/helix/real/polyphase.o
 .text.ClipToShort
                0x0001006c       0x40 ./lib/helix/real/polyphase.o
 .text.xmp3fixpt_PolyphaseMono
                0x000100ac      0x782 ./lib/helix/real/polyphase.o
                0x000100ac                xmp3fixpt_PolyphaseMono
 .text.xmp3fixpt_PolyphaseStereo
                0x0001082e      0xd02 ./lib/helix/real/polyphase.o
                0x0001082e                xmp3fixpt_PolyphaseStereo
 .text.xmp3fixpt_UnpackScaleFactors
                0x00011530      0x1b4 ./lib/helix/real/scalfact.o
                0x00011530                xmp3fixpt_UnpackScaleFactors
 .text.MULSHIFT32
                0x000116e4       0x24 ./lib/helix/real/stproc.o
 .text.FASTABS  0x00011708       0x2c ./lib/helix/real/stproc.o
 .text.xmp3fixpt_MidSideProc
                0x00011734       0xb4 ./lib/helix/real/stproc.o
                0x00011734                xmp3fixpt_MidSideProc
 .text.MP3InitDecoder
                0x000117e8       0x16 ./lib/helix/mp3dec.o
                0x000117e8                MP3InitDecoder
 .text.MP3FindSyncWord
                0x000117fe       0x52 ./lib/helix/mp3dec.o
                0x000117fe                MP3FindSyncWord
 .text.MP3FindFreeSync
                0x00011850       0xa0 ./lib/helix/mp3dec.o
 .text.MP3GetNextFrameInfo
                0x000118f0       0x4e ./lib/helix/mp3dec.o
                0x000118f0                MP3GetNextFrameInfo
 .text.MP3ClearBadFrame
                0x0001193e       0x56 ./lib/helix/mp3dec.o
 .text.MP3Decode
                0x00011994      0x430 ./lib/helix/mp3dec.o
                0x00011994                MP3Decode
 .text.sd_disk_status
                0x00011dc4       0x22 ./lib/fatfs/source/fsl_sd_disk/fsl_sd_disk.o
                0x00011dc4                sd_disk_status
 .text.disk_status
                0x00011de6       0x2c ./lib/fatfs/source/diskio.o
                0x00011de6                disk_status
 .text.disk_initialize
                0x00011e12       0x2c ./lib/fatfs/source/diskio.o
                0x00011e12                disk_initialize
 .text.disk_read
                0x00011e3e       0x36 ./lib/fatfs/source/diskio.o
                0x00011e3e                disk_read
 .text.ld_word  0x00011e74       0x30 ./lib/fatfs/source/ff.o
 .text.ld_dword
                0x00011ea4       0x46 ./lib/fatfs/source/ff.o
 .text.mem_cpy  0x00011eea       0x42 ./lib/fatfs/source/ff.o
 .text.mem_set  0x00011f2c       0x36 ./lib/fatfs/source/ff.o
 .text.mem_cmp  0x00011f62       0x4e ./lib/fatfs/source/ff.o
 .text.chk_chr  0x00011fb0       0x36 ./lib/fatfs/source/ff.o
 .text.dbc_1st  0x00011fe6       0x40 ./lib/fatfs/source/ff.o
 .text.dbc_2nd  0x00012026       0x54 ./lib/fatfs/source/ff.o
 .text.tchar2uni
                0x0001207a       0x8a ./lib/fatfs/source/ff.o
 .text.put_utf  0x00012104       0x70 ./lib/fatfs/source/ff.o
 .text.move_window
                0x00012174       0x50 ./lib/fatfs/source/ff.o
 .text.clst2sect
                0x000121c4       0x3e ./lib/fatfs/source/ff.o
 .text.get_fat  0x00012202      0x14e ./lib/fatfs/source/ff.o
 .text.dir_sdi  0x00012350       0xf6 ./lib/fatfs/source/ff.o
 .text.dir_next
                0x00012446       0xf0 ./lib/fatfs/source/ff.o
 .text.ld_clust
                0x00012536       0x3e ./lib/fatfs/source/ff.o
 .text.sum_sfn  0x00012574       0x42 ./lib/fatfs/source/ff.o
 .text.dir_read
                0x000125b6      0x14e ./lib/fatfs/source/ff.o
 .text.dir_find
                0x00012704      0x180 ./lib/fatfs/source/ff.o
 .text.get_fileinfo
                0x00012884      0x22e ./lib/fatfs/source/ff.o
 .text.follow_path
                0x00012ab2      0x11c ./lib/fatfs/source/ff.o
 .text.find_volume
                0x00012bce       0xbe ./lib/fatfs/source/ff.o
 .text.validate
                0x00012c8c       0x6a ./lib/fatfs/source/ff.o
 .text.f_open   0x00012cf6       0xea ./lib/fatfs/source/ff.o
                0x00012cf6                f_open
 .text.f_read   0x00012de0      0x1f6 ./lib/fatfs/source/ff.o
                0x00012de0                f_read
 .text.f_close  0x00012fd6       0x30 ./lib/fatfs/source/ff.o
                0x00012fd6                f_close
 .text.f_lseek  0x00013006      0x190 ./lib/fatfs/source/ff.o
                0x00013006                f_lseek
 .text.f_opendir
                0x00013196       0xb2 ./lib/fatfs/source/ff.o
                0x00013196                f_opendir
 .text.f_closedir
                0x00013248       0x30 ./lib/fatfs/source/ff.o
                0x00013248                f_closedir
 .text.f_readdir
                0x00013278       0x7a ./lib/fatfs/source/ff.o
                0x00013278                f_readdir
 .text.DMA0_IRQHandler
                0x000132f2        0xe ./drivers/MCAL/PDRV_DMA.o
                0x000132f2                DMA0_IRQHandler
 .text.DMA1_IRQHandler
                0x00013300        0xe ./drivers/MCAL/PDRV_DMA.o
                0x00013300                DMA1_IRQHandler
 .text.DMA2_IRQHandler
                0x0001330e        0xe ./drivers/MCAL/PDRV_DMA.o
                0x0001330e                DMA2_IRQHandler
 .text.DMA3_IRQHandler
                0x0001331c        0xe ./drivers/MCAL/PDRV_DMA.o
                0x0001331c                DMA3_IRQHandler
 .text.DMA4_IRQHandler
                0x0001332a        0xe ./drivers/MCAL/PDRV_DMA.o
                0x0001332a                DMA4_IRQHandler
 .text.DMA5_IRQHandler
                0x00013338        0xe ./drivers/MCAL/PDRV_DMA.o
                0x00013338                DMA5_IRQHandler
 .text.DMA6_IRQHandler
                0x00013346        0xe ./drivers/MCAL/PDRV_DMA.o
                0x00013346                DMA6_IRQHandler
 .text.DMA7_IRQHandler
                0x00013354        0xe ./drivers/MCAL/PDRV_DMA.o
                0x00013354                DMA7_IRQHandler
 .text.DMA8_IRQHandler
                0x00013362        0xe ./drivers/MCAL/PDRV_DMA.o
                0x00013362                DMA8_IRQHandler
 .text.DMA9_IRQHandler
                0x00013370        0xe ./drivers/MCAL/PDRV_DMA.o
                0x00013370                DMA9_IRQHandler
 .text.DMA10_IRQHandler
                0x0001337e        0xe ./drivers/MCAL/PDRV_DMA.o
                0x0001337e                DMA10_IRQHandler
 .text.DMA11_IRQHandler
                0x0001338c        0xe ./drivers/MCAL/PDRV_DMA.o
                0x0001338c                DMA11_IRQHandler
 .text.DMA12_IRQHandler
                0x0001339a        0xe ./drivers/MCAL/PDRV_DMA.o
                0x0001339a                DMA12_IRQHandler
 .text.DMA13_IRQHandler
                0x000133a8        0xe ./drivers/MCAL/PDRV_DMA.o
                0x000133a8                DMA13_IRQHandler
 .text.DMA14_IRQHandler
                0x000133b6        0xe ./drivers/MCAL/PDRV_DMA.o
                0x000133b6                DMA14_IRQHandler
 .text.DMA15_IRQHandler
                0x000133c4        0xe ./drivers/MCAL/PDRV_DMA.o
                0x000133c4                DMA15_IRQHandler
 .text.PORTA_IRQHandler
                0x000133d2       0x1e ./drivers/MCAL/PDRV_GPIO.o
                0x000133d2                PORTA_IRQHandler
 .text.PORTB_IRQHandler
                0x000133f0       0x1e ./drivers/MCAL/PDRV_GPIO.o
                0x000133f0                PORTB_IRQHandler
 .text.PORTC_IRQHandler
                0x0001340e       0x1e ./drivers/MCAL/PDRV_GPIO.o
                0x0001340e                PORTC_IRQHandler
 .text.PORTD_IRQHandler
                0x0001342c       0x1e ./drivers/MCAL/PDRV_GPIO.o
                0x0001342c                PORTD_IRQHandler
 .text.getEvent
                0x0001344a       0x98 ./drivers/HAL/DRV_AudioControl.o
 .text.eventHandlerNoneModeExplore
                0x000134e2        0xe ./drivers/HAL/DRV_AudioControl.o
 .text.eventHandlerNoneModePlay
                0x000134f0        0xe ./drivers/HAL/DRV_AudioControl.o
 .text.eventHandlerButton1LongModePlay
                0x000134fe        0xc ./drivers/HAL/DRV_AudioControl.o
 .text.eventHandlerButton2LongModeExplore
                0x0001350a        0xe ./drivers/HAL/DRV_AudioControl.o
 .text.eventHandlerButton2LongModePlay
                0x00013518        0xc ./drivers/HAL/DRV_AudioControl.o
 .text.getButtonStatus
                0x00013524       0x2a ./drivers/HAL/DRV_Buttons.o
 .text.genericButtonHandler
                0x0001354e       0xa6 ./drivers/HAL/DRV_Buttons.o
 .text.remove_last_folder
                0x000135f4       0x26 ./drivers/HAL/DRV_FILEEXPLORER.o
 .text.lcd_write_ins
                0x0001361a       0x44 ./drivers/HAL/DRV_LCD.o
                0x0001361a                lcd_write_ins
 .text.lcd_write_data
                0x0001365e       0x44 ./drivers/HAL/DRV_LCD.o
                0x0001365e                lcd_write_data
 .text.sdcardInit
                0x000136a2        0xe ./drivers/HAL/DRV_SD.o
                0x000136a2                sdcardInit
 .text.wavegen_set_samplerate
                0x000136b0       0x16 ./drivers/HAL/DRV_WaveGen.o
                0x000136b0                wavegen_set_samplerate
 .text.start_dma_transfer
                0x000136c6        0xe ./drivers/HAL/DRV_WaveGen.o
 .text.OSC_SetExtRefClkConfig
                0x000136d4       0x34 ./drivers/FSL/fsl_clock.o
 .text.OSC_SetCapLoad
                0x00013708       0x34 ./drivers/FSL/fsl_clock.o
 .text.CLOCK_GetPll0RefFreq
                0x0001373c        0xe ./drivers/FSL/fsl_clock.o
 .text.CLOCK_GetFixedFreqClkFreq
                0x0001374a       0x34 ./drivers/FSL/fsl_clock.o
                0x0001374a                CLOCK_GetFixedFreqClkFreq
 .text.DelayLoop
                0x0001377e       0x20 ./drivers/FSL/fsl_common_arm.o
 .text.CLOCK_EnableClock
                0x0001379e       0x34 ./drivers/FSL/fsl_sdhc.o
 .text.CLOCK_DisableClock
                0x000137d2       0x38 ./drivers/FSL/fsl_sdhc.o
 .text.EnableIRQ
                0x0001380a       0x32 ./drivers/FSL/fsl_sdhc.o
 .text.SDHC_EnableInterruptSignal
                0x0001383c       0x22 ./drivers/FSL/fsl_sdhc.o
 .text.SDHC_DisableInterruptSignal
                0x0001385e       0x24 ./drivers/FSL/fsl_sdhc.o
 .text.SDHC_GetEnabledInterruptStatusFlags
                0x00013882       0x22 ./drivers/FSL/fsl_sdhc.o
 .text.SDHC_ClearInterruptStatusFlags
                0x000138a4       0x1c ./drivers/FSL/fsl_sdhc.o
 .text.SDHC_GetPresentStatusFlags
                0x000138c0       0x18 ./drivers/FSL/fsl_sdhc.o
 .text.SDHC_WriteData
                0x000138d8       0x1c ./drivers/FSL/fsl_sdhc.o
 .text.SDHC_ReadData
                0x000138f4       0x18 ./drivers/FSL/fsl_sdhc.o
 .text.SDHC_StartTransfer
                0x0001390c      0x158 ./drivers/FSL/fsl_sdhc.o
 .text.SDHC_ReadDataPort
                0x00013a64       0xa4 ./drivers/FSL/fsl_sdhc.o
 .text.SDHC_WriteDataPort
                0x00013b08       0xa6 ./drivers/FSL/fsl_sdhc.o
 .text.SDHC_TransferHandleCardDetect
                0x00013bae       0x4c ./drivers/FSL/fsl_sdhc.o
 .text.SDHC_TransferHandleSdioInterrupt
                0x00013bfa       0x28 ./drivers/FSL/fsl_sdhc.o
 .text.SDHC_TransferHandleSdioBlockGap
                0x00013c22       0x28 ./drivers/FSL/fsl_sdhc.o
 .text.SDHC_Reset
                0x00013c4a       0x52 ./drivers/FSL/fsl_sdhc.o
                0x00013c4a                SDHC_Reset
 .text.SDHC_SetCardActive
                0x00013c9c       0x4c ./drivers/FSL/fsl_sdhc.o
                0x00013c9c                SDHC_SetCardActive
 .text.UART0_RX_TX_DriverIRQHandler
                0x00013ce8       0x12 ./drivers/FSL/fsl_uart.o
                0x00013ce8                UART0_RX_TX_DriverIRQHandler
 .text.UART1_RX_TX_DriverIRQHandler
                0x00013cfa       0x12 ./drivers/FSL/fsl_uart.o
                0x00013cfa                UART1_RX_TX_DriverIRQHandler
 .text.UART2_RX_TX_DriverIRQHandler
                0x00013d0c       0x12 ./drivers/FSL/fsl_uart.o
                0x00013d0c                UART2_RX_TX_DriverIRQHandler
 .text.UART3_RX_TX_DriverIRQHandler
                0x00013d1e       0x12 ./drivers/FSL/fsl_uart.o
                0x00013d1e                UART3_RX_TX_DriverIRQHandler
 .text.UART4_RX_TX_DriverIRQHandler
                0x00013d30       0x12 ./drivers/FSL/fsl_uart.o
                0x00013d30                UART4_RX_TX_DriverIRQHandler
 .text.UART5_RX_TX_DriverIRQHandler
                0x00013d42       0x12 ./drivers/FSL/fsl_uart.o
                0x00013d42                UART5_RX_TX_DriverIRQHandler
 .text.SystemInitHook
                0x00013d54        0xe ./device/system_MK64F12.o
                0x00013d54                SystemInitHook
 .text.DisableGlobalIRQ
                0x00013d62       0x22 ./component/osa/fsl_os_abstraction_bm.o
 .text.EnableGlobalIRQ
                0x00013d84       0x20 ./component/osa/fsl_os_abstraction_bm.o
 .text.OSA_EnterCritical
                0x00013da4       0x1a ./component/osa/fsl_os_abstraction_bm.o
                0x00013da4                OSA_EnterCritical
 .text.OSA_ExitCritical
                0x00013dbe       0x16 ./component/osa/fsl_os_abstraction_bm.o
                0x00013dbe                OSA_ExitCritical
 .text.OSA_MutexLock
                0x00013dd4       0x52 ./component/osa/fsl_os_abstraction_bm.o
                0x00013dd4                OSA_MutexLock
 .text.DbgConsole_Init
                0x00013e26       0x20 ./board/board.o
 .text.BOARD_InitDebugConsole
                0x00013e46       0x22 ./board/board.o
                0x00013e46                BOARD_InitDebugConsole
 .text.CLOCK_EnableClock
                0x00013e68       0x34 ./board/pin_mux.o
 .text.PORT_SetPinMux
                0x00013e9c       0x3a ./board/pin_mux.o
 .text.EnableIRQ
                0x00013ed6       0x32 ./board/sdmmc_config.o
 .text.GPIO_PinRead
                0x00013f08       0x24 ./board/sdmmc_config.o
 .text.PORT_SetPinInterruptConfig
                0x00013f2c       0x3a ./board/sdmmc_config.o
 .text.PORT_GetPinsInterruptFlags
                0x00013f66       0x1a ./board/sdmmc_config.o
 .text.PORT_ClearPinsInterruptFlags
                0x00013f80       0x1e ./board/sdmmc_config.o
 .text.__main   0x00013f9e        0xe c:/nxp/mcuxpressoide_11.8.0_1165/ide/plugins/com.nxp.mcuxpresso.tools.win32_11.8.0.202306131047/tools/bin/../lib/gcc/arm-none-eabi/12.2.1/../../../../arm-none-eabi/lib/thumb/v7e-m+fp/hard\libcr_semihost_nf.a(_cr__main.o)
                0x00013f9e                __CR_SEMIHOST
                0x00013f9e                __main
 .text.memcpy   0x00013fac        0x4 c:/nxp/mcuxpressoide_11.8.0_1165/ide/plugins/com.nxp.mcuxpresso.tools.win32_11.8.0.202306131047/tools/bin/../lib/gcc/arm-none-eabi/12.2.1/../../../../arm-none-eabi/lib/thumb/v7e-m+fp/hard\libcr_c.a(memcpy.o)
                0x00013fac                memcpy
 .text.memmove  0x00013fb0        0x4 c:/nxp/mcuxpressoide_11.8.0_1165/ide/plugins/com.nxp.mcuxpresso.tools.win32_11.8.0.202306131047/tools/bin/../lib/gcc/arm-none-eabi/12.2.1/../../../../arm-none-eabi/lib/thumb/v7e-m+fp/hard\libcr_c.a(memmove.o)
                0x00013fb0                memmove
 .text.memset   0x00013fb4        0x4 c:/nxp/mcuxpressoide_11.8.0_1165/ide/plugins/com.nxp.mcuxpresso.tools.win32_11.8.0.202306131047/tools/bin/../lib/gcc/arm-none-eabi/12.2.1/../../../../arm-none-eabi/lib/thumb/v7e-m+fp/hard\libcr_c.a(memset.o)
                0x00013fb4                memset
 .text.free     0x00013fb8       0x30 c:/nxp/mcuxpressoide_11.8.0_1165/ide/plugins/com.nxp.mcuxpresso.tools.win32_11.8.0.202306131047/tools/bin/../lib/gcc/arm-none-eabi/12.2.1/../../../../arm-none-eabi/lib/thumb/v7e-m+fp/hard\libcr_c.a(alloc.o)
                0x00013fb8                free
 .text.no_fp_display
                0x00013fe8        0x4 c:/nxp/mcuxpressoide_11.8.0_1165/ide/plugins/com.nxp.mcuxpresso.tools.win32_11.8.0.202306131047/tools/bin/../lib/gcc/arm-none-eabi/12.2.1/../../../../arm-none-eabi/lib/thumb/v7e-m+fp/hard\libcr_c.a(printf.o)
 .text.setvbuf  0x00013fec       0x3e c:/nxp/mcuxpressoide_11.8.0_1165/ide/plugins/com.nxp.mcuxpresso.tools.win32_11.8.0.202306131047/tools/bin/../lib/gcc/arm-none-eabi/12.2.1/../../../../arm-none-eabi/lib/thumb/v7e-m+fp/hard\libcr_c.a(setvbuf.o)
                0x00013fec                setvbuf
 .text.strcat   0x0001402a       0x1e c:/nxp/mcuxpressoide_11.8.0_1165/ide/plugins/com.nxp.mcuxpresso.tools.win32_11.8.0.202306131047/tools/bin/../lib/gcc/arm-none-eabi/12.2.1/../../../../arm-none-eabi/lib/thumb/v7e-m+fp/hard\libcr_c.a(strcat.o)
                0x0001402a                strcat
 .text.strcpy   0x00014048       0x42 c:/nxp/mcuxpressoide_11.8.0_1165/ide/plugins/com.nxp.mcuxpresso.tools.win32_11.8.0.202306131047/tools/bin/../lib/gcc/arm-none-eabi/12.2.1/../../../../arm-none-eabi/lib/thumb/v7e-m+fp/hard\libcr_c.a(strcpy.o)
                0x00014048                strcpy
 .text.strlen   0x0001408a       0x4e c:/nxp/mcuxpressoide_11.8.0_1165/ide/plugins/com.nxp.mcuxpresso.tools.win32_11.8.0.202306131047/tools/bin/../lib/gcc/arm-none-eabi/12.2.1/../../../../arm-none-eabi/lib/thumb/v7e-m+fp/hard\libcr_c.a(strlen.o)
                0x0001408a                strlen
 .text.strncmp  0x000140d8       0x56 c:/nxp/mcuxpressoide_11.8.0_1165/ide/plugins/com.nxp.mcuxpresso.tools.win32_11.8.0.202306131047/tools/bin/../lib/gcc/arm-none-eabi/12.2.1/../../../../arm-none-eabi/lib/thumb/v7e-m+fp/hard\libcr_c.a(strncmp.o)
                0x000140d8                strncmp
 .text.strrchr  0x0001412e       0x1c c:/nxp/mcuxpressoide_11.8.0_1165/ide/plugins/com.nxp.mcuxpresso.tools.win32_11.8.0.202306131047/tools/bin/../lib/gcc/arm-none-eabi/12.2.1/../../../../arm-none-eabi/lib/thumb/v7e-m+fp/hard\libcr_c.a(strrchr.o)
                0x0001412e                strrchr
 .text._deferredlazyseek
                0x0001414a       0x40 c:/nxp/mcuxpressoide_11.8.0_1165/ide/plugins/com.nxp.mcuxpresso.tools.win32_11.8.0.202306131047/tools/bin/../lib/gcc/arm-none-eabi/12.2.1/../../../../arm-none-eabi/lib/thumb/v7e-m+fp/hard\libcr_c.a(_deferredlazyseek.o)
                0x0001414a                _deferredlazyseek
 .text.__flsbuf
                0x0001418a      0x140 c:/nxp/mcuxpressoide_11.8.0_1165/ide/plugins/com.nxp.mcuxpresso.tools.win32_11.8.0.202306131047/tools/bin/../lib/gcc/arm-none-eabi/12.2.1/../../../../arm-none-eabi/lib/thumb/v7e-m+fp/hard\libcr_c.a(_deferredlazyseek.o)
                0x0001418a                __flsbuf
 .text._fdopen  0x000142ca       0x68 c:/nxp/mcuxpressoide_11.8.0_1165/ide/plugins/com.nxp.mcuxpresso.tools.win32_11.8.0.202306131047/tools/bin/../lib/gcc/arm-none-eabi/12.2.1/../../../../arm-none-eabi/lib/thumb/v7e-m+fp/hard\libcr_c.a(_fdopen.o)
                0x000142ca                _fdopen
 .text._fflush  0x00014332       0x52 c:/nxp/mcuxpressoide_11.8.0_1165/ide/plugins/com.nxp.mcuxpresso.tools.win32_11.8.0.202306131047/tools/bin/../lib/gcc/arm-none-eabi/12.2.1/../../../../arm-none-eabi/lib/thumb/v7e-m+fp/hard\libcr_c.a(_fflush.o)
                0x00014332                _fflush
 .text.fclose   0x00014384       0x58 c:/nxp/mcuxpressoide_11.8.0_1165/ide/plugins/com.nxp.mcuxpresso.tools.win32_11.8.0.202306131047/tools/bin/../lib/gcc/arm-none-eabi/12.2.1/../../../../arm-none-eabi/lib/thumb/v7e-m+fp/hard\libcr_c.a(fclose.o)
                0x00014384                fclose
 .text.remove   0x000143dc       0x14 c:/nxp/mcuxpressoide_11.8.0_1165/ide/plugins/com.nxp.mcuxpresso.tools.win32_11.8.0.202306131047/tools/bin/../lib/gcc/arm-none-eabi/12.2.1/../../../../arm-none-eabi/lib/thumb/v7e-m+fp/hard\libcr_c.a(remove.o)
                0x000143dc                remove
 .text._do_fflush
                0x000143f0       0x40 c:/nxp/mcuxpressoide_11.8.0_1165/ide/plugins/com.nxp.mcuxpresso.tools.win32_11.8.0.202306131047/tools/bin/../lib/gcc/arm-none-eabi/12.2.1/../../../../arm-none-eabi/lib/thumb/v7e-m+fp/hard\libcr_c.a(_do_fflush.o)
                0x000143f0                _do_fflush
 .text.__aeabi_division_uldivmod
                0x00014430      0x174 c:/nxp/mcuxpressoide_11.8.0_1165/ide/plugins/com.nxp.mcuxpresso.tools.win32_11.8.0.202306131047/tools/bin/../lib/gcc/arm-none-eabi/12.2.1/thumb/v7e-m+fp/hard\libcr_eabihelpers.a(division_64.o)
                0x00014430                __aeabi_uldivmod
                0x00014434                __bhs_ldivmod1
 .text.__aeabi_division_idiv0
                0x000145a4        0x2 c:/nxp/mcuxpressoide_11.8.0_1165/ide/plugins/com.nxp.mcuxpresso.tools.win32_11.8.0.202306131047/tools/bin/../lib/gcc/arm-none-eabi/12.2.1/thumb/v7e-m+fp/hard\libcr_eabihelpers.a(division_idiv0.o)
                0x000145a4                __aeabi_idiv0
 .text.__aeabi_memcpy
                0x000145a6       0x34 c:/nxp/mcuxpressoide_11.8.0_1165/ide/plugins/com.nxp.mcuxpresso.tools.win32_11.8.0.202306131047/tools/bin/../lib/gcc/arm-none-eabi/12.2.1/thumb/v7e-m+fp/hard\libcr_eabihelpers.a(memcpy.o)
                0x000145a6                __aeabi_memcpy
                0x000145b0                __aeabi_memcpy8
                0x000145b0                __aeabi_memcpy4
 .text.__aeabi_memmove
                0x000145da       0x1c c:/nxp/mcuxpressoide_11.8.0_1165/ide/plugins/com.nxp.mcuxpresso.tools.win32_11.8.0.202306131047/tools/bin/../lib/gcc/arm-none-eabi/12.2.1/thumb/v7e-m+fp/hard\libcr_eabihelpers.a(memcpy.o)
                0x000145da                __aeabi_memmove
                0x000145da                __aeabi_memmove4
                0x000145da                __aeabi_memmove8
 .text.__aeabi_memset_lowlevel
                0x000145f6       0x32 c:/nxp/mcuxpressoide_11.8.0_1165/ide/plugins/com.nxp.mcuxpresso.tools.win32_11.8.0.202306131047/tools/bin/../lib/gcc/arm-none-eabi/12.2.1/thumb/v7e-m+fp/hard\libcr_eabihelpers.a(memcpy.o)
                0x000145f6                __aeabi_lowlevel_memset
 .text.__sys_close
                0x00014628        0xc c:/nxp/mcuxpressoide_11.8.0_1165/ide/plugins/com.nxp.mcuxpresso.tools.win32_11.8.0.202306131047/tools/bin/../lib/gcc/arm-none-eabi/12.2.1/../../../../arm-none-eabi/lib/thumb/v7e-m+fp/hard\libcr_semihost_nf.a(__sys_close.o)
                0x00014628                __sys_close
 .text.__sys_flen
                0x00014634        0xc c:/nxp/mcuxpressoide_11.8.0_1165/ide/plugins/com.nxp.mcuxpresso.tools.win32_11.8.0.202306131047/tools/bin/../lib/gcc/arm-none-eabi/12.2.1/../../../../arm-none-eabi/lib/thumb/v7e-m+fp/hard\libcr_semihost_nf.a(__sys_flen.o)
                0x00014634                __sys_flen
 .text.__sys_istty
                0x00014640        0xc c:/nxp/mcuxpressoide_11.8.0_1165/ide/plugins/com.nxp.mcuxpresso.tools.win32_11.8.0.202306131047/tools/bin/../lib/gcc/arm-none-eabi/12.2.1/../../../../arm-none-eabi/lib/thumb/v7e-m+fp/hard\libcr_semihost_nf.a(__sys_istty.o)
                0x00014640                __sys_istty
 .text.__sys_remove
                0x0001464c        0xc c:/nxp/mcuxpressoide_11.8.0_1165/ide/plugins/com.nxp.mcuxpresso.tools.win32_11.8.0.202306131047/tools/bin/../lib/gcc/arm-none-eabi/12.2.1/../../../../arm-none-eabi/lib/thumb/v7e-m+fp/hard\libcr_semihost_nf.a(__sys_remove.o)
                0x0001464c                __sys_remove
 .text.__sys_seek
                0x00014658        0xc c:/nxp/mcuxpressoide_11.8.0_1165/ide/plugins/com.nxp.mcuxpresso.tools.win32_11.8.0.202306131047/tools/bin/../lib/gcc/arm-none-eabi/12.2.1/../../../../arm-none-eabi/lib/thumb/v7e-m+fp/hard\libcr_semihost_nf.a(__sys_seek.o)
                0x00014658                __sys_seek
 .text.__sys_tmpnam
                0x00014664        0xc c:/nxp/mcuxpressoide_11.8.0_1165/ide/plugins/com.nxp.mcuxpresso.tools.win32_11.8.0.202306131047/tools/bin/../lib/gcc/arm-none-eabi/12.2.1/../../../../arm-none-eabi/lib/thumb/v7e-m+fp/hard\libcr_semihost_nf.a(__sys_tmpnam.o)
                0x00014664                __sys_tmpnam
 .text.__sys_write
                0x00014670        0xc c:/nxp/mcuxpressoide_11.8.0_1165/ide/plugins/com.nxp.mcuxpresso.tools.win32_11.8.0.202306131047/tools/bin/../lib/gcc/arm-none-eabi/12.2.1/../../../../arm-none-eabi/lib/thumb/v7e-m+fp/hard\libcr_semihost_nf.a(__sys_write.o)
                0x00014670                __sys_write
 *(SORT_BY_ALIGNMENT(.rodata) SORT_BY_ALIGNMENT(.rodata.*) SORT_BY_ALIGNMENT(.constdata) SORT_BY_ALIGNMENT(.constdata.*))
 *fill*         0x0001467c        0x4 ff
 .rodata.bass_filter
                0x00014680       0x80 ./source/equalizer/EQ_FIR_Q15.o
 .rodata.mid_filter
                0x00014700       0x80 ./source/equalizer/EQ_FIR_Q15.o
 .rodata.treble_filter
                0x00014780       0x80 ./source/equalizer/EQ_FIR_Q15.o
 .rodata.__assertion_failed.str1.4
                0x00014800       0x14 ./utilities/fsl_assert.o
 .rodata        0x00014814        0x8 ./source/lcd_display/lcd_display.o
 .rodata.noGains
                0x0001481c        0xc ./source/equalizer/EQ_FIR_Q15.o
 .rodata.JazzGains
                0x00014828        0xc ./source/equalizer/EQ_FIR_Q15.o