../source/viewer.c:19:6:__viewer_Init_	4	static
../source/viewer.c:34:6:viewer_reset	8	static
../source/viewer.c:39:6:viewer_censor_set	4	static
../source/viewer.c:44:6:viewer_censor_clr	4	static
../source/viewer.c:49:6:viewer_digit_upd	16	static
../source/viewer.c:54:6:viewer_digit_sel	16	static
../source/viewer.c:59:6:viewer_status_upd	16	static
../source/viewer.c:64:6:viewer_mode	16	static
../source/viewer.c:69:6:viewer_num_input	16	static
../source/viewer.c:74:6:viewer_clear	16	static
../source/viewer.c:83:6:viewer_refresh	16	static
