C:\Users\fn_mo\Documents\MCUXpressoIDE_11.8.0_1165\workspace\MP3-Final_sdcard_fatfs\CMSIS/core_cm4.h:1679:22:__NVIC_EnableIRQ	16	static
C:\Users\fn_mo\Documents\MCUXpressoIDE_11.8.0_1165\workspace\MP3-Final_sdcard_fatfs\CMSIS/core_cm4.h:1809:22:__NVIC_SetPriority	16	static
C:\Users\fn_mo\Documents\MCUXpressoIDE_11.8.0_1165\workspace\MP3-Final_sdcard_fatfs\drivers\fsl/fsl_common_arm.h:499:24:EnableIRQ	24	static
C:\Users\fn_mo\Documents\MCUXpressoIDE_11.8.0_1165\workspace\MP3-Final_sdcard_fatfs\drivers\fsl/fsl_gpio.h:244:24:GPIO_PinRead	16	static
C:\Users\fn_mo\Documents\MCUXpressoIDE_11.8.0_1165\workspace\MP3-Final_sdcard_fatfs\drivers\fsl/fsl_port.h:271:20:PORT_SetPinConfig	32	static
C:\Users\fn_mo\Documents\MCUXpressoIDE_11.8.0_1165\workspace\MP3-Final_sdcard_fatfs\drivers\fsl/fsl_port.h:443:20:PORT_SetPinInterruptConfig	24	static
C:\Users\fn_mo\Documents\MCUXpressoIDE_11.8.0_1165\workspace\MP3-Final_sdcard_fatfs\drivers\fsl/fsl_port.h:509:24:PORT_GetPinsInterruptFlags	16	static
C:\Users\fn_mo\Documents\MCUXpressoIDE_11.8.0_1165\workspace\MP3-Final_sdcard_fatfs\drivers\fsl/fsl_port.h:520:20:PORT_ClearPinsInterruptFlags	16	static
../board/sdmmc_config.c:27:6:BOARD_SDCardGetDetectStatus	8	static
../board/sdmmc_config.c:32:6:PORTE_IRQHandler	16	static
../board/sdmmc_config.c:45:6:BOARD_SDCardDAT3PullFunction	24	static
../board/sdmmc_config.c:65:6:BOARD_SDCardDetectInit	16	static
../board/sdmmc_config.c:102:6:BOARD_SD_Config	32	static
