../SDK/CMSIS/core_cm4.h:1677:22:__NVIC_EnableIRQ	16	static
../SDK/CMSIS/core_cm4.h:1766:22:__NVIC_ClearPendingIRQ	16	static
../source/MCAL/eDMA.c:20:6:DMA_init	4	static
../source/MCAL/eDMA.c:27:6:DMA_enableChannel	24	static
../source/MCAL/eDMA.c:33:6:DMA_disableChannel	24	static
../source/MCAL/eDMA.c:39:6:DMA_setChannelRequestSource	16	static
../source/MCAL/eDMA.c:44:6:DMA_setChannelDataSource	16	static
../source/MCAL/eDMA.c:50:6:DMA_setChannelDataDestination	16	static
../source/MCAL/eDMA.c:59:6:DMA_setMinLoopTransferSize	16	static
../source/MCAL/eDMA.c:66:6:DMA_setMajorLoopTransfer	24	static
../source/MCAL/eDMA.c:74:6:DMA_enableScatterandGather	16	static
../source/MCAL/eDMA.c:79:6:DMA_disableScatterandGather	16	static
../source/MCAL/eDMA.c:84:6:DMA_setScatterAndGather	16	static
../source/MCAL/eDMA.c:89:6:DMA_setChannelTCD	16	static
../source/MCAL/eDMA.c:104:6:DMA_enableMajorInterrupt	16	static
../source/MCAL/eDMA.c:111:6:DMA_enableHalfMajorInterrupt	16	static
../source/MCAL/eDMA.c:118:6:DMA_enableMajorChannelLink	16	static
../source/MCAL/eDMA.c:123:6:DMA_setChannelIRQ	16	static
../source/MCAL/eDMA.c:128:6:DMA_ISRhandler	16	static
../source/MCAL/eDMA.c:135:9:DMA0_IRQHandler	16	static
../source/MCAL/eDMA.c:142:9:DMA1_IRQHandler	16	static
../source/MCAL/eDMA.c:149:9:DMA2_IRQHandler	16	static
../source/MCAL/eDMA.c:156:9:DMA3_IRQHandler	16	static
../source/MCAL/eDMA.c:163:9:DMA4_IRQHandler	16	static
../source/MCAL/eDMA.c:170:9:DMA5_IRQHandler	16	static
../source/MCAL/eDMA.c:177:9:DMA6_IRQHandler	16	static
../source/MCAL/eDMA.c:184:9:DMA7_IRQHandler	16	static
../source/MCAL/eDMA.c:191:9:DMA8_IRQHandler	16	static
../source/MCAL/eDMA.c:198:9:DMA9_IRQHandler	16	static
../source/MCAL/eDMA.c:205:9:DMA10_IRQHandler	16	static
../source/MCAL/eDMA.c:212:9:DMA11_IRQHandler	16	static
../source/MCAL/eDMA.c:219:9:DMA12_IRQHandler	16	static
../source/MCAL/eDMA.c:226:9:DMA13_IRQHandler	16	static
../source/MCAL/eDMA.c:233:9:DMA14_IRQHandler	16	static
../source/MCAL/eDMA.c:240:9:DMA15_IRQHandler	16	static
../source/MCAL/eDMA.c:248:9:DMA_Error_IRQHandler	8	static
