../SDK/CMSIS/core_cm4.h:1677:22:__NVIC_EnableIRQ	16	static
../source/MCAL/FTM.c:14:9:FTM0_IRQHandler	16	static
../source/MCAL/FTM.c:19:6:PWM_ISR	8	static
../source/MCAL/FTM.c:29:6:FTM_Init	8	static
../source/MCAL/FTM.c:58:6:FTM_SetPrescaler	16	static
../source/MCAL/FTM.c:63:6:FTM_SetModulus	16	static
../source/MCAL/FTM.c:70:11:FTM_GetModulus	16	static
../source/MCAL/FTM.c:75:6:FTM_StartClock	16	static
../source/MCAL/FTM.c:80:6:FTM_StopClock	16	static
../source/MCAL/FTM.c:85:6:FTM_SetOverflowMode	16	static
../source/MCAL/FTM.c:90:6:FTM_IsOverflowPending	16	static
../source/MCAL/FTM.c:95:6:FTM_ClearOverflowFlag	16	static
../source/MCAL/FTM.c:100:6:FTM_SetWorkingMode	24	static
../source/MCAL/FTM.c:106:11:FTM_GetWorkingMode	16	static
../source/MCAL/FTM.c:111:6:FTM_SetInputCaptureEdge	24	static
../source/MCAL/FTM.c:117:11:FTM_GetInputCaptureEdge	16	static
../source/MCAL/FTM.c:122:6:FTM_SetOutputCompareEffect	24	static
../source/MCAL/FTM.c:128:13:FTM_GetOutputCompareEffect	16	static
../source/MCAL/FTM.c:133:6:FTM_SetPulseWidthModulationLogic	24	static
../source/MCAL/FTM.c:139:12:FTM_GetPulseWidthModulationLogic	16	static
../source/MCAL/FTM.c:144:6:FTM_SetCounter	24	static
../source/MCAL/FTM.c:149:11:FTM_GetCounter	16	static
../source/MCAL/FTM.c:154:6:FTM_SetInterruptMode	24	static
../source/MCAL/FTM.c:159:6:FTM_IsInterruptPending	16	static
../source/MCAL/FTM.c:164:6:FTM_ClearInterruptFlag	16	static
../source/MCAL/FTM.c:169:6:FTM_DmaMode	24	static
