../SDK/CMSIS/core_cm4.h:1677:22:__NVIC_EnableIRQ	16	static
../source/MCAL/PORT.c:5:6:PORT_Init	8	static
../source/MCAL/PORT.c:38:6:PORT_SetPullResistorMode	24	static
../source/MCAL/PORT.c:44:6:PORT_SetPullUpMode	24	static
../source/MCAL/PORT.c:50:6:PORT_SetOpenDrainMode	24	static
../source/MCAL/PORT.c:56:6:PORT_SetPassiveFilterMode	24	static
../source/MCAL/PORT.c:62:6:PORT_SetSlowSlewRateMode	24	static
../source/MCAL/PORT.c:68:6:PORT_SetHighDriveStrengthMode	24	static
../source/MCAL/PORT.c:74:6:PORT_SetMuxMode	24	static
../source/MCAL/PORT.c:80:6:PORT_SetInterruptMode	24	static
../source/MCAL/PORT.c:86:6:PORT_IsInterruptPending	16	static
../source/MCAL/PORT.c:91:6:PORT_ClearInterruptFlag	16	static
../source/MCAL/PORT.c:96:6:PORT_Configure	24	static
../source/MCAL/PORT.c:116:6:PORT_Configure2	24	static
../source/MCAL/PORT.c:128:13:PORT_GetPortFlags	16	static
../source/MCAL/PORT.c:133:6:PORT_ClearPortFlags	16	static
