C:\Users\fn_mo\Documents\MCUXpressoIDE_11.8.0_1165\workspace\MP3-Final_sdcard_fatfs\CMSIS/core_cm4.h:1679:22:__NVIC_EnableIRQ	16	static
C:\Users\fn_mo\Documents\MCUXpressoIDE_11.8.0_1165\workspace\MP3-Final_sdcard_fatfs\CMSIS/core_cm4.h:1770:22:__NVIC_ClearPendingIRQ	16	static
../drivers/MCAL/DMA_DAC.c:85:6:DMA_DAC_init	8	static
../drivers/MCAL/DMA_DAC.c:114:6:DMA_DAC_PingPong	40	static
../drivers/MCAL/DMA_DAC.c:169:11:DMA_DAC_PingPong_table	8	static
../drivers/MCAL/DMA_DAC.c:186:6:DMA_DAC_PingPong_pause	8	static
../drivers/MCAL/DMA_DAC.c:193:6:DMA_DAC_PingPong_continue	8	static
../drivers/MCAL/DMA_DAC.c:204:6:DMA_DAC_init_display_table	16	static
../drivers/MCAL/DMA_DAC.c:241:6:DMA_DAC_display_table	8	static
../drivers/MCAL/DMA_DAC.c:265:9:DMA0_IRQHandler	8	static
../drivers/MCAL/DMA_DAC.c:279:9:DMA1_IRQHandler	16	static
