C:\Users\fn_mo\Documents\MCUXpressoIDE_11.8.0_1165\workspace\MP3-Final_sdcard_fatfs\CMSIS/core_cm4.h:1679:22:__NVIC_EnableIRQ	16	static
../drivers/MCAL/FTM.c:49:6:FTM_init	24	static
../drivers/MCAL/FTM.c:97:6:FTM_set_prescaler	16	static
../drivers/MCAL/FTM.c:102:6:FTM_set_modulus	16	static
../drivers/MCAL/FTM.c:109:11:FTM_get_modulus	16	static
../drivers/MCAL/FTM.c:114:6:FTM_start_clock	16	static
../drivers/MCAL/FTM.c:119:6:FTM_stop_clock	16	static
../drivers/MCAL/FTM.c:124:6:FTM_set_overflow_mode	16	static
../drivers/MCAL/FTM.c:129:6:FTM_is_overflow_pending	16	static
../drivers/MCAL/FTM.c:134:6:FTM_clear_overflow_flag	16	static
../drivers/MCAL/FTM.c:139:6:FTM_set_working_mode	24	static
../drivers/MCAL/FTM.c:145:11:FTM_get_working_mode	16	static
../drivers/MCAL/FTM.c:150:7:FTM_set_input_capture_edge	24	static
../drivers/MCAL/FTM.c:156:11:FTM_get_input_capture_edge	16	static
../drivers/MCAL/FTM.c:161:6:FTM_set_output_compare_effect	24	static
../drivers/MCAL/FTM.c:167:13:FTM_get_output_compare_effect	16	static
../drivers/MCAL/FTM.c:172:6:FTM_set_pulse_width_modulation_logic	24	static
../drivers/MCAL/FTM.c:178:12:FTM_get_pulse_width_modulation_logic	16	static
../drivers/MCAL/FTM.c:183:6:FTM_set_counter	24	static
../drivers/MCAL/FTM.c:188:11:FTM_get_counter	16	static
../drivers/MCAL/FTM.c:193:6:FTM_set_interrupt_mode	24	static
../drivers/MCAL/FTM.c:198:6:FTM_is_interrupt_pending	16	static
../drivers/MCAL/FTM.c:203:6:FTM_clear_interrupt_flag	16	static
../drivers/MCAL/FTM.c:208:6:FTM_dma_mode	24	static
