../source/lib/fatfs/ff.c:618:13:ld_word	24	static
../source/lib/fatfs/ff.c:627:14:ld_dword	24	static
../source/lib/fatfs/ff.c:692:12:dbc_1st	16	static
../source/lib/fatfs/ff.c:712:12:dbc_2nd	16	static
../source/lib/fatfs/ff.c:1077:16:move_window	24	static
../source/lib/fatfs/ff.c:1144:14:clst2sect	16	static
../source/lib/fatfs/ff.c:1161:14:get_fat	32	static
../source/lib/fatfs/ff.c:1697:16:dir_sdi	32	static
../source/lib/fatfs/ff.c:1745:16:dir_next	32	static
../source/lib/fatfs/ff.c:1848:14:ld_clust	24	static
../source/lib/fatfs/ff.c:2306:16:dir_read	32	static
../source/lib/fatfs/ff.c:2384:16:dir_find	32	static
../source/lib/fatfs/ff.c:2617:13:get_fileinfo	32	static
../source/lib/fatfs/ff.c:2847:16:create_name	48	static
../source/lib/fatfs/ff.c:3051:16:follow_path	32	static
../source/lib/fatfs/ff.c:3138:12:get_ldnumber	40	static
../source/lib/fatfs/ff.c:3291:13:check_fs	24	static
../source/lib/fatfs/ff.c:3331:13:find_volume	40	static
../source/lib/fatfs/ff.c:3385:16:mount_volume	72	static
../source/lib/fatfs/ff.c:3613:16:validate	24	static
../source/lib/fatfs/ff.c:3657:9:f_mount	40	static
../source/lib/fatfs/ff.c:3717:9:f_open	80	static
../source/lib/fatfs/ff.c:3914:9:f_read	64	static
../source/lib/fatfs/ff.c:4216:9:f_close	24	static
../source/lib/fatfs/ff.c:4252:9:f_chdrive	24	static
../source/lib/fatfs/ff.c:4269:9:f_chdir	80	static
../source/lib/fatfs/ff.c:4331:9:f_getcwd	112	static
../source/lib/fatfs/ff.c:4433:9:f_lseek	40	static
../source/lib/fatfs/ff.c:4597:9:f_opendir	24	static
../source/lib/fatfs/ff.c:4663:9:f_closedir	24	static
../source/lib/fatfs/ff.c:4693:9:f_readdir	24	static
../source/lib/fatfs/ff.c:4781:9:f_stat	64	static
