D:\00-ITBA\LabdeMicros\FINAL\Eclipse\mp3_eclipse\frdmk64f_sdcard_fatfs\CMSIS/core_cm4.h:1679:22:__NVIC_EnableIRQ	16	static
D:\00-ITBA\LabdeMicros\FINAL\Eclipse\mp3_eclipse\frdmk64f_sdcard_fatfs\CMSIS/core_cm4.h:1770:22:__NVIC_ClearPendingIRQ	16	static
../drivers/MCAL/PDRV_DMA.c:53:6:dma_init	40	static
../drivers/MCAL/PDRV_DMA.c:77:14:dma_get_config	24	static
../drivers/MCAL/PDRV_DMA.c:81:6:dma_set_config	16	static
../drivers/MCAL/PDRV_DMA.c:138:6:dma_reset_major_count	16	static
../drivers/MCAL/PDRV_DMA.c:143:6:dma_set_major_callback	16	static
../drivers/MCAL/PDRV_DMA.c:147:6:dma_set_half_callback	16	static
../drivers/MCAL/PDRV_DMA.c:172:13:dma_irq_handler	16	static
../drivers/MCAL/PDRV_DMA.c:193:6:DMA0_IRQHandler	8	static
../drivers/MCAL/PDRV_DMA.c:194:6:DMA1_IRQHandler	8	static
../drivers/MCAL/PDRV_DMA.c:195:6:DMA2_IRQHandler	8	static
../drivers/MCAL/PDRV_DMA.c:196:6:DMA3_IRQHandler	8	static
../drivers/MCAL/PDRV_DMA.c:197:6:DMA4_IRQHandler	8	static
../drivers/MCAL/PDRV_DMA.c:198:6:DMA5_IRQHandler	8	static
../drivers/MCAL/PDRV_DMA.c:199:6:DMA6_IRQHandler	8	static
../drivers/MCAL/PDRV_DMA.c:200:6:DMA7_IRQHandler	8	static
../drivers/MCAL/PDRV_DMA.c:201:6:DMA8_IRQHandler	8	static
../drivers/MCAL/PDRV_DMA.c:202:6:DMA9_IRQHandler	8	static
../drivers/MCAL/PDRV_DMA.c:203:6:DMA10_IRQHandler	8	static
../drivers/MCAL/PDRV_DMA.c:204:6:DMA11_IRQHandler	8	static
../drivers/MCAL/PDRV_DMA.c:205:6:DMA12_IRQHandler	8	static
../drivers/MCAL/PDRV_DMA.c:206:6:DMA13_IRQHandler	8	static
../drivers/MCAL/PDRV_DMA.c:207:6:DMA14_IRQHandler	8	static
../drivers/MCAL/PDRV_DMA.c:208:6:DMA15_IRQHandler	8	static
../drivers/MCAL/PDRV_DMA.c:210:6:DMA_Error_IRQHandler	4	static
