D:\00-ITBA\LabdeMicros\FINAL\Eclipse\mp3_eclipse\frdmk64f_sdcard_fatfs\CMSIS/core_cm4.h:1679:22:__NVIC_EnableIRQ	16	static
../drivers/MCAL/PDRV_PIT.c:52:6:pit_init	16	static
../drivers/MCAL/PDRV_PIT.c:71:6:pit_enable	4	static
../drivers/MCAL/PDRV_PIT.c:75:6:pit_disable	4	static
../drivers/MCAL/PDRV_PIT.c:79:6:pit_set_frequency	16	static
../drivers/MCAL/PDRV_PIT.c:84:6:pit_set_callback	16	static
../drivers/MCAL/PDRV_PIT.c:88:6:pit_start_dma_transfer	16	static
../drivers/MCAL/PDRV_PIT.c:100:6:PIT0_IRQHandler	8	static
