../drivers/HAL/DRV_WaveGen.c:58:6:wavegen_init	48	static
../drivers/HAL/DRV_WaveGen.c:85:6:wavegen_set_samplerate	16	static
../drivers/HAL/DRV_WaveGen.c:89:10:wavegen_get_buffer_addr	4	static
../drivers/HAL/DRV_WaveGen.c:93:9:wavegen_get_buffer_max	4	static
../drivers/HAL/DRV_WaveGen.c:97:6:wavegen_increase_buffer_index	16	static
../drivers/HAL/DRV_WaveGen.c:101:6:wavegen_set_callback	16	static
../drivers/HAL/DRV_WaveGen.c:105:6:wavegen_start	32	static
../drivers/HAL/DRV_WaveGen.c:114:6:wavegen_resume	8	static
../drivers/HAL/DRV_WaveGen.c:119:6:wavegen_stop	8	static
../drivers/HAL/DRV_WaveGen.c:130:13:start_dma_transfer	8	static
../drivers/HAL/DRV_WaveGen.c:134:13:wavegen_isr	8	static
