../drivers/HAL/DRV_AudioControl.c:154:6:audioControllerInit	8	static
../drivers/HAL/DRV_AudioControl.c:166:6:loopAudioControl	16	static
../drivers/HAL/DRV_AudioControl.c:181:6:audioControllerLCDConfigOn	8	static
../drivers/HAL/DRV_AudioControl.c:196:16:getEvent	16	static
../drivers/HAL/DRV_AudioControl.c:248:13:eventHandlerNoneModeExplore	4	static
../drivers/HAL/DRV_AudioControl.c:252:13:eventHandlerNoneModePlay	4	static
../drivers/HAL/DRV_AudioControl.c:257:13:eventHandlerEncoderLeftModeExplore	296	static
../drivers/HAL/DRV_AudioControl.c:269:13:eventHandlerEncoderLeftModePlay	8	static
../drivers/HAL/DRV_AudioControl.c:283:13:eventHandlerEncoderRightModeExplore	296	static
../drivers/HAL/DRV_AudioControl.c:295:13:eventHandlerEncoderRightModePlay	8	static
../drivers/HAL/DRV_AudioControl.c:309:13:eventHandlerButton1ShortModeExplore	8	static
../drivers/HAL/DRV_AudioControl.c:320:13:eventHandlerButton1ShortModePlay	296	static
../drivers/HAL/DRV_AudioControl.c:342:13:eventHandlerButton1LongModeExplore	8	static
../drivers/HAL/DRV_AudioControl.c:365:13:eventHandlerButton1LongModePlay	8	static
../drivers/HAL/DRV_AudioControl.c:370:13:eventHandlerButton2ShortModeExplore	8	static
../drivers/HAL/DRV_AudioControl.c:400:13:eventHandlerButton2ShortModePlay	296	static
../drivers/HAL/DRV_AudioControl.c:421:13:eventHandlerButton2LongModeExplore	4	static
../drivers/HAL/DRV_AudioControl.c:428:13:eventHandlerButton2LongModePlay	8	static
../drivers/HAL/DRV_AudioControl.c:433:13:eventHandlerButtonEncShortModeExplore	296	static
../drivers/HAL/DRV_AudioControl.c:464:13:eventHandlerButtonEncShortModePlay	16	static
../drivers/HAL/DRV_AudioControl.c:483:13:eventHandlerButtonEncLongModeExplore	8	static
../drivers/HAL/DRV_AudioControl.c:497:13:eventHandlerButtonEncLongModePlay	8	static
../drivers/HAL/DRV_AudioControl.c:520:13:reprintName	8	static
