C:\Users\fn_mo\Documents\MCUXpressoIDE_11.8.0_1165\workspace\MP3-Final_sdcard_fatfs\drivers\fsl/fsl_sdhc.h:643:20:SDHC_EnableInterruptStatus	16	static
C:\Users\fn_mo\Documents\MCUXpressoIDE_11.8.0_1165\workspace\MP3-Final_sdcard_fatfs\drivers\fsl/fsl_sdhc.h:654:20:SDHC_DisableInterruptStatus	16	static
C:\Users\fn_mo\Documents\MCUXpressoIDE_11.8.0_1165\workspace\MP3-Final_sdcard_fatfs\drivers\fsl/fsl_sdhc.h:665:20:SDHC_EnableInterruptSignal	16	static
C:\Users\fn_mo\Documents\MCUXpressoIDE_11.8.0_1165\workspace\MP3-Final_sdcard_fatfs\drivers\fsl/fsl_sdhc.h:676:20:SDHC_DisableInterruptSignal	16	static
C:\Users\fn_mo\Documents\MCUXpressoIDE_11.8.0_1165\workspace\MP3-Final_sdcard_fatfs\drivers\fsl/fsl_sdhc.h:718:20:SDHC_ClearInterruptStatusFlags	16	static
C:\Users\fn_mo\Documents\MCUXpressoIDE_11.8.0_1165\workspace\MP3-Final_sdcard_fatfs\drivers\fsl/fsl_sdhc.h:753:24:SDHC_GetPresentStatusFlags	16	static
C:\Users\fn_mo\Documents\MCUXpressoIDE_11.8.0_1165\workspace\MP3-Final_sdcard_fatfs\drivers\fsl/fsl_sdhc.h:821:20:SDHC_SetDataBusWidth	16	static
C:\Users\fn_mo\Documents\MCUXpressoIDE_11.8.0_1165\workspace\MP3-Final_sdcard_fatfs\drivers\fsl/fsl_sdhc.h:832:20:SDHC_CardDetectByData3	16	static
../sdmmc/host/fsl_sdmmc_host.h:210:20:SDMMCHOST_EnableCardInt	16	static
../sdmmc/host/fsl_sdmmc_host.c:53:13:SDMMCHOST_DetectCardInsertByHost	24	static
../sdmmc/host/fsl_sdmmc_host.c:81:13:SDMMCHOST_DetectCardRemoveByHost	24	static
../sdmmc/host/fsl_sdmmc_host.c:108:13:SDMMCHOST_CardInterrupt	24	static
../sdmmc/host/fsl_sdmmc_host.c:123:10:SDMMCHOST_CardIntInit	16	static
../sdmmc/host/fsl_sdmmc_host.c:132:10:SDMMCHOST_CardDetectInit	24	static
../sdmmc/host/fsl_sdmmc_host.c:166:10:SDMMCHOST_CardDetectStatus	24	static
../sdmmc/host/fsl_sdmmc_host.c:191:10:SDMMCHOST_PollingCardDetectStatus	32	static
../sdmmc/host/fsl_sdmmc_host.c:252:13:SDMMCHOST_TransferCompleteCallback	32	static
../sdmmc/host/fsl_sdmmc_host.c:276:10:SDMMCHOST_TransferFunction	40	static
../sdmmc/host/fsl_sdmmc_host.c:337:13:SDMMCHOST_ErrorRecovery	24	static
../sdmmc/host/fsl_sdmmc_host.c:356:6:SDMMCHOST_ConvertDataToLittleEndian	56	static
../sdmmc/host/fsl_sdmmc_host.c:392:10:SDMMCHOST_Init	48	static
../sdmmc/host/fsl_sdmmc_host.c:436:6:SDMMCHOST_Reset	16	static
../sdmmc/host/fsl_sdmmc_host.c:441:6:SDMMCHOST_SetCardBusWidth	16	static
../sdmmc/host/fsl_sdmmc_host.c:450:6:SDMMCHOST_Deinit	24	static
