../lib/fatfs/source/ff.c:610:13:ld_word	24	static
../lib/fatfs/source/ff.c:619:14:ld_dword	24	static
../lib/fatfs/source/ff.c:684:13:mem_cpy	32	static
../lib/fatfs/source/ff.c:698:13:mem_set	32	static
../lib/fatfs/source/ff.c:709:12:mem_cmp	40	static
../lib/fatfs/source/ff.c:723:12:chk_chr	16	static
../lib/fatfs/source/ff.c:731:12:dbc_1st	16	static
../lib/fatfs/source/ff.c:751:12:dbc_2nd	16	static
../lib/fatfs/source/ff.c:775:14:tchar2uni	32	static
../lib/fatfs/source/ff.c:848:13:put_utf	32	static
../lib/fatfs/source/ff.c:1094:16:move_window	24	static
../lib/fatfs/source/ff.c:1161:14:clst2sect	16	static
../lib/fatfs/source/ff.c:1178:14:get_fat	32	static
../lib/fatfs/source/ff.c:1713:16:dir_sdi	32	static
../lib/fatfs/source/ff.c:1761:16:dir_next	32	static
../lib/fatfs/source/ff.c:1864:14:ld_clust	24	static
../lib/fatfs/source/ff.c:1901:12:cmp_lfn	40	static
../lib/fatfs/source/ff.c:1937:12:pick_lfn	32	static
../lib/fatfs/source/ff.c:2070:13:sum_sfn	24	static
../lib/fatfs/source/ff.c:2364:16:dir_read	32	static
../lib/fatfs/source/ff.c:2442:16:dir_find	32	static
../lib/fatfs/source/ff.c:2675:13:get_fileinfo	40	static
../lib/fatfs/source/ff.c:2864:16:create_name	48	static
../lib/fatfs/source/ff.c:3065:16:follow_path	32	static
../lib/fatfs/source/ff.c:3152:12:get_ldnumber	40	static
../lib/fatfs/source/ff.c:3298:13:check_fs	24	static
../lib/fatfs/source/ff.c:3335:13:find_volume	40	static
../lib/fatfs/source/ff.c:3389:16:mount_volume	72	static
../lib/fatfs/source/ff.c:3618:16:validate	24	static
../lib/fatfs/source/ff.c:3662:9:f_mount	40	static
../lib/fatfs/source/ff.c:3710:9:f_open	80	static
../lib/fatfs/source/ff.c:3907:9:f_read	64	static
../lib/fatfs/source/ff.c:4211:9:f_close	24	static
../lib/fatfs/source/ff.c:4247:9:f_chdrive	24	static
../lib/fatfs/source/ff.c:4264:9:f_chdir	80	static
../lib/fatfs/source/ff.c:4326:9:f_getcwd	376	static
../lib/fatfs/source/ff.c:4426:9:f_lseek	40	static
../lib/fatfs/source/ff.c:4589:9:f_opendir	24	static
../lib/fatfs/source/ff.c:4655:9:f_closedir	24	static
../lib/fatfs/source/ff.c:4685:9:f_readdir	24	static
../lib/fatfs/source/ff.c:4773:9:f_stat	72	static
../lib/fatfs/source/ff.c:6393:8:f_gets	48	static
